Archive member included to satisfy reference by file (symbol)

/Applications/STM32CubeIDE.app/Contents/Eclipse/plugins/com.st.stm32cube.ide.mcu.externaltools.gnu-tools-for-stm32.10.3-2021.10.macos64_1.0.100.202210260954/tools/bin/../lib/gcc/arm-none-eabi/10.3.1/../../../../arm-none-eabi/lib/thumb/v7e-m+fp/hard/libc_nano.a(lib_a-errno.o)
                              ./Core/Src/syscalls.o (__errno)
/Applications/STM32CubeIDE.app/Contents/Eclipse/plugins/com.st.stm32cube.ide.mcu.externaltools.gnu-tools-for-stm32.10.3-2021.10.macos64_1.0.100.202210260954/tools/bin/../lib/gcc/arm-none-eabi/10.3.1/../../../../arm-none-eabi/lib/thumb/v7e-m+fp/hard/libc_nano.a(lib_a-exit.o)
                              /Applications/STM32CubeIDE.app/Contents/Eclipse/plugins/com.st.stm32cube.ide.mcu.externaltools.gnu-tools-for-stm32.10.3-2021.10.macos64_1.0.100.202210260954/tools/bin/../lib/gcc/arm-none-eabi/10.3.1/../../../../arm-none-eabi/lib/thumb/v7e-m+fp/hard/crt0.o (exit)
/Applications/STM32CubeIDE.app/Contents/Eclipse/plugins/com.st.stm32cube.ide.mcu.externaltools.gnu-tools-for-stm32.10.3-2021.10.macos64_1.0.100.202210260954/tools/bin/../lib/gcc/arm-none-eabi/10.3.1/../../../../arm-none-eabi/lib/thumb/v7e-m+fp/hard/libc_nano.a(lib_a-findfp.o)
                              ./Middlewares/Third_Party/FreeRTOS/Source/tasks.o (__sf_fake_stderr)
/Applications/STM32CubeIDE.app/Contents/Eclipse/plugins/com.st.stm32cube.ide.mcu.externaltools.gnu-tools-for-stm32.10.3-2021.10.macos64_1.0.100.202210260954/tools/bin/../lib/gcc/arm-none-eabi/10.3.1/../../../../arm-none-eabi/lib/thumb/v7e-m+fp/hard/libc_nano.a(lib_a-fwalk.o)
                              /Applications/STM32CubeIDE.app/Contents/Eclipse/plugins/com.st.stm32cube.ide.mcu.externaltools.gnu-tools-for-stm32.10.3-2021.10.macos64_1.0.100.202210260954/tools/bin/../lib/gcc/arm-none-eabi/10.3.1/../../../../arm-none-eabi/lib/thumb/v7e-m+fp/hard/libc_nano.a(lib_a-findfp.o) (_fwalk)
/Applications/STM32CubeIDE.app/Contents/Eclipse/plugins/com.st.stm32cube.ide.mcu.externaltools.gnu-tools-for-stm32.10.3-2021.10.macos64_1.0.100.202210260954/tools/bin/../lib/gcc/arm-none-eabi/10.3.1/../../../../arm-none-eabi/lib/thumb/v7e-m+fp/hard/libc_nano.a(lib_a-impure.o)
                              /Applications/STM32CubeIDE.app/Contents/Eclipse/plugins/com.st.stm32cube.ide.mcu.externaltools.gnu-tools-for-stm32.10.3-2021.10.macos64_1.0.100.202210260954/tools/bin/../lib/gcc/arm-none-eabi/10.3.1/../../../../arm-none-eabi/lib/thumb/v7e-m+fp/hard/libc_nano.a(lib_a-exit.o) (_global_impure_ptr)
/Applications/STM32CubeIDE.app/Contents/Eclipse/plugins/com.st.stm32cube.ide.mcu.externaltools.gnu-tools-for-stm32.10.3-2021.10.macos64_1.0.100.202210260954/tools/bin/../lib/gcc/arm-none-eabi/10.3.1/../../../../arm-none-eabi/lib/thumb/v7e-m+fp/hard/libc_nano.a(lib_a-init.o)
                              /Applications/STM32CubeIDE.app/Contents/Eclipse/plugins/com.st.stm32cube.ide.mcu.externaltools.gnu-tools-for-stm32.10.3-2021.10.macos64_1.0.100.202210260954/tools/bin/../lib/gcc/arm-none-eabi/10.3.1/../../../../arm-none-eabi/lib/thumb/v7e-m+fp/hard/crt0.o (__libc_init_array)
/Applications/STM32CubeIDE.app/Contents/Eclipse/plugins/com.st.stm32cube.ide.mcu.externaltools.gnu-tools-for-stm32.10.3-2021.10.macos64_1.0.100.202210260954/tools/bin/../lib/gcc/arm-none-eabi/10.3.1/../../../../arm-none-eabi/lib/thumb/v7e-m+fp/hard/libc_nano.a(lib_a-lock.o)
                              /Applications/STM32CubeIDE.app/Contents/Eclipse/plugins/com.st.stm32cube.ide.mcu.externaltools.gnu-tools-for-stm32.10.3-2021.10.macos64_1.0.100.202210260954/tools/bin/../lib/gcc/arm-none-eabi/10.3.1/../../../../arm-none-eabi/lib/thumb/v7e-m+fp/hard/libc_nano.a(lib_a-findfp.o) (__retarget_lock_init_recursive)
/Applications/STM32CubeIDE.app/Contents/Eclipse/plugins/com.st.stm32cube.ide.mcu.externaltools.gnu-tools-for-stm32.10.3-2021.10.macos64_1.0.100.202210260954/tools/bin/../lib/gcc/arm-none-eabi/10.3.1/../../../../arm-none-eabi/lib/thumb/v7e-m+fp/hard/libc_nano.a(lib_a-memcpy-stub.o)
                              ./Middlewares/Third_Party/FreeRTOS/Source/CMSIS_RTOS_V2/cmsis_os2.o (memcpy)
/Applications/STM32CubeIDE.app/Contents/Eclipse/plugins/com.st.stm32cube.ide.mcu.externaltools.gnu-tools-for-stm32.10.3-2021.10.macos64_1.0.100.202210260954/tools/bin/../lib/gcc/arm-none-eabi/10.3.1/../../../../arm-none-eabi/lib/thumb/v7e-m+fp/hard/libc_nano.a(lib_a-memset.o)
                              /Applications/STM32CubeIDE.app/Contents/Eclipse/plugins/com.st.stm32cube.ide.mcu.externaltools.gnu-tools-for-stm32.10.3-2021.10.macos64_1.0.100.202210260954/tools/bin/../lib/gcc/arm-none-eabi/10.3.1/../../../../arm-none-eabi/lib/thumb/v7e-m+fp/hard/crt0.o (memset)
/Applications/STM32CubeIDE.app/Contents/Eclipse/plugins/com.st.stm32cube.ide.mcu.externaltools.gnu-tools-for-stm32.10.3-2021.10.macos64_1.0.100.202210260954/tools/bin/../lib/gcc/arm-none-eabi/10.3.1/../../../../arm-none-eabi/lib/thumb/v7e-m+fp/hard/libc_nano.a(lib_a-nano-mallocr.o)
[...]
Memory Configuration

Name             Origin             Length             Attributes
CCMRAM           0x0000000010000000 0x0000000000010000 xrw
RAM              0x0000000020000000 0x0000000000020000 xrw
FLASH            0x0000000008000000 0x0000000000100000 xr
*default*        0x0000000000000000 0xffffffffffffffff

Linker script and memory map

LOAD /Applications/STM32CubeIDE.app/Contents/Eclipse/plugins/com.st.stm32cube.ide.mcu.externaltools.gnu-tools-for-stm32.10.3-2021.10.macos64_1.0.100.202210260954/tools/bin/../lib/gcc/arm-none-eabi/10.3.1/thumb/v7e-m+fp/hard/crti.o
LOAD /Applications/STM32CubeIDE.app/Contents/Eclipse/plugins/com.st.stm32cube.ide.mcu.externaltools.gnu-tools-for-stm32.10.3-2021.10.macos64_1.0.100.202210260954/tools/bin/../lib/gcc/arm-none-eabi/10.3.1/thumb/v7e-m+fp/hard/crtbegin.o
LOAD /Applications/STM32CubeIDE.app/Contents/Eclipse/plugins/com.st.stm32cube.ide.mcu.externaltools.gnu-tools-for-stm32.10.3-2021.10.macos64_1.0.100.202210260954/tools/bin/../lib/gcc/arm-none-eabi/10.3.1/../../../../arm-none-eabi/lib/thumb/v7e-m+fp/hard/crt0.o
LOAD ./Core/Src/freertos.o
LOAD ./Core/Src/main.o
LOAD ./Core/Src/stm32f4xx_hal_msp.o
LOAD ./Core/Src/stm32f4xx_hal_timebase_tim.o
LOAD ./Core/Src/stm32f4xx_it.o
LOAD ./Core/Src/syscalls.o
LOAD ./Core/Src/sysmem.o
LOAD ./Core/Src/system_stm32f4xx.o
LOAD ./Core/Startup/startup_stm32f407vgtx.o
LOAD ./Drivers/STM32F4xx_HAL_Driver/Src/stm32f4xx_hal.o
LOAD ./Drivers/STM32F4xx_HAL_Driver/Src/stm32f4xx_hal_cortex.o
LOAD ./Drivers/STM32F4xx_HAL_Driver/Src/stm32f4xx_hal_dma.o
LOAD ./Drivers/STM32F4xx_HAL_Driver/Src/stm32f4xx_hal_dma_ex.o
LOAD ./Drivers/STM32F4xx_HAL_Driver/Src/stm32f4xx_hal_exti.o
LOAD ./Drivers/STM32F4xx_HAL_Driver/Src/stm32f4xx_hal_flash.o
LOAD ./Drivers/STM32F4xx_HAL_Driver/Src/stm32f4xx_hal_flash_ex.o
LOAD ./Drivers/STM32F4xx_HAL_Driver/Src/stm32f4xx_hal_flash_ramfunc.o
LOAD ./Drivers/STM32F4xx_HAL_Driver/Src/stm32f4xx_hal_gpio.o
LOAD ./Drivers/STM32F4xx_HAL_Driver/Src/stm32f4xx_hal_pcd.o
LOAD ./Drivers/STM32F4xx_HAL_Driver/Src/stm32f4xx_hal_pcd_ex.o
LOAD ./Drivers/STM32F4xx_HAL_Driver/Src/stm32f4xx_hal_pwr.o
LOAD ./Drivers/STM32F4xx_HAL_Driver/Src/stm32f4xx_hal_pwr_ex.o
LOAD ./Drivers/STM32F4xx_HAL_Driver/Src/stm32f4xx_hal_rcc.o
LOAD ./Drivers/STM32F4xx_HAL_Driver/Src/stm32f4xx_hal_rcc_ex.o
LOAD ./Drivers/STM32F4xx_HAL_Driver/Src/stm32f4xx_hal_tim.o
LOAD ./Drivers/STM32F4xx_HAL_Driver/Src/stm32f4xx_hal_tim_ex.o
LOAD ./Drivers/STM32F4xx_HAL_Driver/Src/stm32f4xx_ll_usb.o
LOAD ./Middlewares/ST/STM32_USB_Device_Library/Class/CDC/Src/usbd_cdc.o
LOAD ./Middlewares/ST/STM32_USB_Device_Library/Core/Src/usbd_core.o
LOAD ./Middlewares/ST/STM32_USB_Device_Library/Core/Src/usbd_ctlreq.o
LOAD ./Middlewares/ST/STM32_USB_Device_Library/Core/Src/usbd_ioreq.o
LOAD ./Middlewares/Third_Party/FreeRTOS/Source/CMSIS_RTOS_V2/cmsis_os2.o
LOAD ./Middlewares/Third_Party/FreeRTOS/Source/croutine.o
LOAD ./Middlewares/Third_Party/FreeRTOS/Source/event_groups.o
LOAD ./Middlewares/Third_Party/FreeRTOS/Source/list.o
LOAD ./Middlewares/Third_Party/FreeRTOS/Source/queue.o
LOAD ./Middlewares/Third_Party/FreeRTOS/Source/stream_buffer.o
LOAD ./Middlewares/Third_Party/FreeRTOS/Source/tasks.o
LOAD ./Middlewares/Third_Party/FreeRTOS/Source/timers.o
LOAD ./Middlewares/Third_Party/FreeRTOS/Source/portable/GCC/ARM_CM4F/port.o
LOAD ./Middlewares/Third_Party/FreeRTOS/Source/portable/MemMang/heap_4.o
LOAD ./USB_DEVICE/App/usb_device.o
LOAD ./USB_DEVICE/App/usbd_cdc_if.o
LOAD ./USB_DEVICE/App/usbd_desc.o
LOAD ./USB_DEVICE/Target/usbd_conf.o
START GROUP
LOAD /Applications/STM32CubeIDE.app/Contents/Eclipse/plugins/com.st.stm32cube.ide.mcu.externaltools.gnu-tools-for-stm32.10.3-2021.10.macos64_1.0.100.202210260954/tools/bin/../lib/gcc/arm-none-eabi/10.3.1/../../../../arm-none-eabi/lib/thumb/v7e-m+fp/hard/libc_nano.a
LOAD /Applications/STM32CubeIDE.app/Contents/Eclipse/plugins/com.st.stm32cube.ide.mcu.externaltools.gnu-tools-for-stm32.10.3-2021.10.macos64_1.0.100.202210260954/tools/bin/../lib/gcc/arm-none-eabi/10.3.1/../../../../arm-none-eabi/lib/thumb/v7e-m+fp/hard/libm.a
END GROUP
START GROUP
LOAD /Applications/STM32CubeIDE.app/Contents/Eclipse/plugins/com.st.stm32cube.ide.mcu.externaltools.gnu-tools-for-stm32.10.3-2021.10.macos64_1.0.100.202210260954/tools/bin/../lib/gcc/arm-none-eabi/10.3.1/thumb/v7e-m+fp/hard/libgcc.a
LOAD /Applications/STM32CubeIDE.app/Contents/Eclipse/plugins/com.st.stm32cube.ide.mcu.externaltools.gnu-tools-for-stm32.10.3-2021.10.macos64_1.0.100.202210260954/tools/bin/../lib/gcc/arm-none-eabi/10.3.1/../../../../arm-none-eabi/lib/thumb/v7e-m+fp/hard/libc_nano.a
END GROUP
START GROUP
LOAD /Applications/STM32CubeIDE.app/Contents/Eclipse/plugins/com.st.stm32cube.ide.mcu.externaltools.gnu-tools-for-stm32.10.3-2021.10.macos64_1.0.100.202210260954/tools/bin/../lib/gcc/arm-none-eabi/10.3.1/thumb/v7e-m+fp/hard/libgcc.a
LOAD /Applications/STM32CubeIDE.app/Contents/Eclipse/plugins/com.st.stm32cube.ide.mcu.externaltools.gnu-tools-for-stm32.10.3-2021.10.macos64_1.0.100.202210260954/tools/bin/../lib/gcc/arm-none-eabi/10.3.1/../../../../arm-none-eabi/lib/thumb/v7e-m+fp/hard/libc_nano.a
LOAD /Applications/STM32CubeIDE.app/Contents/Eclipse/plugins/com.st.stm32cube.ide.mcu.externaltools.gnu-tools-for-stm32.10.3-2021.10.macos64_1.0.100.202210260954/tools/bin/../lib/gcc/arm-none-eabi/10.3.1/../../../../arm-none-eabi/lib/thumb/v7e-m+fp/hard/libnosys.a
END GROUP
START GROUP
LOAD /Applications/STM32CubeIDE.app/Contents/Eclipse/plugins/com.st.stm32cube.ide.mcu.externaltools.gnu-tools-for-stm32.10.3-2021.10.macos64_1.0.100.202210260954/tools/bin/../lib/gcc/arm-none-eabi/10.3.1/thumb/v7e-m+fp/hard/libgcc.a
LOAD /Applications/STM32CubeIDE.app/Contents/Eclipse/plugins/com.st.stm32cube.ide.mcu.externaltools.gnu-tools-for-stm32.10.3-2021.10.macos64_1.0.100.202210260954/tools/bin/../lib/gcc/arm-none-eabi/10.3.1/../../../../arm-none-eabi/lib/thumb/v7e-m+fp/hard/libc_nano.a
LOAD /Applications/STM32CubeIDE.app/Contents/Eclipse/plugins/com.st.stm32cube.ide.mcu.externaltools.gnu-tools-for-stm32.10.3-2021.10.macos64_1.0.100.202210260954/tools/bin/../lib/gcc/arm-none-eabi/10.3.1/../../../../arm-none-eabi/lib/thumb/v7e-m+fp/hard/libnosys.a
END GROUP
LOAD /Applications/STM32CubeIDE.app/Contents/Eclipse/plugins/com.st.stm32cube.ide.mcu.externaltools.gnu-tools-for-stm32.10.3-2021.10.macos64_1.0.100.202210260954/tools/bin/../lib/gcc/arm-none-eabi/10.3.1/thumb/v7e-m+fp/hard/crtend.o
LOAD /Applications/STM32CubeIDE.app/Contents/Eclipse/plugins/com.st.stm32cube.ide.mcu.externaltools.gnu-tools-for-stm32.10.3-2021.10.macos64_1.0.100.202210260954/tools/bin/../lib/gcc/arm-none-eabi/10.3.1/thumb/v7e-m+fp/hard/crtn.o
                0x0000000020020000                _estack = (ORIGIN (RAM) + LENGTH (RAM))
                0x0000000000000200                _Min_Heap_Size = 0x200
                0x0000000000000400                _Min_Stack_Size = 0x400

.isr_vector     0x0000000008000000      0x188
                0x0000000008000000                . = ALIGN (0x4)
 *(.isr_vector)
 .isr_vector    0x0000000008000000      0x188 ./Core/Startup/startup_stm32f407vgtx.o
                0x0000000008000000                g_pfnVectors
                0x0000000008000188                . = ALIGN (0x4)

.text           0x0000000008000190     0xa75c
                0x0000000008000190                . = ALIGN (0x4)
 *(.text)
 .text          0x0000000008000190       0x40 /Applications/STM32CubeIDE.app/Contents/Eclipse/plugins/com.st.stm32cube.ide.mcu.externaltools.gnu-tools-for-stm32.10.3-2021.10.macos64_1.0.100.202210260954/tools/bin/../lib/gcc/arm-none-eabi/10.3.1/thumb/v7e-m+fp/hard/crtbegin.o
 .text          0x00000000080001d0       0x30 /Applications/STM32CubeIDE.app/Contents/Eclipse/plugins/com.st.stm32cube.ide.mcu.externaltools.gnu-tools-for-stm32.10.3-2021.10.macos64_1.0.100.202210260954/tools/bin/../lib/gcc/arm-none-eabi/10.3.1/thumb/v7e-m+fp/hard/libgcc.a(_aeabi_uldivmod.o)
                0x00000000080001d0                __aeabi_uldivmod
 .text          0x0000000008000200      0x2d0 /Applications/STM32CubeIDE.app/Contents/Eclipse/plugins/com.st.stm32cube.ide.mcu.externaltools.gnu-tools-for-stm32.10.3-2021.10.macos64_1.0.100.202210260954/tools/bin/../lib/gcc/arm-none-eabi/10.3.1/thumb/v7e-m+fp/hard/libgcc.a(_udivmoddi4.o)
                0x0000000008000200                __udivmoddi4
 .text          0x00000000080004d0        0x4 /Applications/STM32CubeIDE.app/Contents/Eclipse/plugins/com.st.stm32cube.ide.mcu.externaltools.gnu-tools-for-stm32.10.3-2021.10.macos64_1.0.100.202210260954/tools/bin/../lib/gcc/arm-none-eabi/10.3.1/thumb/v7e-m+fp/hard/libgcc.a(_dvmd_tls.o)
                0x00000000080004d0                __aeabi_ldiv0
                0x00000000080004d0                __aeabi_idiv0
 *(.text*)
 .text.main     0x00000000080004d4       0x38 ./Core/Src/main.o
                0x00000000080004d4                main
 .text.SystemClock_Config
                0x000000000800050c       0xd4 ./Core/Src/main.o
                0x000000000800050c                SystemClock_Config
 .text.MX_GPIO_Init
                0x00000000080005e0       0x50 ./Core/Src/main.o
 .text.StartDefaultTask
                0x0000000008000630       0x2c ./Core/Src/main.o
                0x0000000008000630                StartDefaultTask
 .text.HAL_TIM_PeriodElapsedCallback
                0x000000000800065c       0x24 ./Core/Src/main.o
                0x000000000800065c                HAL_TIM_PeriodElapsedCallback
 .text.Error_Handler
                0x0000000008000680        0xa ./Core/Src/main.o
                0x0000000008000680                Error_Handler
 *fill*         0x000000000800068a        0x2 
 .text.HAL_MspInit
                0x000000000800068c       0x58 ./Core/Src/stm32f4xx_hal_msp.o
                0x000000000800068c                HAL_MspInit
 .text.HAL_InitTick
                0x00000000080006e4       0xe8 ./Core/Src/stm32f4xx_hal_timebase_tim.o
                0x00000000080006e4                HAL_InitTick
 .text.NMI_Handler
                0x00000000080007cc        0x6 ./Core/Src/stm32f4xx_it.o
                0x00000000080007cc                NMI_Handler
 .text.HardFault_Handler
                0x00000000080007d2        0x6 ./Core/Src/stm32f4xx_it.o
                0x00000000080007d2                HardFault_Handler
 .text.MemManage_Handler
                0x00000000080007d8        0x6 ./Core/Src/stm32f4xx_it.o
                0x00000000080007d8                MemManage_Handler
 .text.BusFault_Handler
                0x00000000080007de        0x6 ./Core/Src/stm32f4xx_it.o
                0x00000000080007de                BusFault_Handler
 .text.UsageFault_Handler
                0x00000000080007e4        0x6 ./Core/Src/stm32f4xx_it.o
                0x00000000080007e4                UsageFault_Handler
 .text.DebugMon_Handler
                0x00000000080007ea        0xe ./Core/Src/stm32f4xx_it.o
                0x00000000080007ea                DebugMon_Handler
 .text.TIM1_UP_TIM10_IRQHandler
                0x00000000080007f8       0x14 ./Core/Src/stm32f4xx_it.o
                0x00000000080007f8                TIM1_UP_TIM10_IRQHandler
 .text.OTG_FS_IRQHandler
                0x000000000800080c       0x14 ./Core/Src/stm32f4xx_it.o
                0x000000000800080c                OTG_FS_IRQHandler
 .text.SystemInit
                0x0000000008000820       0x24 ./Core/Src/system_stm32f4xx.o
                0x0000000008000820                SystemInit
 .text.Reset_Handler
                0x0000000008000844       0x50 ./Core/Startup/startup_stm32f407vgtx.o
                0x0000000008000844                Reset_Handler
 .text.Default_Handler
                0x0000000008000894        0x2 ./Core/Startup/startup_stm32f407vgtx.o
                0x0000000008000894                DMA1_Stream3_IRQHandler
                0x0000000008000894                HASH_RNG_IRQHandler
                0x0000000008000894                EXTI2_IRQHandler
                0x0000000008000894                TIM8_CC_IRQHandler
                0x0000000008000894                TIM1_CC_IRQHandler
                0x0000000008000894                DMA2_Stream5_IRQHandler
                0x0000000008000894                DMA1_Stream5_IRQHandler
                0x0000000008000894                PVD_IRQHandler
                0x0000000008000894                SDIO_IRQHandler
                0x0000000008000894                TAMP_STAMP_IRQHandler
                0x0000000008000894                CAN2_RX1_IRQHandler
                0x0000000008000894                EXTI3_IRQHandler
                0x0000000008000894                TIM8_TRG_COM_TIM14_IRQHandler
                0x0000000008000894                TIM8_UP_TIM13_IRQHandler
                0x0000000008000894                I2C3_ER_IRQHandler
                0x0000000008000894                EXTI0_IRQHandler
                0x0000000008000894                I2C2_EV_IRQHandler
                0x0000000008000894                DMA1_Stream2_IRQHandler
                0x0000000008000894                CAN1_RX0_IRQHandler
                0x0000000008000894                FPU_IRQHandler
                0x0000000008000894                OTG_HS_WKUP_IRQHandler
                0x0000000008000894                CAN2_SCE_IRQHandler
                0x0000000008000894                DMA2_Stream2_IRQHandler
                0x0000000008000894                SPI1_IRQHandler
                0x0000000008000894                TIM6_DAC_IRQHandler
                0x0000000008000894                TIM1_BRK_TIM9_IRQHandler
                0x0000000008000894                DCMI_IRQHandler
                0x0000000008000894                CAN2_RX0_IRQHandler
                0x0000000008000894                DMA2_Stream3_IRQHandler
                0x0000000008000894                USART6_IRQHandler
                0x0000000008000894                USART3_IRQHandler
                0x0000000008000894                CAN1_RX1_IRQHandler
                0x0000000008000894                UART5_IRQHandler
                0x0000000008000894                DMA2_Stream0_IRQHandler
                0x0000000008000894                TIM4_IRQHandler
                0x0000000008000894                I2C1_EV_IRQHandler
                0x0000000008000894                DMA1_Stream6_IRQHandler
                0x0000000008000894                DMA1_Stream1_IRQHandler
                0x0000000008000894                UART4_IRQHandler
                0x0000000008000894                TIM3_IRQHandler
                0x0000000008000894                RCC_IRQHandler
                0x0000000008000894                TIM8_BRK_TIM12_IRQHandler
                0x0000000008000894                Default_Handler
                0x0000000008000894                EXTI15_10_IRQHandler
                0x0000000008000894                ADC_IRQHandler
                0x0000000008000894                DMA1_Stream7_IRQHandler
                0x0000000008000894                TIM7_IRQHandler
                0x0000000008000894                CAN2_TX_IRQHandler
                0x0000000008000894                TIM5_IRQHandler
                0x0000000008000894                DMA2_Stream7_IRQHandler
                0x0000000008000894                I2C3_EV_IRQHandler
                0x0000000008000894                EXTI9_5_IRQHandler
                0x0000000008000894                RTC_WKUP_IRQHandler
                0x0000000008000894                ETH_WKUP_IRQHandler
                0x0000000008000894                SPI2_IRQHandler
                0x0000000008000894                OTG_HS_EP1_IN_IRQHandler
                0x0000000008000894                DMA1_Stream0_IRQHandler
                0x0000000008000894                CAN1_TX_IRQHandler
                0x0000000008000894                EXTI4_IRQHandler
                0x0000000008000894                FSMC_IRQHandler
                0x0000000008000894                ETH_IRQHandler
                0x0000000008000894                OTG_HS_EP1_OUT_IRQHandler
                0x0000000008000894                WWDG_IRQHandler
                0x0000000008000894                TIM2_IRQHandler
                0x0000000008000894                OTG_FS_WKUP_IRQHandler
                0x0000000008000894                TIM1_TRG_COM_TIM11_IRQHandler
                0x0000000008000894                OTG_HS_IRQHandler
                0x0000000008000894                EXTI1_IRQHandler
                0x0000000008000894                USART2_IRQHandler
                0x0000000008000894                I2C2_ER_IRQHandler
                0x0000000008000894                DMA2_Stream1_IRQHandler
                0x0000000008000894                CAN1_SCE_IRQHandler
                0x0000000008000894                FLASH_IRQHandler
                0x0000000008000894                DMA2_Stream4_IRQHandler
                0x0000000008000894                USART1_IRQHandler
                0x0000000008000894                SPI3_IRQHandler
                0x0000000008000894                DMA1_Stream4_IRQHandler
                0x0000000008000894                I2C1_ER_IRQHandler
                0x0000000008000894                DMA2_Stream6_IRQHandler
                0x0000000008000894                RTC_Alarm_IRQHandler
 *fill*         0x0000000008000896        0x2 
 .text.HAL_Init
                0x0000000008000898       0x44 ./Drivers/STM32F4xx_HAL_Driver/Src/stm32f4xx_hal.o
                0x0000000008000898                HAL_Init
 .text.HAL_IncTick
                0x00000000080008dc       0x28 ./Drivers/STM32F4xx_HAL_Driver/Src/stm32f4xx_hal.o
                0x00000000080008dc                HAL_IncTick
 .text.HAL_GetTick
                0x0000000008000904       0x18 ./Drivers/STM32F4xx_HAL_Driver/Src/stm32f4xx_hal.o
                0x0000000008000904                HAL_GetTick
 .text.HAL_Delay
                0x000000000800091c       0x48 ./Drivers/STM32F4xx_HAL_Driver/Src/stm32f4xx_hal.o
                0x000000000800091c                HAL_Delay
 .text.__NVIC_SetPriorityGrouping
                0x0000000008000964       0x48 ./Drivers/STM32F4xx_HAL_Driver/Src/stm32f4xx_hal_cortex.o
 .text.__NVIC_GetPriorityGrouping
                0x00000000080009ac       0x1c ./Drivers/STM32F4xx_HAL_Driver/Src/stm32f4xx_hal_cortex.o
 .text.__NVIC_EnableIRQ
                0x00000000080009c8       0x3c ./Drivers/STM32F4xx_HAL_Driver/Src/stm32f4xx_hal_cortex.o
 .text.__NVIC_SetPriority
                0x0000000008000a04       0x54 ./Drivers/STM32F4xx_HAL_Driver/Src/stm32f4xx_hal_cortex.o
 .text.NVIC_EncodePriority
                0x0000000008000a58       0x66 ./Drivers/STM32F4xx_HAL_Driver/Src/stm32f4xx_hal_cortex.o
 .text.HAL_NVIC_SetPriorityGrouping
                0x0000000008000abe       0x16 ./Drivers/STM32F4xx_HAL_Driver/Src/stm32f4xx_hal_cortex.o
                0x0000000008000abe                HAL_NVIC_SetPriorityGrouping
 .text.HAL_NVIC_SetPriority
                0x0000000008000ad4       0x38 ./Drivers/STM32F4xx_HAL_Driver/Src/stm32f4xx_hal_cortex.o
                0x0000000008000ad4                HAL_NVIC_SetPriority
 .text.HAL_NVIC_EnableIRQ
                0x0000000008000b0c       0x1c ./Drivers/STM32F4xx_HAL_Driver/Src/stm32f4xx_hal_cortex.o
                0x0000000008000b0c                HAL_NVIC_EnableIRQ
 .text.HAL_GPIO_Init
                0x0000000008000b28      0x338 ./Drivers/STM32F4xx_HAL_Driver/Src/stm32f4xx_hal_gpio.o
                0x0000000008000b28                HAL_GPIO_Init
 .text.HAL_PCD_Init
                0x0000000008000e60      0x23a ./Drivers/STM32F4xx_HAL_Driver/Src/stm32f4xx_hal_pcd.o
                0x0000000008000e60                HAL_PCD_Init
 .text.HAL_PCD_Start
                0x000000000800109a       0x66 ./Drivers/STM32F4xx_HAL_Driver/Src/stm32f4xx_hal_pcd.o
                0x000000000800109a                HAL_PCD_Start
 .text.HAL_PCD_IRQHandler
                0x0000000008001100      0x93e ./Drivers/STM32F4xx_HAL_Driver/Src/stm32f4xx_hal_pcd.o
                0x0000000008001100                HAL_PCD_IRQHandler
 .text.HAL_PCD_SetAddress
                0x0000000008001a3e       0x4a ./Drivers/STM32F4xx_HAL_Driver/Src/stm32f4xx_hal_pcd.o
                0x0000000008001a3e                HAL_PCD_SetAddress
 .text.HAL_PCD_EP_Open
                0x0000000008001a88       0xd0 ./Drivers/STM32F4xx_HAL_Driver/Src/stm32f4xx_hal_pcd.o
                0x0000000008001a88                HAL_PCD_EP_Open
 .text.HAL_PCD_EP_Close
                0x0000000008001b58       0x94 ./Drivers/STM32F4xx_HAL_Driver/Src/stm32f4xx_hal_pcd.o
                0x0000000008001b58                HAL_PCD_EP_Close
 .text.HAL_PCD_EP_Receive
                0x0000000008001bec       0x96 ./Drivers/STM32F4xx_HAL_Driver/Src/stm32f4xx_hal_pcd.o
                0x0000000008001bec                HAL_PCD_EP_Receive
 .text.HAL_PCD_EP_GetRxCount
                0x0000000008001c82       0x30 ./Drivers/STM32F4xx_HAL_Driver/Src/stm32f4xx_hal_pcd.o
                0x0000000008001c82                HAL_PCD_EP_GetRxCount
 .text.HAL_PCD_EP_Transmit
                0x0000000008001cb2       0x94 ./Drivers/STM32F4xx_HAL_Driver/Src/stm32f4xx_hal_pcd.o
                0x0000000008001cb2                HAL_PCD_EP_Transmit
 .text.HAL_PCD_EP_SetStall
                0x0000000008001d46       0xc8 ./Drivers/STM32F4xx_HAL_Driver/Src/stm32f4xx_hal_pcd.o
                0x0000000008001d46                HAL_PCD_EP_SetStall
 .text.HAL_PCD_EP_ClrStall
                0x0000000008001e0e       0xac ./Drivers/STM32F4xx_HAL_Driver/Src/stm32f4xx_hal_pcd.o
                0x0000000008001e0e                HAL_PCD_EP_ClrStall
 .text.HAL_PCD_EP_Abort
                0x0000000008001eba       0x62 ./Drivers/STM32F4xx_HAL_Driver/Src/stm32f4xx_hal_pcd.o
                0x0000000008001eba                HAL_PCD_EP_Abort
 .text.PCD_WriteEmptyTxFifo
                0x0000000008001f1c      0x11a ./Drivers/STM32F4xx_HAL_Driver/Src/stm32f4xx_hal_pcd.o
 *fill*         0x0000000008002036        0x2 
 .text.PCD_EP_OutXfrComplete_int
                0x0000000008002038      0x1d0 ./Drivers/STM32F4xx_HAL_Driver/Src/stm32f4xx_hal_pcd.o
 .text.PCD_EP_OutSetupPacket_int
                0x0000000008002208       0x8c ./Drivers/STM32F4xx_HAL_Driver/Src/stm32f4xx_hal_pcd.o
 .text.HAL_PCDEx_SetTxFiFo
                0x0000000008002294       0x8e ./Drivers/STM32F4xx_HAL_Driver/Src/stm32f4xx_hal_pcd_ex.o
                0x0000000008002294                HAL_PCDEx_SetTxFiFo
 .text.HAL_PCDEx_SetRxFiFo
                0x0000000008002322       0x22 ./Drivers/STM32F4xx_HAL_Driver/Src/stm32f4xx_hal_pcd_ex.o
                0x0000000008002322                HAL_PCDEx_SetRxFiFo
 .text.HAL_PCDEx_LPM_Callback
                0x0000000008002344       0x18 ./Drivers/STM32F4xx_HAL_Driver/Src/stm32f4xx_hal_pcd_ex.o
                0x0000000008002344                HAL_PCDEx_LPM_Callback
 .text.HAL_RCC_OscConfig
                0x000000000800235c      0x4f0 ./Drivers/STM32F4xx_HAL_Driver/Src/stm32f4xx_hal_rcc.o
                0x000000000800235c                HAL_RCC_OscConfig
 .text.HAL_RCC_ClockConfig
                0x000000000800284c      0x1cc ./Drivers/STM32F4xx_HAL_Driver/Src/stm32f4xx_hal_rcc.o
                0x000000000800284c                HAL_RCC_ClockConfig
 .text.HAL_RCC_GetSysClockFreq
                0x0000000008002a18      0x20c ./Drivers/STM32F4xx_HAL_Driver/Src/stm32f4xx_hal_rcc.o
                0x0000000008002a18                HAL_RCC_GetSysClockFreq
 .text.HAL_RCC_GetHCLKFreq
                0x0000000008002c24       0x18 ./Drivers/STM32F4xx_HAL_Driver/Src/stm32f4xx_hal_rcc.o
                0x0000000008002c24                HAL_RCC_GetHCLKFreq
 .text.HAL_RCC_GetPCLK2Freq
                0x0000000008002c3c       0x28 ./Drivers/STM32F4xx_HAL_Driver/Src/stm32f4xx_hal_rcc.o
                0x0000000008002c3c                HAL_RCC_GetPCLK2Freq
 .text.HAL_RCC_GetClockConfig
                0x0000000008002c64       0x64 ./Drivers/STM32F4xx_HAL_Driver/Src/stm32f4xx_hal_rcc.o
                0x0000000008002c64                HAL_RCC_GetClockConfig
 .text.HAL_TIM_Base_Init
                0x0000000008002cc8       0x9e ./Drivers/STM32F4xx_HAL_Driver/Src/stm32f4xx_hal_tim.o
                0x0000000008002cc8                HAL_TIM_Base_Init
 .text.HAL_TIM_Base_MspInit
                0x0000000008002d66       0x14 ./Drivers/STM32F4xx_HAL_Driver/Src/stm32f4xx_hal_tim.o
                0x0000000008002d66                HAL_TIM_Base_MspInit
 *fill*         0x0000000008002d7a        0x2 
 .text.HAL_TIM_Base_Start_IT
                0x0000000008002d7c       0xe0 ./Drivers/STM32F4xx_HAL_Driver/Src/stm32f4xx_hal_tim.o
                0x0000000008002d7c                HAL_TIM_Base_Start_IT
 .text.HAL_TIM_IRQHandler
                0x0000000008002e5c      0x210 ./Drivers/STM32F4xx_HAL_Driver/Src/stm32f4xx_hal_tim.o
                0x0000000008002e5c                HAL_TIM_IRQHandler
 .text.HAL_TIM_OC_DelayElapsedCallback
                0x000000000800306c       0x14 ./Drivers/STM32F4xx_HAL_Driver/Src/stm32f4xx_hal_tim.o
                0x000000000800306c                HAL_TIM_OC_DelayElapsedCallback
 .text.HAL_TIM_IC_CaptureCallback
                0x0000000008003080       0x14 ./Drivers/STM32F4xx_HAL_Driver/Src/stm32f4xx_hal_tim.o
                0x0000000008003080                HAL_TIM_IC_CaptureCallback
 .text.HAL_TIM_PWM_PulseFinishedCallback
                0x0000000008003094       0x14 ./Drivers/STM32F4xx_HAL_Driver/Src/stm32f4xx_hal_tim.o
                0x0000000008003094                HAL_TIM_PWM_PulseFinishedCallback
 .text.HAL_TIM_TriggerCallback
                0x00000000080030a8       0x14 ./Drivers/STM32F4xx_HAL_Driver/Src/stm32f4xx_hal_tim.o
                0x00000000080030a8                HAL_TIM_TriggerCallback
 .text.TIM_Base_SetConfig
                0x00000000080030bc      0x140 ./Drivers/STM32F4xx_HAL_Driver/Src/stm32f4xx_hal_tim.o
                0x00000000080030bc                TIM_Base_SetConfig
 .text.HAL_TIMEx_CommutCallback
                0x00000000080031fc       0x14 ./Drivers/STM32F4xx_HAL_Driver/Src/stm32f4xx_hal_tim_ex.o
                0x00000000080031fc                HAL_TIMEx_CommutCallback
 .text.HAL_TIMEx_BreakCallback
                0x0000000008003210       0x14 ./Drivers/STM32F4xx_HAL_Driver/Src/stm32f4xx_hal_tim_ex.o
                0x0000000008003210                HAL_TIMEx_BreakCallback
 .text.USB_CoreInit
                0x0000000008003224       0xc2 ./Drivers/STM32F4xx_HAL_Driver/Src/stm32f4xx_ll_usb.o
                0x0000000008003224                USB_CoreInit
 *fill*         0x00000000080032e6        0x2 
 .text.USB_SetTurnaroundTime
                0x00000000080032e8      0x144 ./Drivers/STM32F4xx_HAL_Driver/Src/stm32f4xx_ll_usb.o
                0x00000000080032e8                USB_SetTurnaroundTime
 .text.USB_EnableGlobalInt
                0x000000000800342c       0x22 ./Drivers/STM32F4xx_HAL_Driver/Src/stm32f4xx_ll_usb.o
                0x000000000800342c                USB_EnableGlobalInt
 .text.USB_DisableGlobalInt
                0x000000000800344e       0x22 ./Drivers/STM32F4xx_HAL_Driver/Src/stm32f4xx_ll_usb.o
                0x000000000800344e                USB_DisableGlobalInt
 .text.USB_SetCurrentMode
                0x0000000008003470       0x98 ./Drivers/STM32F4xx_HAL_Driver/Src/stm32f4xx_ll_usb.o
                0x0000000008003470                USB_SetCurrentMode
 .text.USB_DevInit
                0x0000000008003508      0x2c8 ./Drivers/STM32F4xx_HAL_Driver/Src/stm32f4xx_ll_usb.o
                0x0000000008003508                USB_DevInit
 .text.USB_FlushTxFifo
                0x00000000080037d0       0x68 ./Drivers/STM32F4xx_HAL_Driver/Src/stm32f4xx_ll_usb.o
                0x00000000080037d0                USB_FlushTxFifo
 .text.USB_FlushRxFifo
                0x0000000008003838       0x60 ./Drivers/STM32F4xx_HAL_Driver/Src/stm32f4xx_ll_usb.o
                0x0000000008003838                USB_FlushRxFifo
 .text.USB_SetDevSpeed
                0x0000000008003898       0x32 ./Drivers/STM32F4xx_HAL_Driver/Src/stm32f4xx_ll_usb.o
                0x0000000008003898                USB_SetDevSpeed
 .text.USB_GetDevSpeed
                0x00000000080038ca       0x4a ./Drivers/STM32F4xx_HAL_Driver/Src/stm32f4xx_ll_usb.o
                0x00000000080038ca                USB_GetDevSpeed
 .text.USB_ActivateEndpoint
                0x0000000008003914      0x10e ./Drivers/STM32F4xx_HAL_Driver/Src/stm32f4xx_ll_usb.o
                0x0000000008003914                USB_ActivateEndpoint
 *fill*         0x0000000008003a22        0x2 
 .text.USB_DeactivateEndpoint
                0x0000000008003a24      0x1b8 ./Drivers/STM32F4xx_HAL_Driver/Src/stm32f4xx_ll_usb.o
                0x0000000008003a24                USB_DeactivateEndpoint
 .text.USB_EPStartXfer
                0x0000000008003bdc      0x490 ./Drivers/STM32F4xx_HAL_Driver/Src/stm32f4xx_ll_usb.o
                0x0000000008003bdc                USB_EPStartXfer
 .text.USB_EP0StartXfer
                0x000000000800406c      0x2b0 ./Drivers/STM32F4xx_HAL_Driver/Src/stm32f4xx_ll_usb.o
                0x000000000800406c                USB_EP0StartXfer
 .text.USB_EPStopXfer
                0x000000000800431c      0x154 ./Drivers/STM32F4xx_HAL_Driver/Src/stm32f4xx_ll_usb.o
                0x000000000800431c                USB_EPStopXfer
 .text.USB_WritePacket
                0x0000000008004470       0x7c ./Drivers/STM32F4xx_HAL_Driver/Src/stm32f4xx_ll_usb.o
                0x0000000008004470                USB_WritePacket
 .text.USB_ReadPacket
                0x00000000080044ec       0xb0 ./Drivers/STM32F4xx_HAL_Driver/Src/stm32f4xx_ll_usb.o
                0x00000000080044ec                USB_ReadPacket
 .text.USB_EPSetStall
                0x000000000800459c       0xdc ./Drivers/STM32F4xx_HAL_Driver/Src/stm32f4xx_ll_usb.o
                0x000000000800459c                USB_EPSetStall
 .text.USB_EPClearStall
                0x0000000008004678       0xcc ./Drivers/STM32F4xx_HAL_Driver/Src/stm32f4xx_ll_usb.o
                0x0000000008004678                USB_EPClearStall
 .text.USB_SetDevAddress
                0x0000000008004744       0x4c ./Drivers/STM32F4xx_HAL_Driver/Src/stm32f4xx_ll_usb.o
                0x0000000008004744                USB_SetDevAddress
 .text.USB_DevConnect
                0x0000000008004790       0x42 ./Drivers/STM32F4xx_HAL_Driver/Src/stm32f4xx_ll_usb.o
                0x0000000008004790                USB_DevConnect
 .text.USB_DevDisconnect
                0x00000000080047d2       0x42 ./Drivers/STM32F4xx_HAL_Driver/Src/stm32f4xx_ll_usb.o
                0x00000000080047d2                USB_DevDisconnect
 .text.USB_ReadInterrupts
                0x0000000008004814       0x26 ./Drivers/STM32F4xx_HAL_Driver/Src/stm32f4xx_ll_usb.o
                0x0000000008004814                USB_ReadInterrupts
 .text.USB_ReadDevAllOutEpInterrupt
                0x000000000800483a       0x34 ./Drivers/STM32F4xx_HAL_Driver/Src/stm32f4xx_ll_usb.o
                0x000000000800483a                USB_ReadDevAllOutEpInterrupt
 .text.USB_ReadDevAllInEpInterrupt
                0x000000000800486e       0x34 ./Drivers/STM32F4xx_HAL_Driver/Src/stm32f4xx_ll_usb.o
                0x000000000800486e                USB_ReadDevAllInEpInterrupt
 .text.USB_ReadDevOutEPInterrupt
                0x00000000080048a2       0x3c ./Drivers/STM32F4xx_HAL_Driver/Src/stm32f4xx_ll_usb.o
                0x00000000080048a2                USB_ReadDevOutEPInterrupt
 .text.USB_ReadDevInEPInterrupt
                0x00000000080048de       0x5c ./Drivers/STM32F4xx_HAL_Driver/Src/stm32f4xx_ll_usb.o
                0x00000000080048de                USB_ReadDevInEPInterrupt
 .text.USB_GetMode
                0x000000000800493a       0x1c ./Drivers/STM32F4xx_HAL_Driver/Src/stm32f4xx_ll_usb.o
                0x000000000800493a                USB_GetMode
 .text.USB_ActivateSetup
                0x0000000008004956       0x46 ./Drivers/STM32F4xx_HAL_Driver/Src/stm32f4xx_ll_usb.o
                0x0000000008004956                USB_ActivateSetup
 .text.USB_EP0_OutStart
                0x000000000800499c       0xbc ./Drivers/STM32F4xx_HAL_Driver/Src/stm32f4xx_ll_usb.o
                0x000000000800499c                USB_EP0_OutStart
 .text.USB_CoreReset
                0x0000000008004a58       0x68 ./Drivers/STM32F4xx_HAL_Driver/Src/stm32f4xx_ll_usb.o
 .text.USBD_CDC_Init
                0x0000000008004ac0      0x1f0 ./Middlewares/ST/STM32_USB_Device_Library/Class/CDC/Src/usbd_cdc.o
 .text.USBD_CDC_DeInit
                0x0000000008004cb0      0x104 ./Middlewares/ST/STM32_USB_Device_Library/Class/CDC/Src/usbd_cdc.o
 .text.USBD_CDC_Setup
                0x0000000008004db4      0x1b8 ./Middlewares/ST/STM32_USB_Device_Library/Class/CDC/Src/usbd_cdc.o
 .text.USBD_CDC_DataIn
                0x0000000008004f6c       0xfe ./Middlewares/ST/STM32_USB_Device_Library/Class/CDC/Src/usbd_cdc.o
 .text.USBD_CDC_DataOut
                0x000000000800506a       0x70 ./Middlewares/ST/STM32_USB_Device_Library/Class/CDC/Src/usbd_cdc.o
 .text.USBD_CDC_EP0_RxReady
                0x00000000080050da       0x76 ./Middlewares/ST/STM32_USB_Device_Library/Class/CDC/Src/usbd_cdc.o
 .text.USBD_CDC_GetFSCfgDesc
                0x0000000008005150       0x70 ./Middlewares/ST/STM32_USB_Device_Library/Class/CDC/Src/usbd_cdc.o
 .text.USBD_CDC_GetHSCfgDesc
                0x00000000080051c0       0x70 ./Middlewares/ST/STM32_USB_Device_Library/Class/CDC/Src/usbd_cdc.o
 .text.USBD_CDC_GetOtherSpeedCfgDesc
                0x0000000008005230       0x70 ./Middlewares/ST/STM32_USB_Device_Library/Class/CDC/Src/usbd_cdc.o
 .text.USBD_CDC_GetDeviceQualifierDescriptor
                0x00000000080052a0       0x20 ./Middlewares/ST/STM32_USB_Device_Library/Class/CDC/Src/usbd_cdc.o
                0x00000000080052a0                USBD_CDC_GetDeviceQualifierDescriptor
 .text.USBD_CDC_RegisterInterface
                0x00000000080052c0       0x34 ./Middlewares/ST/STM32_USB_Device_Library/Class/CDC/Src/usbd_cdc.o
                0x00000000080052c0                USBD_CDC_RegisterInterface
 .text.USBD_CDC_SetTxBuffer
                0x00000000080052f4       0x44 ./Middlewares/ST/STM32_USB_Device_Library/Class/CDC/Src/usbd_cdc.o
                0x00000000080052f4                USBD_CDC_SetTxBuffer
 .text.USBD_CDC_SetRxBuffer
                0x0000000008005338       0x3a ./Middlewares/ST/STM32_USB_Device_Library/Class/CDC/Src/usbd_cdc.o
                0x0000000008005338                USBD_CDC_SetRxBuffer
 *fill*         0x0000000008005372        0x2 
 .text.USBD_CDC_TransmitPacket
                0x0000000008005374       0x8c ./Middlewares/ST/STM32_USB_Device_Library/Class/CDC/Src/usbd_cdc.o
                0x0000000008005374                USBD_CDC_TransmitPacket
 .text.USBD_CDC_ReceivePacket
                0x0000000008005400       0x6c ./Middlewares/ST/STM32_USB_Device_Library/Class/CDC/Src/usbd_cdc.o
                0x0000000008005400                USBD_CDC_ReceivePacket
 .text.USBD_Init
                0x000000000800546c       0x60 ./Middlewares/ST/STM32_USB_Device_Library/Core/Src/usbd_core.o
                0x000000000800546c                USBD_Init
 .text.USBD_RegisterClass
                0x00000000080054cc       0x6c ./Middlewares/ST/STM32_USB_Device_Library/Core/Src/usbd_core.o
                0x00000000080054cc                USBD_RegisterClass
 .text.USBD_Start
                0x0000000008005538       0x18 ./Middlewares/ST/STM32_USB_Device_Library/Core/Src/usbd_core.o
                0x0000000008005538                USBD_Start
 .text.USBD_RunTestMode
                0x0000000008005550       0x16 ./Middlewares/ST/STM32_USB_Device_Library/Core/Src/usbd_core.o
                0x0000000008005550                USBD_RunTestMode
 .text.USBD_SetClassConfig
                0x0000000008005566       0x38 ./Middlewares/ST/STM32_USB_Device_Library/Core/Src/usbd_core.o
                0x0000000008005566                USBD_SetClassConfig
 .text.USBD_ClrClassConfig
                0x000000000800559e       0x34 ./Middlewares/ST/STM32_USB_Device_Library/Core/Src/usbd_core.o
                0x000000000800559e                USBD_ClrClassConfig
 .text.USBD_LL_SetupStage
                0x00000000080055d2       0xaa ./Middlewares/ST/STM32_USB_Device_Library/Core/Src/usbd_core.o
                0x00000000080055d2                USBD_LL_SetupStage
 .text.USBD_LL_DataOutStage
                0x000000000800567c      0x166 ./Middlewares/ST/STM32_USB_Device_Library/Core/Src/usbd_core.o
                0x000000000800567c                USBD_LL_DataOutStage
 .text.USBD_LL_DataInStage
                0x00000000080057e2      0x164 ./Middlewares/ST/STM32_USB_Device_Library/Core/Src/usbd_core.o
                0x00000000080057e2                USBD_LL_DataInStage
 .text.USBD_LL_Reset
                0x0000000008005946       0xa4 ./Middlewares/ST/STM32_USB_Device_Library/Core/Src/usbd_core.o
                0x0000000008005946                USBD_LL_Reset
 .text.USBD_LL_SetSpeed
                0x00000000080059ea       0x20 ./Middlewares/ST/STM32_USB_Device_Library/Core/Src/usbd_core.o
                0x00000000080059ea                USBD_LL_SetSpeed
 .text.USBD_LL_Suspend
                0x0000000008005a0a       0x2c ./Middlewares/ST/STM32_USB_Device_Library/Core/Src/usbd_core.o
                0x0000000008005a0a                USBD_LL_Suspend
 .text.USBD_LL_Resume
                0x0000000008005a36       0x30 ./Middlewares/ST/STM32_USB_Device_Library/Core/Src/usbd_core.o
                0x0000000008005a36                USBD_LL_Resume
 .text.USBD_LL_SOF
                0x0000000008005a66       0x40 ./Middlewares/ST/STM32_USB_Device_Library/Core/Src/usbd_core.o
                0x0000000008005a66                USBD_LL_SOF
 .text.USBD_LL_IsoINIncomplete
                0x0000000008005aa6       0x64 ./Middlewares/ST/STM32_USB_Device_Library/Core/Src/usbd_core.o
                0x0000000008005aa6                USBD_LL_IsoINIncomplete
 .text.USBD_LL_IsoOUTIncomplete
                0x0000000008005b0a       0x64 ./Middlewares/ST/STM32_USB_Device_Library/Core/Src/usbd_core.o
                0x0000000008005b0a                USBD_LL_IsoOUTIncomplete
 .text.USBD_LL_DevConnected
                0x0000000008005b6e       0x16 ./Middlewares/ST/STM32_USB_Device_Library/Core/Src/usbd_core.o
                0x0000000008005b6e                USBD_LL_DevConnected
 .text.USBD_LL_DevDisconnected
                0x0000000008005b84       0x46 ./Middlewares/ST/STM32_USB_Device_Library/Core/Src/usbd_core.o
                0x0000000008005b84                USBD_LL_DevDisconnected
 .text.USBD_CoreFindIF
                0x0000000008005bca       0x1a ./Middlewares/ST/STM32_USB_Device_Library/Core/Src/usbd_core.o
                0x0000000008005bca                USBD_CoreFindIF
 .text.USBD_CoreFindEP
                0x0000000008005be4       0x1a ./Middlewares/ST/STM32_USB_Device_Library/Core/Src/usbd_core.o
                0x0000000008005be4                USBD_CoreFindEP
 .text.USBD_GetEpDesc
                0x0000000008005bfe       0x74 ./Middlewares/ST/STM32_USB_Device_Library/Core/Src/usbd_core.o
                0x0000000008005bfe                USBD_GetEpDesc
 .text.USBD_GetNextDesc
                0x0000000008005c72       0x3a ./Middlewares/ST/STM32_USB_Device_Library/Core/Src/usbd_core.o
                0x0000000008005c72                USBD_GetNextDesc
 .text.SWAPBYTE
                0x0000000008005cac       0x3c ./Middlewares/ST/STM32_USB_Device_Library/Core/Src/usbd_ctlreq.o
 .text.USBD_StdDevReq
                0x0000000008005ce8       0xe4 ./Middlewares/ST/STM32_USB_Device_Library/Core/Src/usbd_ctlreq.o
                0x0000000008005ce8                USBD_StdDevReq
 .text.USBD_StdItfReq
                0x0000000008005dcc       0xd8 ./Middlewares/ST/STM32_USB_Device_Library/Core/Src/usbd_ctlreq.o
                0x0000000008005dcc                USBD_StdItfReq
 .text.USBD_StdEPReq
                0x0000000008005ea4      0x33a ./Middlewares/ST/STM32_USB_Device_Library/Core/Src/usbd_ctlreq.o
                0x0000000008005ea4                USBD_StdEPReq
 *fill*         0x00000000080061de        0x2 
 .text.USBD_GetDescriptor
                0x00000000080061e0      0x2d4 ./Middlewares/ST/STM32_USB_Device_Library/Core/Src/usbd_ctlreq.o
 .text.USBD_SetAddress
                0x00000000080064b4       0x88 ./Middlewares/ST/STM32_USB_Device_Library/Core/Src/usbd_ctlreq.o
 .text.USBD_SetConfig
                0x000000000800653c      0x154 ./Middlewares/ST/STM32_USB_Device_Library/Core/Src/usbd_ctlreq.o
 .text.USBD_GetConfig
                0x0000000008006690       0x6c ./Middlewares/ST/STM32_USB_Device_Library/Core/Src/usbd_ctlreq.o
 .text.USBD_GetStatus
                0x00000000080066fc       0x68 ./Middlewares/ST/STM32_USB_Device_Library/Core/Src/usbd_ctlreq.o
 .text.USBD_SetFeature
                0x0000000008006764       0x52 ./Middlewares/ST/STM32_USB_Device_Library/Core/Src/usbd_ctlreq.o
 .text.USBD_ClrFeature
                0x00000000080067b6       0x44 ./Middlewares/ST/STM32_USB_Device_Library/Core/Src/usbd_ctlreq.o
 .text.USBD_ParseSetupRequest
                0x00000000080067fa       0x74 ./Middlewares/ST/STM32_USB_Device_Library/Core/Src/usbd_ctlreq.o
                0x00000000080067fa                USBD_ParseSetupRequest
 .text.USBD_CtlError
                0x000000000800686e       0x22 ./Middlewares/ST/STM32_USB_Device_Library/Core/Src/usbd_ctlreq.o
                0x000000000800686e                USBD_CtlError
 .text.USBD_GetString
                0x0000000008006890       0x8c ./Middlewares/ST/STM32_USB_Device_Library/Core/Src/usbd_ctlreq.o
                0x0000000008006890                USBD_GetString
 .text.USBD_GetLen
                0x000000000800691c       0x34 ./Middlewares/ST/STM32_USB_Device_Library/Core/Src/usbd_ctlreq.o
 .text.USBD_CtlSendData
                0x0000000008006950       0x36 ./Middlewares/ST/STM32_USB_Device_Library/Core/Src/usbd_ioreq.o
                0x0000000008006950                USBD_CtlSendData
 .text.USBD_CtlContinueSendData
                0x0000000008006986       0x22 ./Middlewares/ST/STM32_USB_Device_Library/Core/Src/usbd_ioreq.o
                0x0000000008006986                USBD_CtlContinueSendData
 .text.USBD_CtlPrepareRx
                0x00000000080069a8       0x3a ./Middlewares/ST/STM32_USB_Device_Library/Core/Src/usbd_ioreq.o
                0x00000000080069a8                USBD_CtlPrepareRx
 .text.USBD_CtlContinueRx
                0x00000000080069e2       0x22 ./Middlewares/ST/STM32_USB_Device_Library/Core/Src/usbd_ioreq.o
                0x00000000080069e2                USBD_CtlContinueRx
 .text.USBD_CtlSendStatus
                0x0000000008006a04       0x26 ./Middlewares/ST/STM32_USB_Device_Library/Core/Src/usbd_ioreq.o
                0x0000000008006a04                USBD_CtlSendStatus
 .text.USBD_CtlReceiveStatus
                0x0000000008006a2a       0x26 ./Middlewares/ST/STM32_USB_Device_Library/Core/Src/usbd_ioreq.o
                0x0000000008006a2a                USBD_CtlReceiveStatus
 .text.__NVIC_SetPriority
                0x0000000008006a50       0x54 ./Middlewares/Third_Party/FreeRTOS/Source/CMSIS_RTOS_V2/cmsis_os2.o
 .text.SysTick_Handler
                0x0000000008006aa4       0x20 ./Middlewares/Third_Party/FreeRTOS/Source/CMSIS_RTOS_V2/cmsis_os2.o
                0x0000000008006aa4                SysTick_Handler
 .text.SVC_Setup
                0x0000000008006ac4       0x12 ./Middlewares/Third_Party/FreeRTOS/Source/CMSIS_RTOS_V2/cmsis_os2.o
 *fill*         0x0000000008006ad6        0x2 
 .text.osKernelInitialize
                0x0000000008006ad8       0x48 ./Middlewares/Third_Party/FreeRTOS/Source/CMSIS_RTOS_V2/cmsis_os2.o
                0x0000000008006ad8                osKernelInitialize
 .text.osKernelStart
                0x0000000008006b20       0x4c ./Middlewares/Third_Party/FreeRTOS/Source/CMSIS_RTOS_V2/cmsis_os2.o
                0x0000000008006b20                osKernelStart
 .text.osThreadNew
                0x0000000008006b6c      0x124 ./Middlewares/Third_Party/FreeRTOS/Source/CMSIS_RTOS_V2/cmsis_os2.o
                0x0000000008006b6c                osThreadNew
 .text.vApplicationGetIdleTaskMemory
                0x0000000008006c90       0x34 ./Middlewares/Third_Party/FreeRTOS/Source/CMSIS_RTOS_V2/cmsis_os2.o
                0x0000000008006c90                vApplicationGetIdleTaskMemory
 .text.vApplicationGetTimerTaskMemory
                0x0000000008006cc4       0x34 ./Middlewares/Third_Party/FreeRTOS/Source/CMSIS_RTOS_V2/cmsis_os2.o
                0x0000000008006cc4                vApplicationGetTimerTaskMemory
 .text.vListInitialise
                0x0000000008006cf8       0x40 ./Middlewares/Third_Party/FreeRTOS/Source/list.o
                0x0000000008006cf8                vListInitialise
 .text.vListInitialiseItem
                0x0000000008006d38       0x1a ./Middlewares/Third_Party/FreeRTOS/Source/list.o
                0x0000000008006d38                vListInitialiseItem
 .text.vListInsertEnd
                0x0000000008006d52       0x48 ./Middlewares/Third_Party/FreeRTOS/Source/list.o
                0x0000000008006d52                vListInsertEnd
 .text.vListInsert
                0x0000000008006d9a       0x72 ./Middlewares/Third_Party/FreeRTOS/Source/list.o
                0x0000000008006d9a                vListInsert
 .text.uxListRemove
                0x0000000008006e0c       0x54 ./Middlewares/Third_Party/FreeRTOS/Source/list.o
                0x0000000008006e0c                uxListRemove
 .text.xQueueGenericReset
                0x0000000008006e60       0xd0 ./Middlewares/Third_Party/FreeRTOS/Source/queue.o
                0x0000000008006e60                xQueueGenericReset
 .text.xQueueGenericCreateStatic
                0x0000000008006f30       0xf0 ./Middlewares/Third_Party/FreeRTOS/Source/queue.o
                0x0000000008006f30                xQueueGenericCreateStatic
 .text.xQueueGenericCreate
                0x0000000008007020       0x74 ./Middlewares/Third_Party/FreeRTOS/Source/queue.o
                0x0000000008007020                xQueueGenericCreate
 .text.prvInitialiseNewQueue
                0x0000000008007094       0x46 ./Middlewares/Third_Party/FreeRTOS/Source/queue.o
 .text.prvInitialiseMutex
                0x00000000080070da       0x34 ./Middlewares/Third_Party/FreeRTOS/Source/queue.o
 .text.xQueueCreateMutex
                0x000000000800710e       0x30 ./Middlewares/Third_Party/FreeRTOS/Source/queue.o
                0x000000000800710e                xQueueCreateMutex
 *fill*         0x000000000800713e        0x2 
 .text.xQueueGenericSend
                0x0000000008007140      0x1fc ./Middlewares/Third_Party/FreeRTOS/Source/queue.o
                0x0000000008007140                xQueueGenericSend
 .text.xQueueGenericSendFromISR
                0x000000000800733c      0x136 ./Middlewares/Third_Party/FreeRTOS/Source/queue.o
                0x000000000800733c                xQueueGenericSendFromISR
 .text.xQueueGiveFromISR
                0x0000000008007472      0x11a ./Middlewares/Third_Party/FreeRTOS/Source/queue.o
                0x0000000008007472                xQueueGiveFromISR
 .text.xQueueReceive
                0x000000000800758c      0x1c0 ./Middlewares/Third_Party/FreeRTOS/Source/queue.o
                0x000000000800758c                xQueueReceive
 .text.xQueueSemaphoreTake
                0x000000000800774c      0x218 ./Middlewares/Third_Party/FreeRTOS/Source/queue.o
                0x000000000800774c                xQueueSemaphoreTake
 .text.prvGetDisinheritPriorityAfterTimeout
                0x0000000008007964       0x30 ./Middlewares/Third_Party/FreeRTOS/Source/queue.o
 .text.prvCopyDataToQueue
                0x0000000008007994       0xd4 ./Middlewares/Third_Party/FreeRTOS/Source/queue.o
 .text.prvCopyDataFromQueue
                0x0000000008007a68       0x4c ./Middlewares/Third_Party/FreeRTOS/Source/queue.o
 .text.prvUnlockQueue
                0x0000000008007ab4       0xa4 ./Middlewares/Third_Party/FreeRTOS/Source/queue.o
 .text.prvIsQueueEmpty
                0x0000000008007b58       0x2c ./Middlewares/Third_Party/FreeRTOS/Source/queue.o
 .text.prvIsQueueFull
                0x0000000008007b84       0x30 ./Middlewares/Third_Party/FreeRTOS/Source/queue.o
 .text.vQueueAddToRegistry
                0x0000000008007bb4       0x54 ./Middlewares/Third_Party/FreeRTOS/Source/queue.o
                0x0000000008007bb4                vQueueAddToRegistry
 .text.vQueueWaitForMessageRestricted
                0x0000000008007c08       0x68 ./Middlewares/Third_Party/FreeRTOS/Source/queue.o
                0x0000000008007c08                vQueueWaitForMessageRestricted
 .text.xTaskCreateStatic
                0x0000000008007c70       0xba ./Middlewares/Third_Party/FreeRTOS/Source/tasks.o
                0x0000000008007c70                xTaskCreateStatic
 .text.xTaskCreate
                0x0000000008007d2a       0x8a ./Middlewares/Third_Party/FreeRTOS/Source/tasks.o
                0x0000000008007d2a                xTaskCreate
 .text.prvInitialiseNewTask
                0x0000000008007db4      0x14c ./Middlewares/Third_Party/FreeRTOS/Source/tasks.o
 .text.prvAddNewTaskToReadyList
                0x0000000008007f00       0xe0 ./Middlewares/Third_Party/FreeRTOS/Source/tasks.o
 .text.vTaskStartScheduler
                0x0000000008007fe0       0xe0 ./Middlewares/Third_Party/FreeRTOS/Source/tasks.o
                0x0000000008007fe0                vTaskStartScheduler
 .text.vTaskSuspendAll
                0x00000000080080c0       0x1c ./Middlewares/Third_Party/FreeRTOS/Source/tasks.o
                0x00000000080080c0                vTaskSuspendAll
 .text.xTaskResumeAll
                0x00000000080080dc      0x13c ./Middlewares/Third_Party/FreeRTOS/Source/tasks.o
                0x00000000080080dc                xTaskResumeAll
 .text.xTaskGetTickCount
                0x0000000008008218       0x20 ./Middlewares/Third_Party/FreeRTOS/Source/tasks.o
                0x0000000008008218                xTaskGetTickCount
 .text.xTaskIncrementTick
                0x0000000008008238      0x174 ./Middlewares/Third_Party/FreeRTOS/Source/tasks.o
                0x0000000008008238                xTaskIncrementTick
 .text.vTaskSwitchContext
                0x00000000080083ac       0xc8 ./Middlewares/Third_Party/FreeRTOS/Source/tasks.o
                0x00000000080083ac                vTaskSwitchContext
 .text.vTaskPlaceOnEventList
                0x0000000008008474       0x48 ./Middlewares/Third_Party/FreeRTOS/Source/tasks.o
                0x0000000008008474                vTaskPlaceOnEventList
 .text.vTaskPlaceOnEventListRestricted
                0x00000000080084bc       0x58 ./Middlewares/Third_Party/FreeRTOS/Source/tasks.o
                0x00000000080084bc                vTaskPlaceOnEventListRestricted
 .text.xTaskRemoveFromEventList
                0x0000000008008514       0xc8 ./Middlewares/Third_Party/FreeRTOS/Source/tasks.o
                0x0000000008008514                xTaskRemoveFromEventList
 .text.vTaskInternalSetTimeOutState
                0x00000000080085dc       0x2c ./Middlewares/Third_Party/FreeRTOS/Source/tasks.o
                0x00000000080085dc                vTaskInternalSetTimeOutState
 .text.xTaskCheckForTimeOut
                0x0000000008008608       0xc4 ./Middlewares/Third_Party/FreeRTOS/Source/tasks.o
                0x0000000008008608                xTaskCheckForTimeOut
 .text.vTaskMissedYield
                0x00000000080086cc       0x18 ./Middlewares/Third_Party/FreeRTOS/Source/tasks.o
                0x00000000080086cc                vTaskMissedYield
 .text.prvIdleTask
                0x00000000080086e4       0x30 ./Middlewares/Third_Party/FreeRTOS/Source/tasks.o
 .text.prvInitialiseTaskLists
                0x0000000008008714       0x80 ./Middlewares/Third_Party/FreeRTOS/Source/tasks.o
 .text.prvCheckTasksWaitingTermination
                0x0000000008008794       0x5c ./Middlewares/Third_Party/FreeRTOS/Source/tasks.o
 .text.prvDeleteTCB
                0x00000000080087f0       0x68 ./Middlewares/Third_Party/FreeRTOS/Source/tasks.o
 .text.prvResetNextTaskUnblockTime
                0x0000000008008858       0x40 ./Middlewares/Third_Party/FreeRTOS/Source/tasks.o
 .text.xTaskGetSchedulerState
                0x0000000008008898       0x3c ./Middlewares/Third_Party/FreeRTOS/Source/tasks.o
                0x0000000008008898                xTaskGetSchedulerState
 .text.xTaskPriorityInherit
                0x00000000080088d4       0xd0 ./Middlewares/Third_Party/FreeRTOS/Source/tasks.o
                0x00000000080088d4                xTaskPriorityInherit
 .text.xTaskPriorityDisinherit
                0x00000000080089a4       0xdc ./Middlewares/Third_Party/FreeRTOS/Source/tasks.o
                0x00000000080089a4                xTaskPriorityDisinherit
 .text.vTaskPriorityDisinheritAfterTimeout
                0x0000000008008a80      0x104 ./Middlewares/Third_Party/FreeRTOS/Source/tasks.o
                0x0000000008008a80                vTaskPriorityDisinheritAfterTimeout
 .text.pvTaskIncrementMutexHeldCount
                0x0000000008008b84       0x28 ./Middlewares/Third_Party/FreeRTOS/Source/tasks.o
                0x0000000008008b84                pvTaskIncrementMutexHeldCount
 .text.prvAddCurrentTaskToDelayedList
                0x0000000008008bac       0xa8 ./Middlewares/Third_Party/FreeRTOS/Source/tasks.o
 .text.xTimerCreateTimerTask
                0x0000000008008c54       0x90 ./Middlewares/Third_Party/FreeRTOS/Source/timers.o
                0x0000000008008c54                xTimerCreateTimerTask
 .text.xTimerGenericCommand
                0x0000000008008ce4       0x9c ./Middlewares/Third_Party/FreeRTOS/Source/timers.o
                0x0000000008008ce4                xTimerGenericCommand
 .text.prvProcessExpiredTimer
                0x0000000008008d80       0x98 ./Middlewares/Third_Party/FreeRTOS/Source/timers.o
 .text.prvTimerTask
                0x0000000008008e18       0x24 ./Middlewares/Third_Party/FreeRTOS/Source/timers.o
 .text.prvProcessTimerOrBlockTask
                0x0000000008008e3c       0x9c ./Middlewares/Third_Party/FreeRTOS/Source/timers.o
 .text.prvGetNextExpireTime
                0x0000000008008ed8       0x48 ./Middlewares/Third_Party/FreeRTOS/Source/timers.o
 .text.prvSampleTimeNow
                0x0000000008008f20       0x40 ./Middlewares/Third_Party/FreeRTOS/Source/timers.o
 .text.prvInsertTimerInActiveList
                0x0000000008008f60       0x84 ./Middlewares/Third_Party/FreeRTOS/Source/timers.o
 .text.prvProcessReceivedCommands
                0x0000000008008fe4      0x1c4 ./Middlewares/Third_Party/FreeRTOS/Source/timers.o
 .text.prvSwitchTimerLists
                0x00000000080091a8       0xc8 ./Middlewares/Third_Party/FreeRTOS/Source/timers.o
 .text.prvCheckForValidListAndQueue
                0x0000000008009270       0x80 ./Middlewares/Third_Party/FreeRTOS/Source/timers.o
 .text.pxPortInitialiseStack
                0x00000000080092f0       0x68 ./Middlewares/Third_Party/FreeRTOS/Source/portable/GCC/ARM_CM4F/port.o
                0x00000000080092f0                pxPortInitialiseStack
 .text.prvTaskExitError
                0x0000000008009358       0x58 ./Middlewares/Third_Party/FreeRTOS/Source/portable/GCC/ARM_CM4F/port.o
 .text.SVC_Handler
                0x00000000080093b0       0x28 ./Middlewares/Third_Party/FreeRTOS/Source/portable/GCC/ARM_CM4F/port.o
                0x00000000080093b0                SVC_Handler
 .text.prvPortStartFirstTask
                0x00000000080093d8       0x28 ./Middlewares/Third_Party/FreeRTOS/Source/portable/GCC/ARM_CM4F/port.o
 .text.xPortStartScheduler
                0x0000000008009400      0x144 ./Middlewares/Third_Party/FreeRTOS/Source/portable/GCC/ARM_CM4F/port.o
                0x0000000008009400                xPortStartScheduler
 .text.vPortEnterCritical
                0x0000000008009544       0x60 ./Middlewares/Third_Party/FreeRTOS/Source/portable/GCC/ARM_CM4F/port.o
                0x0000000008009544                vPortEnterCritical
 .text.vPortExitCritical
                0x00000000080095a4       0x54 ./Middlewares/Third_Party/FreeRTOS/Source/portable/GCC/ARM_CM4F/port.o
                0x00000000080095a4                vPortExitCritical
 *fill*         0x00000000080095f8        0x8 
 .text.PendSV_Handler
                0x0000000008009600       0x68 ./Middlewares/Third_Party/FreeRTOS/Source/portable/GCC/ARM_CM4F/port.o
                0x0000000008009600                PendSV_Handler
 .text.xPortSysTickHandler
                0x0000000008009668       0x44 ./Middlewares/Third_Party/FreeRTOS/Source/portable/GCC/ARM_CM4F/port.o
                0x0000000008009668                xPortSysTickHandler
 .text.vPortSetupTimerInterrupt
                0x00000000080096ac       0x48 ./Middlewares/Third_Party/FreeRTOS/Source/portable/GCC/ARM_CM4F/port.o
                0x00000000080096ac                vPortSetupTimerInterrupt
 .text.vPortEnableVFP
                0x00000000080096f4       0x14 ./Middlewares/Third_Party/FreeRTOS/Source/portable/GCC/ARM_CM4F/port.o
 .text.vPortValidateInterruptPriority
                0x0000000008009708       0x80 ./Middlewares/Third_Party/FreeRTOS/Source/portable/GCC/ARM_CM4F/port.o
                0x0000000008009708                vPortValidateInterruptPriority
 .text.pvPortMalloc
                0x0000000008009788      0x198 ./Middlewares/Third_Party/FreeRTOS/Source/portable/MemMang/heap_4.o
                0x0000000008009788                pvPortMalloc
 .text.vPortFree
                0x0000000008009920       0xc4 ./Middlewares/Third_Party/FreeRTOS/Source/portable/MemMang/heap_4.o
                0x0000000008009920                vPortFree
 .text.prvHeapInit
                0x00000000080099e4       0xc4 ./Middlewares/Third_Party/FreeRTOS/Source/portable/MemMang/heap_4.o
 .text.prvInsertBlockIntoFreeList
                0x0000000008009aa8       0xb4 ./Middlewares/Third_Party/FreeRTOS/Source/portable/MemMang/heap_4.o
 .text.MX_USB_DEVICE_Init
                0x0000000008009b5c       0x60 ./USB_DEVICE/App/usb_device.o
                0x0000000008009b5c                MX_USB_DEVICE_Init
 .text.CDC_Init_FS
                0x0000000008009bbc       0x28 ./USB_DEVICE/App/usbd_cdc_if.o
 .text.CDC_DeInit_FS
                0x0000000008009be4       0x10 ./USB_DEVICE/App/usbd_cdc_if.o
 .text.CDC_Control_FS
                0x0000000008009bf4       0xbc ./USB_DEVICE/App/usbd_cdc_if.o
 .text.CDC_Receive_FS
                0x0000000008009cb0       0x70 ./USB_DEVICE/App/usbd_cdc_if.o
 .text.CDC_Transmit_FS
                0x0000000008009d20       0x90 ./USB_DEVICE/App/usbd_cdc_if.o
                0x0000000008009d20                CDC_Transmit_FS
 .text.CDC_TransmitCplt_FS
                0x0000000008009db0       0x50 ./USB_DEVICE/App/usbd_cdc_if.o
 .text.init_usb_rtos_obj
                0x0000000008009e00       0x4c ./USB_DEVICE/App/usbd_cdc_if.o
                0x0000000008009e00                init_usb_rtos_obj
 .text.CDC_Receiveq_HS
                0x0000000008009e4c       0x28 ./USB_DEVICE/App/usbd_cdc_if.o
                0x0000000008009e4c                CDC_Receiveq_HS
 .text.USBD_FS_DeviceDescriptor
                0x0000000008009e74       0x24 ./USB_DEVICE/App/usbd_desc.o
                0x0000000008009e74                USBD_FS_DeviceDescriptor
 .text.USBD_FS_LangIDStrDescriptor
                0x0000000008009e98       0x24 ./USB_DEVICE/App/usbd_desc.o
                0x0000000008009e98                USBD_FS_LangIDStrDescriptor
 .text.USBD_FS_ProductStrDescriptor
                0x0000000008009ebc       0x3c ./USB_DEVICE/App/usbd_desc.o
                0x0000000008009ebc                USBD_FS_ProductStrDescriptor
 .text.USBD_FS_ManufacturerStrDescriptor
                0x0000000008009ef8       0x28 ./USB_DEVICE/App/usbd_desc.o
                0x0000000008009ef8                USBD_FS_ManufacturerStrDescriptor
 .text.USBD_FS_SerialStrDescriptor
                0x0000000008009f20       0x24 ./USB_DEVICE/App/usbd_desc.o
                0x0000000008009f20                USBD_FS_SerialStrDescriptor
 .text.USBD_FS_ConfigStrDescriptor
                0x0000000008009f44       0x3c ./USB_DEVICE/App/usbd_desc.o
                0x0000000008009f44                USBD_FS_ConfigStrDescriptor
 .text.USBD_FS_InterfaceStrDescriptor
                0x0000000008009f80       0x3c ./USB_DEVICE/App/usbd_desc.o
                0x0000000008009f80                USBD_FS_InterfaceStrDescriptor
 .text.Get_SerialNum
                0x0000000008009fbc       0x58 ./USB_DEVICE/App/usbd_desc.o
 .text.IntToUnicode
                0x000000000800a014       0x7e ./USB_DEVICE/App/usbd_desc.o
 *fill*         0x000000000800a092        0x2 
 .text.HAL_PCD_MspInit
                0x000000000800a094       0xc4 ./USB_DEVICE/Target/usbd_conf.o
                0x000000000800a094                HAL_PCD_MspInit
 .text.HAL_PCD_SetupStageCallback
                0x000000000800a158       0x24 ./USB_DEVICE/Target/usbd_conf.o
                0x000000000800a158                HAL_PCD_SetupStageCallback
 .text.HAL_PCD_DataOutStageCallback
                0x000000000800a17c       0x36 ./USB_DEVICE/Target/usbd_conf.o
                0x000000000800a17c                HAL_PCD_DataOutStageCallback
 .text.HAL_PCD_DataInStageCallback
                0x000000000800a1b2       0x34 ./USB_DEVICE/Target/usbd_conf.o
                0x000000000800a1b2                HAL_PCD_DataInStageCallback
 .text.HAL_PCD_SOFCallback
                0x000000000800a1e6       0x1c ./USB_DEVICE/Target/usbd_conf.o
                0x000000000800a1e6                HAL_PCD_SOFCallback
 .text.HAL_PCD_ResetCallback
                0x000000000800a202       0x50 ./USB_DEVICE/Target/usbd_conf.o
                0x000000000800a202                HAL_PCD_ResetCallback
 *fill*         0x000000000800a252        0x2 
 .text.HAL_PCD_SuspendCallback
                0x000000000800a254       0x4c ./USB_DEVICE/Target/usbd_conf.o
                0x000000000800a254                HAL_PCD_SuspendCallback
 .text.HAL_PCD_ResumeCallback
                0x000000000800a2a0       0x1c ./USB_DEVICE/Target/usbd_conf.o
                0x000000000800a2a0                HAL_PCD_ResumeCallback
 .text.HAL_PCD_ISOOUTIncompleteCallback
                0x000000000800a2bc       0x24 ./USB_DEVICE/Target/usbd_conf.o
                0x000000000800a2bc                HAL_PCD_ISOOUTIncompleteCallback
 .text.HAL_PCD_ISOINIncompleteCallback
                0x000000000800a2e0       0x24 ./USB_DEVICE/Target/usbd_conf.o
                0x000000000800a2e0                HAL_PCD_ISOINIncompleteCallback
 .text.HAL_PCD_ConnectCallback
                0x000000000800a304       0x1c ./USB_DEVICE/Target/usbd_conf.o
                0x000000000800a304                HAL_PCD_ConnectCallback
 .text.HAL_PCD_DisconnectCallback
                0x000000000800a320       0x1c ./USB_DEVICE/Target/usbd_conf.o
                0x000000000800a320                HAL_PCD_DisconnectCallback
 .text.USBD_LL_Init
                0x000000000800a33c       0x98 ./USB_DEVICE/Target/usbd_conf.o
                0x000000000800a33c                USBD_LL_Init
 .text.USBD_LL_Start
                0x000000000800a3d4       0x36 ./USB_DEVICE/Target/usbd_conf.o
                0x000000000800a3d4                USBD_LL_Start
 .text.USBD_LL_OpenEP
                0x000000000800a40a       0x4c ./USB_DEVICE/Target/usbd_conf.o
                0x000000000800a40a                USBD_LL_OpenEP
 .text.USBD_LL_CloseEP
                0x000000000800a456       0x3e ./USB_DEVICE/Target/usbd_conf.o
                0x000000000800a456                USBD_LL_CloseEP
 .text.USBD_LL_StallEP
                0x000000000800a494       0x3e ./USB_DEVICE/Target/usbd_conf.o
                0x000000000800a494                USBD_LL_StallEP
 .text.USBD_LL_ClearStallEP
                0x000000000800a4d2       0x3e ./USB_DEVICE/Target/usbd_conf.o
                0x000000000800a4d2                USBD_LL_ClearStallEP
 .text.USBD_LL_IsStallEP
                0x000000000800a510       0x58 ./USB_DEVICE/Target/usbd_conf.o
                0x000000000800a510                USBD_LL_IsStallEP
 .text.USBD_LL_SetUSBAddress
                0x000000000800a568       0x3e ./USB_DEVICE/Target/usbd_conf.o
                0x000000000800a568                USBD_LL_SetUSBAddress
 .text.USBD_LL_Transmit
                0x000000000800a5a6       0x42 ./USB_DEVICE/Target/usbd_conf.o
                0x000000000800a5a6                USBD_LL_Transmit
 .text.USBD_LL_PrepareReceive
                0x000000000800a5e8       0x42 ./USB_DEVICE/Target/usbd_conf.o
                0x000000000800a5e8                USBD_LL_PrepareReceive
 .text.USBD_LL_GetRxDataSize
                0x000000000800a62a       0x26 ./USB_DEVICE/Target/usbd_conf.o
                0x000000000800a62a                USBD_LL_GetRxDataSize
 .text.USBD_static_malloc
                0x000000000800a650       0x1c ./USB_DEVICE/Target/usbd_conf.o
                0x000000000800a650                USBD_static_malloc
 .text.USBD_static_free
                0x000000000800a66c       0x14 ./USB_DEVICE/Target/usbd_conf.o
                0x000000000800a66c                USBD_static_free
 .text.USBD_Get_USB_Status
                0x000000000800a680       0x58 ./USB_DEVICE/Target/usbd_conf.o
                0x000000000800a680                USBD_Get_USB_Status
 .text.__libc_init_array
                0x000000000800a6d8       0x48 /Applications/STM32CubeIDE.app/Contents/Eclipse/plugins/com.st.stm32cube.ide.mcu.externaltools.gnu-tools-for-stm32.10.3-2021.10.macos64_1.0.100.202210260954/tools/bin/../lib/gcc/arm-none-eabi/10.3.1/../../../../arm-none-eabi/lib/thumb/v7e-m+fp/hard/libc_nano.a(lib_a-init.o)
                0x000000000800a6d8                __libc_init_array
 .text.__retarget_lock_acquire_recursive
                0x000000000800a720        0x2 /Applications/STM32CubeIDE.app/Contents/Eclipse/plugins/com.st.stm32cube.ide.mcu.externaltools.gnu-tools-for-stm32.10.3-2021.10.macos64_1.0.100.202210260954/tools/bin/../lib/gcc/arm-none-eabi/10.3.1/../../../../arm-none-eabi/lib/thumb/v7e-m+fp/hard/libc_nano.a(lib_a-lock.o)
                0x000000000800a720                __retarget_lock_acquire_recursive
 .text.__retarget_lock_release_recursive
                0x000000000800a722        0x2 /Applications/STM32CubeIDE.app/Contents/Eclipse/plugins/com.st.stm32cube.ide.mcu.externaltools.gnu-tools-for-stm32.10.3-2021.10.macos64_1.0.100.202210260954/tools/bin/../lib/gcc/arm-none-eabi/10.3.1/../../../../arm-none-eabi/lib/thumb/v7e-m+fp/hard/libc_nano.a(lib_a-lock.o)
                0x000000000800a722                __retarget_lock_release_recursive
 .text.memcpy   0x000000000800a724       0x1c /Applications/STM32CubeIDE.app/Contents/Eclipse/plugins/com.st.stm32cube.ide.mcu.externaltools.gnu-tools-for-stm32.10.3-2021.10.macos64_1.0.100.202210260954/tools/bin/../lib/gcc/arm-none-eabi/10.3.1/../../../../arm-none-eabi/lib/thumb/v7e-m+fp/hard/libc_nano.a(lib_a-memcpy-stub.o)
                0x000000000800a724                memcpy
 .text.memset   0x000000000800a740       0x10 /Applications/STM32CubeIDE.app/Contents/Eclipse/plugins/com.st.stm32cube.ide.mcu.externaltools.gnu-tools-for-stm32.10.3-2021.10.macos64_1.0.100.202210260954/tools/bin/../lib/gcc/arm-none-eabi/10.3.1/../../../../arm-none-eabi/lib/thumb/v7e-m+fp/hard/libc_nano.a(lib_a-memset.o)
                0x000000000800a740                memset
 .text.cleanup_glue
                0x000000000800a750       0x1a /Applications/STM32CubeIDE.app/Contents/Eclipse/plugins/com.st.stm32cube.ide.mcu.externaltools.gnu-tools-for-stm32.10.3-2021.10.macos64_1.0.100.202210260954/tools/bin/../lib/gcc/arm-none-eabi/10.3.1/../../../../arm-none-eabi/lib/thumb/v7e-m+fp/hard/libc_nano.a(lib_a-reent.o)
                0x000000000800a750                cleanup_glue
 *fill*         0x000000000800a76a        0x2 
 .text._reclaim_reent
                0x000000000800a76c       0xb8 /Applications/STM32CubeIDE.app/Contents/Eclipse/plugins/com.st.stm32cube.ide.mcu.externaltools.gnu-tools-for-stm32.10.3-2021.10.macos64_1.0.100.202210260954/tools/bin/../lib/gcc/arm-none-eabi/10.3.1/../../../../arm-none-eabi/lib/thumb/v7e-m+fp/hard/libc_nano.a(lib_a-reent.o)
                0x000000000800a76c                _reclaim_reent
 .text.__malloc_lock
                0x000000000800a824        0xc /Applications/STM32CubeIDE.app/Contents/Eclipse/plugins/com.st.stm32cube.ide.mcu.externaltools.gnu-tools-for-stm32.10.3-2021.10.macos64_1.0.100.202210260954/tools/bin/../lib/gcc/arm-none-eabi/10.3.1/../../../../arm-none-eabi/lib/thumb/v7e-m+fp/hard/libc_nano.a(lib_a-mlock.o)
                0x000000000800a824                __malloc_lock
 .text.__malloc_unlock
                0x000000000800a830        0xc /Applications/STM32CubeIDE.app/Contents/Eclipse/plugins/com.st.stm32cube.ide.mcu.externaltools.gnu-tools-for-stm32.10.3-2021.10.macos64_1.0.100.202210260954/tools/bin/../lib/gcc/arm-none-eabi/10.3.1/../../../../arm-none-eabi/lib/thumb/v7e-m+fp/hard/libc_nano.a(lib_a-mlock.o)
                0x000000000800a830                __malloc_unlock
 .text._free_r  0x000000000800a83c       0x98 /Applications/STM32CubeIDE.app/Contents/Eclipse/plugins/com.st.stm32cube.ide.mcu.externaltools.gnu-tools-for-stm32.10.3-2021.10.macos64_1.0.100.202210260954/tools/bin/../lib/gcc/arm-none-eabi/10.3.1/../../../../arm-none-eabi/lib/thumb/v7e-m+fp/hard/libc_nano.a(lib_a-nano-freer.o)
                0x000000000800a83c                _free_r
 *(.glue_7)
 .glue_7        0x000000000800a8d4        0x0 linker stubs
 *(.glue_7t)
 .glue_7t       0x000000000800a8d4        0x0 linker stubs
 *(.eh_frame)
 .eh_frame      0x000000000800a8d4        0x0 /Applications/STM32CubeIDE.app/Contents/Eclipse/plugins/com.st.stm32cube.ide.mcu.externaltools.gnu-tools-for-stm32.10.3-2021.10.macos64_1.0.100.202210260954/tools/bin/../lib/gcc/arm-none-eabi/10.3.1/thumb/v7e-m+fp/hard/crtbegin.o
 *(.init)
 .init          0x000000000800a8d4        0x4 /Applications/STM32CubeIDE.app/Contents/Eclipse/plugins/com.st.stm32cube.ide.mcu.externaltools.gnu-tools-for-stm32.10.3-2021.10.macos64_1.0.100.202210260954/tools/bin/../lib/gcc/arm-none-eabi/10.3.1/thumb/v7e-m+fp/hard/crti.o
                0x000000000800a8d4                _init
 .init          0x000000000800a8d8        0x8 /Applications/STM32CubeIDE.app/Contents/Eclipse/plugins/com.st.stm32cube.ide.mcu.externaltools.gnu-tools-for-stm32.10.3-2021.10.macos64_1.0.100.202210260954/tools/bin/../lib/gcc/arm-none-eabi/10.3.1/thumb/v7e-m+fp/hard/crtn.o
 *(.fini)
 .fini          0x000000000800a8e0        0x4 /Applications/STM32CubeIDE.app/Contents/Eclipse/plugins/com.st.stm32cube.ide.mcu.externaltools.gnu-tools-for-stm32.10.3-2021.10.macos64_1.0.100.202210260954/tools/bin/../lib/gcc/arm-none-eabi/10.3.1/thumb/v7e-m+fp/hard/crti.o
                0x000000000800a8e0                _fini
 .fini          0x000000000800a8e4        0x8 /Applications/STM32CubeIDE.app/Contents/Eclipse/plugins/com.st.stm32cube.ide.mcu.externaltools.gnu-tools-for-stm32.10.3-2021.10.macos64_1.0.100.202210260954/tools/bin/../lib/gcc/arm-none-eabi/10.3.1/thumb/v7e-m+fp/hard/crtn.o
                0x000000000800a8ec                . = ALIGN (0x4)
                0x000000000800a8ec                _etext = .

.vfp11_veneer   0x000000000800a8ec        0x0
 .vfp11_veneer  0x000000000800a8ec        0x0 linker stubs

.v4_bx          0x000000000800a8ec        0x0
 .v4_bx         0x000000000800a8ec        0x0 linker stubs

.iplt           0x000000000800a8ec        0x0
 .iplt          0x000000000800a8ec        0x0 /Applications/STM32CubeIDE.app/Contents/Eclipse/plugins/com.st.stm32cube.ide.mcu.externaltools.gnu-tools-for-stm32.10.3-2021.10.macos64_1.0.100.202210260954/tools/bin/../lib/gcc/arm-none-eabi/10.3.1/thumb/v7e-m+fp/hard/crtbegin.o

.rodata         0x000000000800a8ec      0x108
                0x000000000800a8ec                . = ALIGN (0x4)
 *(.rodata)
 .rodata        0x000000000800a8ec        0xc ./Core/Src/main.o
 .rodata        0x000000000800a8f8        0x5 ./Middlewares/Third_Party/FreeRTOS/Source/tasks.o
 *fill*         0x000000000800a8fd        0x3 
 .rodata        0x000000000800a900        0xd ./Middlewares/Third_Party/FreeRTOS/Source/timers.o
 *fill*         0x000000000800a90d        0x3 
 .rodata        0x000000000800a910       0x46 ./USB_DEVICE/App/usbd_desc.o
 *(.rodata*)
 *fill*         0x000000000800a956        0x2 
 .rodata.defaultTask_attributes
                0x000000000800a958       0x24 ./Core/Src/main.o
                0x000000000800a958                defaultTask_attributes
 .rodata.AHBPrescTable
                0x000000000800a97c       0x10 ./Core/Src/system_stm32f4xx.o
                0x000000000800a97c                AHBPrescTable
 .rodata.APBPrescTable
                0x000000000800a98c        0x8 ./Core/Src/system_stm32f4xx.o
                0x000000000800a98c                APBPrescTable
 .rodata.__sf_fake_stderr
                0x000000000800a994       0x20 /Applications/STM32CubeIDE.app/Contents/Eclipse/plugins/com.st.stm32cube.ide.mcu.externaltools.gnu-tools-for-stm32.10.3-2021.10.macos64_1.0.100.202210260954/tools/bin/../lib/gcc/arm-none-eabi/10.3.1/../../../../arm-none-eabi/lib/thumb/v7e-m+fp/hard/libc_nano.a(lib_a-findfp.o)
                0x000000000800a994                __sf_fake_stderr
 .rodata.__sf_fake_stdin
                0x000000000800a9b4       0x20 /Applications/STM32CubeIDE.app/Contents/Eclipse/plugins/com.st.stm32cube.ide.mcu.externaltools.gnu-tools-for-stm32.10.3-2021.10.macos64_1.0.100.202210260954/tools/bin/../lib/gcc/arm-none-eabi/10.3.1/../../../../arm-none-eabi/lib/thumb/v7e-m+fp/hard/libc_nano.a(lib_a-findfp.o)
                0x000000000800a9b4                __sf_fake_stdin
 .rodata.__sf_fake_stdout
                0x000000000800a9d4       0x20 /Applications/STM32CubeIDE.app/Contents/Eclipse/plugins/com.st.stm32cube.ide.mcu.externaltools.gnu-tools-for-stm32.10.3-2021.10.macos64_1.0.100.202210260954/tools/bin/../lib/gcc/arm-none-eabi/10.3.1/../../../../arm-none-eabi/lib/thumb/v7e-m+fp/hard/libc_nano.a(lib_a-findfp.o)
                0x000000000800a9d4                __sf_fake_stdout
                0x000000000800a9f4                . = ALIGN (0x4)

.ARM.extab      0x000000000800a9f4        0x0
                0x000000000800a9f4                . = ALIGN (0x4)
 *(.ARM.extab* .gnu.linkonce.armextab.*)
                0x000000000800a9f4                . = ALIGN (0x4)

.ARM            0x000000000800a9f4        0x8
                0x000000000800a9f4                . = ALIGN (0x4)
                0x000000000800a9f4                __exidx_start = .
 *(.ARM.exidx*)
 .ARM.exidx     0x000000000800a9f4        0x8 /Applications/STM32CubeIDE.app/Contents/Eclipse/plugins/com.st.stm32cube.ide.mcu.externaltools.gnu-tools-for-stm32.10.3-2021.10.macos64_1.0.100.202210260954/tools/bin/../lib/gcc/arm-none-eabi/10.3.1/thumb/v7e-m+fp/hard/libgcc.a(_udivmoddi4.o)
                0x000000000800a9fc                __exidx_end = .
                0x000000000800a9fc                . = ALIGN (0x4)

.rel.dyn        0x000000000800a9fc        0x0
 .rel.iplt      0x000000000800a9fc        0x0 /Applications/STM32CubeIDE.app/Contents/Eclipse/plugins/com.st.stm32cube.ide.mcu.externaltools.gnu-tools-for-stm32.10.3-2021.10.macos64_1.0.100.202210260954/tools/bin/../lib/gcc/arm-none-eabi/10.3.1/thumb/v7e-m+fp/hard/crtbegin.o

.preinit_array  0x000000000800a9fc        0x0
                0x000000000800a9fc                . = ALIGN (0x4)
                0x000000000800a9fc                PROVIDE (__preinit_array_start = .)
 *(.preinit_array*)
                0x000000000800a9fc                PROVIDE (__preinit_array_end = .)
                0x000000000800a9fc                . = ALIGN (0x4)

.init_array     0x000000000800a9fc        0x4
                0x000000000800a9fc                . = ALIGN (0x4)
                0x000000000800a9fc                PROVIDE (__init_array_start = .)
 *(SORT_BY_NAME(.init_array.*))
 *(.init_array*)
 .init_array    0x000000000800a9fc        0x4 /Applications/STM32CubeIDE.app/Contents/Eclipse/plugins/com.st.stm32cube.ide.mcu.externaltools.gnu-tools-for-stm32.10.3-2021.10.macos64_1.0.100.202210260954/tools/bin/../lib/gcc/arm-none-eabi/10.3.1/thumb/v7e-m+fp/hard/crtbegin.o
                0x000000000800aa00                PROVIDE (__init_array_end = .)
                0x000000000800aa00                . = ALIGN (0x4)

.fini_array     0x000000000800aa00        0x4
                0x000000000800aa00                . = ALIGN (0x4)
                [!provide]                        PROVIDE (__fini_array_start = .)
 *(SORT_BY_NAME(.fini_array.*))
 *(.fini_array*)
 .fini_array    0x000000000800aa00        0x4 /Applications/STM32CubeIDE.app/Contents/Eclipse/plugins/com.st.stm32cube.ide.mcu.externaltools.gnu-tools-for-stm32.10.3-2021.10.macos64_1.0.100.202210260954/tools/bin/../lib/gcc/arm-none-eabi/10.3.1/thumb/v7e-m+fp/hard/crtbegin.o
                [!provide]                        PROVIDE (__fini_array_end = .)
                0x000000000800aa04                . = ALIGN (0x4)
                0x000000000800aa04                _sidata = LOADADDR (.data)

.data           0x0000000020000000      0x164 load address 0x000000000800aa04
                0x0000000020000000                . = ALIGN (0x4)
                0x0000000020000000                _sdata = .
 *(.data)
 *(.data*)
 .data.SystemCoreClock
                0x0000000020000000        0x4 ./Core/Src/system_stm32f4xx.o
                0x0000000020000000                SystemCoreClock
 .data.uwTickPrio
                0x0000000020000004        0x4 ./Drivers/STM32F4xx_HAL_Driver/Src/stm32f4xx_hal.o
                0x0000000020000004                uwTickPrio
 .data.uwTickFreq
                0x0000000020000008        0x1 ./Drivers/STM32F4xx_HAL_Driver/Src/stm32f4xx_hal.o
                0x0000000020000008                uwTickFreq
 *fill*         0x0000000020000009        0x3 
 .data.USBD_CDC_DeviceQualifierDesc
                0x000000002000000c        0xa ./Middlewares/ST/STM32_USB_Device_Library/Class/CDC/Src/usbd_cdc.o
 *fill*         0x0000000020000016        0x2 
 .data.USBD_CDC
                0x0000000020000018       0x38 ./Middlewares/ST/STM32_USB_Device_Library/Class/CDC/Src/usbd_cdc.o
                0x0000000020000018                USBD_CDC
 .data.USBD_CDC_CfgDesc
                0x0000000020000050       0x43 ./Middlewares/ST/STM32_USB_Device_Library/Class/CDC/Src/usbd_cdc.o
 .data.CDCInEpAdd
                0x0000000020000093        0x1 ./Middlewares/ST/STM32_USB_Device_Library/Class/CDC/Src/usbd_cdc.o
 .data.CDCOutEpAdd
                0x0000000020000094        0x1 ./Middlewares/ST/STM32_USB_Device_Library/Class/CDC/Src/usbd_cdc.o
 .data.CDCCmdEpAdd
                0x0000000020000095        0x1 ./Middlewares/ST/STM32_USB_Device_Library/Class/CDC/Src/usbd_cdc.o
 *fill*         0x0000000020000096        0x2 
 .data.uxCriticalNesting
                0x0000000020000098        0x4 ./Middlewares/Third_Party/FreeRTOS/Source/portable/GCC/ARM_CM4F/port.o
 .data.USBD_Interface_fops_FS
                0x000000002000009c       0x14 ./USB_DEVICE/App/usbd_cdc_if.o
                0x000000002000009c                USBD_Interface_fops_FS
 .data.FS_Desc  0x00000000200000b0       0x1c ./USB_DEVICE/App/usbd_desc.o
                0x00000000200000b0                FS_Desc
 .data.USBD_FS_DeviceDesc
                0x00000000200000cc       0x12 ./USB_DEVICE/App/usbd_desc.o
                0x00000000200000cc                USBD_FS_DeviceDesc
 *fill*         0x00000000200000de        0x2 
 .data.USBD_LangIDDesc
                0x00000000200000e0        0x4 ./USB_DEVICE/App/usbd_desc.o
                0x00000000200000e0                USBD_LangIDDesc
 .data.USBD_StringSerial
                0x00000000200000e4       0x1a ./USB_DEVICE/App/usbd_desc.o
                0x00000000200000e4                USBD_StringSerial
 *fill*         0x00000000200000fe        0x2 
 .data._impure_ptr
                0x0000000020000100        0x4 /Applications/STM32CubeIDE.app/Contents/Eclipse/plugins/com.st.stm32cube.ide.mcu.externaltools.gnu-tools-for-stm32.10.3-2021.10.macos64_1.0.100.202210260954/tools/bin/../lib/gcc/arm-none-eabi/10.3.1/../../../../arm-none-eabi/lib/thumb/v7e-m+fp/hard/libc_nano.a(lib_a-impure.o)
                0x0000000020000100                _impure_ptr
 .data.impure_data
                0x0000000020000104       0x60 /Applications/STM32CubeIDE.app/Contents/Eclipse/plugins/com.st.stm32cube.ide.mcu.externaltools.gnu-tools-for-stm32.10.3-2021.10.macos64_1.0.100.202210260954/tools/bin/../lib/gcc/arm-none-eabi/10.3.1/../../../../arm-none-eabi/lib/thumb/v7e-m+fp/hard/libc_nano.a(lib_a-impure.o)
 *(.RamFunc)
 *(.RamFunc*)
                0x0000000020000164                . = ALIGN (0x4)
                0x0000000020000164                _edata = .
                0x000000000800ab68                _siccmram = LOADADDR (.ccmram)

.igot.plt       0x0000000020000164        0x0 load address 0x000000000800ab68
 .igot.plt      0x0000000020000164        0x0 /Applications/STM32CubeIDE.app/Contents/Eclipse/plugins/com.st.stm32cube.ide.mcu.externaltools.gnu-tools-for-stm32.10.3-2021.10.macos64_1.0.100.202210260954/tools/bin/../lib/gcc/arm-none-eabi/10.3.1/thumb/v7e-m+fp/hard/crtbegin.o

.ccmram         0x0000000010000000        0x0 load address 0x000000000800ab68
                0x0000000010000000                . = ALIGN (0x4)
                0x0000000010000000                _sccmram = .
 *(.ccmram)
 *(.ccmram*)
                0x0000000010000000                . = ALIGN (0x4)
                0x0000000010000000                _eccmram = .
                0x0000000010000000                . = ALIGN (0x4)

.bss            0x0000000020000164     0xaaa0
                0x0000000020000164                _sbss = .
                0x0000000020000164                __bss_start__ = _sbss
 *(.bss)
 .bss           0x0000000020000164       0x1c /Applications/STM32CubeIDE.app/Contents/Eclipse/plugins/com.st.stm32cube.ide.mcu.externaltools.gnu-tools-for-stm32.10.3-2021.10.macos64_1.0.100.202210260954/tools/bin/../lib/gcc/arm-none-eabi/10.3.1/thumb/v7e-m+fp/hard/crtbegin.o
 *(.bss*)
 .bss.defaultTaskHandle
                0x0000000020000180        0x4 ./Core/Src/main.o
                0x0000000020000180                defaultTaskHandle
 .bss.htim1     0x0000000020000184       0x48 ./Core/Src/stm32f4xx_hal_timebase_tim.o
                0x0000000020000184                htim1
 .bss.uwTick    0x00000000200001cc        0x4 ./Drivers/STM32F4xx_HAL_Driver/Src/stm32f4xx_hal.o
                0x00000000200001cc                uwTick
 .bss.cfgidx.0  0x00000000200001d0        0x1 ./Middlewares/ST/STM32_USB_Device_Library/Core/Src/usbd_ctlreq.o
 *fill*         0x00000000200001d1        0x3 
 .bss.KernelState
                0x00000000200001d4        0x4 ./Middlewares/Third_Party/FreeRTOS/Source/CMSIS_RTOS_V2/cmsis_os2.o
 .bss.Idle_TCB.3
                0x00000000200001d8       0xbc ./Middlewares/Third_Party/FreeRTOS/Source/CMSIS_RTOS_V2/cmsis_os2.o
 .bss.Idle_Stack.2
                0x0000000020000294      0x200 ./Middlewares/Third_Party/FreeRTOS/Source/CMSIS_RTOS_V2/cmsis_os2.o
 .bss.Timer_TCB.1
                0x0000000020000494       0xbc ./Middlewares/Third_Party/FreeRTOS/Source/CMSIS_RTOS_V2/cmsis_os2.o
 .bss.Timer_Stack.0
                0x0000000020000550      0x400 ./Middlewares/Third_Party/FreeRTOS/Source/CMSIS_RTOS_V2/cmsis_os2.o
 .bss.xQueueRegistry
                0x0000000020000950       0x40 ./Middlewares/Third_Party/FreeRTOS/Source/queue.o
                0x0000000020000950                xQueueRegistry
 .bss.pxCurrentTCB
                0x0000000020000990        0x4 ./Middlewares/Third_Party/FreeRTOS/Source/tasks.o
                0x0000000020000990                pxCurrentTCB
 .bss.pxReadyTasksLists
                0x0000000020000994      0x460 ./Middlewares/Third_Party/FreeRTOS/Source/tasks.o
 .bss.xDelayedTaskList1
                0x0000000020000df4       0x14 ./Middlewares/Third_Party/FreeRTOS/Source/tasks.o
 .bss.xDelayedTaskList2
                0x0000000020000e08       0x14 ./Middlewares/Third_Party/FreeRTOS/Source/tasks.o
 .bss.pxDelayedTaskList
                0x0000000020000e1c        0x4 ./Middlewares/Third_Party/FreeRTOS/Source/tasks.o
 .bss.pxOverflowDelayedTaskList
                0x0000000020000e20        0x4 ./Middlewares/Third_Party/FreeRTOS/Source/tasks.o
 .bss.xPendingReadyList
                0x0000000020000e24       0x14 ./Middlewares/Third_Party/FreeRTOS/Source/tasks.o
 .bss.xTasksWaitingTermination
                0x0000000020000e38       0x14 ./Middlewares/Third_Party/FreeRTOS/Source/tasks.o
 .bss.uxDeletedTasksWaitingCleanUp
                0x0000000020000e4c        0x4 ./Middlewares/Third_Party/FreeRTOS/Source/tasks.o
 .bss.xSuspendedTaskList
                0x0000000020000e50       0x14 ./Middlewares/Third_Party/FreeRTOS/Source/tasks.o
 .bss.uxCurrentNumberOfTasks
                0x0000000020000e64        0x4 ./Middlewares/Third_Party/FreeRTOS/Source/tasks.o
 .bss.xTickCount
                0x0000000020000e68        0x4 ./Middlewares/Third_Party/FreeRTOS/Source/tasks.o
 .bss.uxTopReadyPriority
                0x0000000020000e6c        0x4 ./Middlewares/Third_Party/FreeRTOS/Source/tasks.o
 .bss.xSchedulerRunning
                0x0000000020000e70        0x4 ./Middlewares/Third_Party/FreeRTOS/Source/tasks.o
 .bss.xPendedTicks
                0x0000000020000e74        0x4 ./Middlewares/Third_Party/FreeRTOS/Source/tasks.o
 .bss.xYieldPending
                0x0000000020000e78        0x4 ./Middlewares/Third_Party/FreeRTOS/Source/tasks.o
 .bss.xNumOfOverflows
                0x0000000020000e7c        0x4 ./Middlewares/Third_Party/FreeRTOS/Source/tasks.o
 .bss.uxTaskNumber
                0x0000000020000e80        0x4 ./Middlewares/Third_Party/FreeRTOS/Source/tasks.o
 .bss.xNextTaskUnblockTime
                0x0000000020000e84        0x4 ./Middlewares/Third_Party/FreeRTOS/Source/tasks.o
 .bss.xIdleTaskHandle
                0x0000000020000e88        0x4 ./Middlewares/Third_Party/FreeRTOS/Source/tasks.o
 .bss.uxSchedulerSuspended
                0x0000000020000e8c        0x4 ./Middlewares/Third_Party/FreeRTOS/Source/tasks.o
 .bss.xActiveTimerList1
                0x0000000020000e90       0x14 ./Middlewares/Third_Party/FreeRTOS/Source/timers.o
 .bss.xActiveTimerList2
                0x0000000020000ea4       0x14 ./Middlewares/Third_Party/FreeRTOS/Source/timers.o
 .bss.pxCurrentTimerList
                0x0000000020000eb8        0x4 ./Middlewares/Third_Party/FreeRTOS/Source/timers.o
 .bss.pxOverflowTimerList
                0x0000000020000ebc        0x4 ./Middlewares/Third_Party/FreeRTOS/Source/timers.o
 .bss.xTimerQueue
                0x0000000020000ec0        0x4 ./Middlewares/Third_Party/FreeRTOS/Source/timers.o
 .bss.xTimerTaskHandle
                0x0000000020000ec4        0x4 ./Middlewares/Third_Party/FreeRTOS/Source/timers.o
 .bss.xLastTime.2
                0x0000000020000ec8        0x4 ./Middlewares/Third_Party/FreeRTOS/Source/timers.o
 .bss.ucStaticTimerQueueStorage.1
                0x0000000020000ecc       0xa0 ./Middlewares/Third_Party/FreeRTOS/Source/timers.o
 .bss.xStaticTimerQueue.0
                0x0000000020000f6c       0x50 ./Middlewares/Third_Party/FreeRTOS/Source/timers.o
 .bss.ucMaxSysCallPriority
                0x0000000020000fbc        0x1 ./Middlewares/Third_Party/FreeRTOS/Source/portable/GCC/ARM_CM4F/port.o
 *fill*         0x0000000020000fbd        0x3 
 .bss.ulMaxPRIGROUPValue
                0x0000000020000fc0        0x4 ./Middlewares/Third_Party/FreeRTOS/Source/portable/GCC/ARM_CM4F/port.o
 .bss.ucHeap    0x0000000020000fc4     0x8000 ./Middlewares/Third_Party/FreeRTOS/Source/portable/MemMang/heap_4.o
 .bss.xStart    0x0000000020008fc4        0x8 ./Middlewares/Third_Party/FreeRTOS/Source/portable/MemMang/heap_4.o
 .bss.pxEnd     0x0000000020008fcc        0x4 ./Middlewares/Third_Party/FreeRTOS/Source/portable/MemMang/heap_4.o
 .bss.xFreeBytesRemaining
                0x0000000020008fd0        0x4 ./Middlewares/Third_Party/FreeRTOS/Source/portable/MemMang/heap_4.o
 .bss.xMinimumEverFreeBytesRemaining
                0x0000000020008fd4        0x4 ./Middlewares/Third_Party/FreeRTOS/Source/portable/MemMang/heap_4.o
 .bss.xNumberOfSuccessfulAllocations
                0x0000000020008fd8        0x4 ./Middlewares/Third_Party/FreeRTOS/Source/portable/MemMang/heap_4.o
 .bss.xNumberOfSuccessfulFrees
                0x0000000020008fdc        0x4 ./Middlewares/Third_Party/FreeRTOS/Source/portable/MemMang/heap_4.o
 .bss.xBlockAllocatedBit
                0x0000000020008fe0        0x4 ./Middlewares/Third_Party/FreeRTOS/Source/portable/MemMang/heap_4.o
 .bss.hUsbDeviceFS
                0x0000000020008fe4      0x2dc ./USB_DEVICE/App/usb_device.o
                0x0000000020008fe4                hUsbDeviceFS
 .bss.sem_usb_tx
                0x00000000200092c0        0x4 ./USB_DEVICE/App/usbd_cdc_if.o
                0x00000000200092c0                sem_usb_tx
 .bss.mutex_usb
                0x00000000200092c4        0x4 ./USB_DEVICE/App/usbd_cdc_if.o
                0x00000000200092c4                mutex_usb
 .bss.queue_usb
                0x00000000200092c8        0x4 ./USB_DEVICE/App/usbd_cdc_if.o
                0x00000000200092c8                queue_usb
 .bss.UserRxBufferFS
                0x00000000200092cc      0x800 ./USB_DEVICE/App/usbd_cdc_if.o
                0x00000000200092cc                UserRxBufferFS
 .bss.UserTxBufferFS
                0x0000000020009acc      0x800 ./USB_DEVICE/App/usbd_cdc_if.o
                0x0000000020009acc                UserTxBufferFS
 .bss.usb_is_on
                0x000000002000a2cc        0x4 ./USB_DEVICE/App/usbd_cdc_if.o
                0x000000002000a2cc                usb_is_on
 .bss.USBD_StrDesc
                0x000000002000a2d0      0x200 ./USB_DEVICE/App/usbd_desc.o
                0x000000002000a2d0                USBD_StrDesc
 .bss.hpcd_USB_OTG_FS
                0x000000002000a4d0      0x50c ./USB_DEVICE/Target/usbd_conf.o
                0x000000002000a4d0                hpcd_USB_OTG_FS
 .bss.mem.0     0x000000002000a9dc      0x220 ./USB_DEVICE/Target/usbd_conf.o
 .bss.__lock___malloc_recursive_mutex
                0x000000002000abfc        0x1 /Applications/STM32CubeIDE.app/Contents/Eclipse/plugins/com.st.stm32cube.ide.mcu.externaltools.gnu-tools-for-stm32.10.3-2021.10.macos64_1.0.100.202210260954/tools/bin/../lib/gcc/arm-none-eabi/10.3.1/../../../../arm-none-eabi/lib/thumb/v7e-m+fp/hard/libc_nano.a(lib_a-lock.o)
                0x000000002000abfc                __lock___malloc_recursive_mutex
 *fill*         0x000000002000abfd        0x3 
 .bss.__malloc_free_list
                0x000000002000ac00        0x4 /Applications/STM32CubeIDE.app/Contents/Eclipse/plugins/com.st.stm32cube.ide.mcu.externaltools.gnu-tools-for-stm32.10.3-2021.10.macos64_1.0.100.202210260954/tools/bin/../lib/gcc/arm-none-eabi/10.3.1/../../../../arm-none-eabi/lib/thumb/v7e-m+fp/hard/libc_nano.a(lib_a-nano-mallocr.o)
                0x000000002000ac00                __malloc_free_list
 *(COMMON)
                0x000000002000ac04                . = ALIGN (0x4)
                0x000000002000ac04                _ebss = .
                0x000000002000ac04                __bss_end__ = _ebss

._user_heap_stack
                0x000000002000ac04      0x604
                0x000000002000ac08                . = ALIGN (0x8)
 *fill*         0x000000002000ac04        0x4 
                [!provide]                        PROVIDE (end = .)
                0x000000002000ac08                PROVIDE (_end = .)
                0x000000002000ae08                . = (. + _Min_Heap_Size)
 *fill*         0x000000002000ac08      0x200 
                0x000000002000b208                . = (. + _Min_Stack_Size)
 *fill*         0x000000002000ae08      0x400 
                0x000000002000b208                . = ALIGN (0x8)

/DISCARD/
 libc.a(*)
 libm.a(*)
 libgcc.a(*)

.ARM.attributes
                0x0000000000000000       0x30
 *(.ARM.attributes)
 .ARM.attributes
                0x0000000000000000       0x1e /Applications/STM32CubeIDE.app/Contents/Eclipse/plugins/com.st.stm32cube.ide.mcu.externaltools.gnu-tools-for-stm32.10.3-2021.10.macos64_1.0.100.202210260954/tools/bin/../lib/gcc/arm-none-eabi/10.3.1/thumb/v7e-m+fp/hard/crti.o
 .ARM.attributes
                0x000000000000001e       0x34 /Applications/STM32CubeIDE.app/Contents/Eclipse/plugins/com.st.stm32cube.ide.mcu.externaltools.gnu-tools-for-stm32.10.3-2021.10.macos64_1.0.100.202210260954/tools/bin/../lib/gcc/arm-none-eabi/10.3.1/thumb/v7e-m+fp/hard/crtbegin.o
 .ARM.attributes
                0x0000000000000052       0x34 ./Core/Src/main.o
 .ARM.attributes
                0x0000000000000086       0x34 ./Core/Src/stm32f4xx_hal_msp.o
 .ARM.attributes
                0x00000000000000ba       0x34 ./Core/Src/stm32f4xx_hal_timebase_tim.o
 .ARM.attributes
                0x00000000000000ee       0x34 ./Core/Src/stm32f4xx_it.o
 .ARM.attributes
                0x0000000000000122       0x34 ./Core/Src/system_stm32f4xx.o
 .ARM.attributes
                0x0000000000000156       0x21 ./Core/Startup/startup_stm32f407vgtx.o
 .ARM.attributes
                0x0000000000000177       0x34 ./Drivers/STM32F4xx_HAL_Driver/Src/stm32f4xx_hal.o
 .ARM.attributes
                0x00000000000001ab       0x34 ./Drivers/STM32F4xx_HAL_Driver/Src/stm32f4xx_hal_cortex.o
 .ARM.attributes
                0x00000000000001df       0x34 ./Drivers/STM32F4xx_HAL_Driver/Src/stm32f4xx_hal_gpio.o
 .ARM.attributes
                0x0000000000000213       0x34 ./Drivers/STM32F4xx_HAL_Driver/Src/stm32f4xx_hal_pcd.o
 .ARM.attributes
                0x0000000000000247       0x34 ./Drivers/STM32F4xx_HAL_Driver/Src/stm32f4xx_hal_pcd_ex.o
 .ARM.attributes
                0x000000000000027b       0x34 ./Drivers/STM32F4xx_HAL_Driver/Src/stm32f4xx_hal_rcc.o
 .ARM.attributes
                0x00000000000002af       0x34 ./Drivers/STM32F4xx_HAL_Driver/Src/stm32f4xx_hal_tim.o
 .ARM.attributes
                0x00000000000002e3       0x34 ./Drivers/STM32F4xx_HAL_Driver/Src/stm32f4xx_hal_tim_ex.o
 .ARM.attributes
                0x0000000000000317       0x34 ./Drivers/STM32F4xx_HAL_Driver/Src/stm32f4xx_ll_usb.o
 .ARM.attributes
                0x000000000000034b       0x34 ./Middlewares/ST/STM32_USB_Device_Library/Class/CDC/Src/usbd_cdc.o
 .ARM.attributes
                0x000000000000037f       0x34 ./Middlewares/ST/STM32_USB_Device_Library/Core/Src/usbd_core.o
 .ARM.attributes