Archive member included to satisfy reference by file (symbol)

/Applications/STM32CubeIDE.app/Contents/Eclipse/plugins/com.st.stm32cube.ide.mcu.externaltools.gnu-tools-for-stm32.10.3-2021.10.macos64_1.0.100.202210260954/tools/bin/../lib/gcc/arm-none-eabi/10.3.1/../../../../arm-none-eabi/lib/thumb/v7e-m+fp/hard/libc_nano.a(lib_a-errno.o)
                              ./Core/Src/syscalls.o (__errno)
/Applications/STM32CubeIDE.app/Contents/Eclipse/plugins/com.st.stm32cube.ide.mcu.externaltools.gnu-tools-for-stm32.10.3-2021.10.macos64_1.0.100.202210260954/tools/bin/../lib/gcc/arm-none-eabi/10.3.1/../../../../arm-none-eabi/lib/thumb/v7e-m+fp/hard/libc_nano.a(lib_a-exit.o)
                              /Applications/STM32CubeIDE.app/Contents/Eclipse/plugins/com.st.stm32cube.ide.mcu.externaltools.gnu-tools-for-stm32.10.3-2021.10.macos64_1.0.100.202210260954/tools/bin/../lib/gcc/arm-none-eabi/10.3.1/../../../../arm-none-eabi/lib/thumb/v7e-m+fp/hard/crt0.o (exit)
/Applications/STM32CubeIDE.app/Contents/Eclipse/plugins/com.st.stm32cube.ide.mcu.externaltools.gnu-tools-for-stm32.10.3-2021.10.macos64_1.0.100.202210260954/tools/bin/../lib/gcc/arm-none-eabi/10.3.1/../../../../arm-none-eabi/lib/thumb/v7e-m+fp/hard/libc_nano.a(lib_a-findfp.o)
                              ./Middlewares/Third_Party/FreeRTOS/Source/tasks.o (__sf_fake_stderr)
/Applications/STM32CubeIDE.app/Contents/Eclipse/plugins/com.st.stm32cube.ide.mcu.externaltools.gnu-tools-for-stm32.10.3-2021.10.macos64_1.0.100.202210260954/tools/bin/../lib/gcc/arm-none-eabi/10.3.1/../../../../arm-none-eabi/lib/thumb/v7e-m+fp/hard/libc_nano.a(lib_a-fwalk.o)
                              /Applications/STM32CubeIDE.app/Contents/Eclipse/plugins/com.st.stm32cube.ide.mcu.externaltools.gnu-tools-for-stm32.10.3-2021.10.macos64_1.0.100.202210260954/tools/bin/../lib/gcc/arm-none-eabi/10.3.1/../../../../arm-none-eabi/lib/thumb/v7e-m+fp/hard/libc_nano.a(lib_a-findfp.o) (_fwalk)
/Applications/STM32CubeIDE.app/Contents/Eclipse/plugins/com.st.stm32cube.ide.mcu.externaltools.gnu-tools-for-stm32.10.3-2021.10.macos64_1.0.100.202210260954/tools/bin/../lib/gcc/arm-none-eabi/10.3.1/../../../../arm-none-eabi/lib/thumb/v7e-m+fp/hard/libc_nano.a(lib_a-impure.o)
                              /Applications/STM32CubeIDE.app/Contents/Eclipse/plugins/com.st.stm32cube.ide.mcu.externaltools.gnu-tools-for-stm32.10.3-2021.10.macos64_1.0.100.202210260954/tools/bin/../lib/gcc/arm-none-eabi/10.3.1/../../../../arm-none-eabi/lib/thumb/v7e-m+fp/hard/libc_nano.a(lib_a-exit.o) (_global_impure_ptr)
/Applications/STM32CubeIDE.app/Contents/Eclipse/plugins/com.st.stm32cube.ide.mcu.externaltools.gnu-tools-for-stm32.10.3-2021.10.macos64_1.0.100.202210260954/tools/bin/../lib/gcc/arm-none-eabi/10.3.1/../../../../arm-none-eabi/lib/thumb/v7e-m+fp/hard/libc_nano.a(lib_a-init.o)
                              /Applications/STM32CubeIDE.app/Contents/Eclipse/plugins/com.st.stm32cube.ide.mcu.externaltools.gnu-tools-for-stm32.10.3-2021.10.macos64_1.0.100.202210260954/tools/bin/../lib/gcc/arm-none-eabi/10.3.1/../../../../arm-none-eabi/lib/thumb/v7e-m+fp/hard/crt0.o (__libc_init_array)
/Applications/STM32CubeIDE.app/Contents/Eclipse/plugins/com.st.stm32cube.ide.mcu.externaltools.gnu-tools-for-stm32.10.3-2021.10.macos64_1.0.100.202210260954/tools/bin/../lib/gcc/arm-none-eabi/10.3.1/../../../../arm-none-eabi/lib/thumb/v7e-m+fp/hard/libc_nano.a(lib_a-lock.o)
                              /Applications/STM32CubeIDE.app/Contents/Eclipse/plugins/com.st.stm32cube.ide.mcu.externaltools.gnu-tools-for-stm32.10.3-2021.10.macos64_1.0.100.202210260954/tools/bin/../lib/gcc/arm-none-eabi/10.3.1/../../../../arm-none-eabi/lib/thumb/v7e-m+fp/hard/libc_nano.a(lib_a-findfp.o) (__retarget_lock_init_recursive)
/Applications/STM32CubeIDE.app/Contents/Eclipse/plugins/com.st.stm32cube.ide.mcu.externaltools.gnu-tools-for-stm32.10.3-2021.10.macos64_1.0.100.202210260954/tools/bin/../lib/gcc/arm-none-eabi/10.3.1/../../../../arm-none-eabi/lib/thumb/v7e-m+fp/hard/libc_nano.a(lib_a-memcpy-stub.o)
                              ./Middlewares/Third_Party/FreeRTOS/Source/CMSIS_RTOS_V2/cmsis_os2.o (memcpy)
/Applications/STM32CubeIDE.app/Contents/Eclipse/plugins/com.st.stm32cube.ide.mcu.externaltools.gnu-tools-for-stm32.10.3-2021.10.macos64_1.0.100.202210260954/tools/bin/../lib/gcc/arm-none-eabi/10.3.1/../../../../arm-none-eabi/lib/thumb/v7e-m+fp/hard/libc_nano.a(lib_a-memset.o)
                              /Applications/STM32CubeIDE.app/Contents/Eclipse/plugins/com.st.stm32cube.ide.mcu.externaltools.gnu-tools-for-stm32.10.3-2021.10.macos64_1.0.100.202210260954/tools/bin/../lib/gcc/arm-none-eabi/10.3.1/../../../../arm-none-eabi/lib/thumb/v7e-m+fp/hard/crt0.o (memset)
/Applications/STM32CubeIDE.app/Contents/Eclipse/plugins/com.st.stm32cube.ide.mcu.externaltools.gnu-tools-for-stm32.10.3-2021.10.macos64_1.0.100.202210260954/tools/bin/../lib/gcc/arm-none-eabi/10.3.1/../../../../arm-none-eabi/lib/thumb/v7e-m+fp/hard/libc_nano.a(lib_a-nano-mallocr.o)
[...]
Memory Configuration

Name             Origin             Length             Attributes
CCMRAM           0x0000000010000000 0x0000000000010000 xrw
RAM              0x0000000020000000 0x0000000000020000 xrw
FLASH            0x0000000008000000 0x0000000000100000 xr
*default*        0x0000000000000000 0xffffffffffffffff

Linker script and memory map

LOAD /Applications/STM32CubeIDE.app/Contents/Eclipse/plugins/com.st.stm32cube.ide.mcu.externaltools.gnu-tools-for-stm32.10.3-2021.10.macos64_1.0.100.202210260954/tools/bin/../lib/gcc/arm-none-eabi/10.3.1/thumb/v7e-m+fp/hard/crti.o
LOAD /Applications/STM32CubeIDE.app/Contents/Eclipse/plugins/com.st.stm32cube.ide.mcu.externaltools.gnu-tools-for-stm32.10.3-2021.10.macos64_1.0.100.202210260954/tools/bin/../lib/gcc/arm-none-eabi/10.3.1/thumb/v7e-m+fp/hard/crtbegin.o
LOAD /Applications/STM32CubeIDE.app/Contents/Eclipse/plugins/com.st.stm32cube.ide.mcu.externaltools.gnu-tools-for-stm32.10.3-2021.10.macos64_1.0.100.202210260954/tools/bin/../lib/gcc/arm-none-eabi/10.3.1/../../../../arm-none-eabi/lib/thumb/v7e-m+fp/hard/crt0.o
LOAD ./Core/Src/FreeRTOS_CLI.o
LOAD ./Core/Src/cli.o
LOAD ./Core/Src/freertos.o
LOAD ./Core/Src/main.o
LOAD ./Core/Src/stm32f4xx_hal_msp.o
LOAD ./Core/Src/stm32f4xx_hal_timebase_tim.o
LOAD ./Core/Src/stm32f4xx_it.o
LOAD ./Core/Src/syscalls.o
LOAD ./Core/Src/sysmem.o
LOAD ./Core/Src/system_stm32f4xx.o
LOAD ./Core/Startup/startup_stm32f407vgtx.o
LOAD ./Drivers/STM32F4xx_HAL_Driver/Src/stm32f4xx_hal.o
LOAD ./Drivers/STM32F4xx_HAL_Driver/Src/stm32f4xx_hal_cortex.o
LOAD ./Drivers/STM32F4xx_HAL_Driver/Src/stm32f4xx_hal_dma.o
LOAD ./Drivers/STM32F4xx_HAL_Driver/Src/stm32f4xx_hal_dma_ex.o
LOAD ./Drivers/STM32F4xx_HAL_Driver/Src/stm32f4xx_hal_exti.o
LOAD ./Drivers/STM32F4xx_HAL_Driver/Src/stm32f4xx_hal_flash.o
LOAD ./Drivers/STM32F4xx_HAL_Driver/Src/stm32f4xx_hal_flash_ex.o
LOAD ./Drivers/STM32F4xx_HAL_Driver/Src/stm32f4xx_hal_flash_ramfunc.o
LOAD ./Drivers/STM32F4xx_HAL_Driver/Src/stm32f4xx_hal_gpio.o
LOAD ./Drivers/STM32F4xx_HAL_Driver/Src/stm32f4xx_hal_pcd.o
LOAD ./Drivers/STM32F4xx_HAL_Driver/Src/stm32f4xx_hal_pcd_ex.o
LOAD ./Drivers/STM32F4xx_HAL_Driver/Src/stm32f4xx_hal_pwr.o
LOAD ./Drivers/STM32F4xx_HAL_Driver/Src/stm32f4xx_hal_pwr_ex.o
LOAD ./Drivers/STM32F4xx_HAL_Driver/Src/stm32f4xx_hal_rcc.o
LOAD ./Drivers/STM32F4xx_HAL_Driver/Src/stm32f4xx_hal_rcc_ex.o
LOAD ./Drivers/STM32F4xx_HAL_Driver/Src/stm32f4xx_hal_tim.o
LOAD ./Drivers/STM32F4xx_HAL_Driver/Src/stm32f4xx_hal_tim_ex.o
LOAD ./Drivers/STM32F4xx_HAL_Driver/Src/stm32f4xx_ll_usb.o
LOAD ./Middlewares/ST/STM32_USB_Device_Library/Class/CDC/Src/usbd_cdc.o
LOAD ./Middlewares/ST/STM32_USB_Device_Library/Core/Src/usbd_core.o
LOAD ./Middlewares/ST/STM32_USB_Device_Library/Core/Src/usbd_ctlreq.o
LOAD ./Middlewares/ST/STM32_USB_Device_Library/Core/Src/usbd_ioreq.o
LOAD ./Middlewares/Third_Party/FreeRTOS/Source/CMSIS_RTOS_V2/cmsis_os2.o
LOAD ./Middlewares/Third_Party/FreeRTOS/Source/croutine.o
LOAD ./Middlewares/Third_Party/FreeRTOS/Source/event_groups.o
LOAD ./Middlewares/Third_Party/FreeRTOS/Source/list.o
LOAD ./Middlewares/Third_Party/FreeRTOS/Source/queue.o
LOAD ./Middlewares/Third_Party/FreeRTOS/Source/stream_buffer.o
LOAD ./Middlewares/Third_Party/FreeRTOS/Source/tasks.o
LOAD ./Middlewares/Third_Party/FreeRTOS/Source/timers.o
LOAD ./Middlewares/Third_Party/FreeRTOS/Source/portable/GCC/ARM_CM4F/port.o
LOAD ./Middlewares/Third_Party/FreeRTOS/Source/portable/MemMang/heap_4.o
LOAD ./USB_DEVICE/App/usb_device.o
LOAD ./USB_DEVICE/App/usbd_cdc_if.o
LOAD ./USB_DEVICE/App/usbd_desc.o
LOAD ./USB_DEVICE/Target/usbd_conf.o
START GROUP
LOAD /Applications/STM32CubeIDE.app/Contents/Eclipse/plugins/com.st.stm32cube.ide.mcu.externaltools.gnu-tools-for-stm32.10.3-2021.10.macos64_1.0.100.202210260954/tools/bin/../lib/gcc/arm-none-eabi/10.3.1/../../../../arm-none-eabi/lib/thumb/v7e-m+fp/hard/libc_nano.a
LOAD /Applications/STM32CubeIDE.app/Contents/Eclipse/plugins/com.st.stm32cube.ide.mcu.externaltools.gnu-tools-for-stm32.10.3-2021.10.macos64_1.0.100.202210260954/tools/bin/../lib/gcc/arm-none-eabi/10.3.1/../../../../arm-none-eabi/lib/thumb/v7e-m+fp/hard/libm.a
END GROUP
START GROUP
LOAD /Applications/STM32CubeIDE.app/Contents/Eclipse/plugins/com.st.stm32cube.ide.mcu.externaltools.gnu-tools-for-stm32.10.3-2021.10.macos64_1.0.100.202210260954/tools/bin/../lib/gcc/arm-none-eabi/10.3.1/thumb/v7e-m+fp/hard/libgcc.a
LOAD /Applications/STM32CubeIDE.app/Contents/Eclipse/plugins/com.st.stm32cube.ide.mcu.externaltools.gnu-tools-for-stm32.10.3-2021.10.macos64_1.0.100.202210260954/tools/bin/../lib/gcc/arm-none-eabi/10.3.1/../../../../arm-none-eabi/lib/thumb/v7e-m+fp/hard/libc_nano.a
END GROUP
START GROUP
LOAD /Applications/STM32CubeIDE.app/Contents/Eclipse/plugins/com.st.stm32cube.ide.mcu.externaltools.gnu-tools-for-stm32.10.3-2021.10.macos64_1.0.100.202210260954/tools/bin/../lib/gcc/arm-none-eabi/10.3.1/thumb/v7e-m+fp/hard/libgcc.a
LOAD /Applications/STM32CubeIDE.app/Contents/Eclipse/plugins/com.st.stm32cube.ide.mcu.externaltools.gnu-tools-for-stm32.10.3-2021.10.macos64_1.0.100.202210260954/tools/bin/../lib/gcc/arm-none-eabi/10.3.1/../../../../arm-none-eabi/lib/thumb/v7e-m+fp/hard/libc_nano.a
LOAD /Applications/STM32CubeIDE.app/Contents/Eclipse/plugins/com.st.stm32cube.ide.mcu.externaltools.gnu-tools-for-stm32.10.3-2021.10.macos64_1.0.100.202210260954/tools/bin/../lib/gcc/arm-none-eabi/10.3.1/../../../../arm-none-eabi/lib/thumb/v7e-m+fp/hard/libnosys.a
END GROUP
START GROUP
LOAD /Applications/STM32CubeIDE.app/Contents/Eclipse/plugins/com.st.stm32cube.ide.mcu.externaltools.gnu-tools-for-stm32.10.3-2021.10.macos64_1.0.100.202210260954/tools/bin/../lib/gcc/arm-none-eabi/10.3.1/thumb/v7e-m+fp/hard/libgcc.a
LOAD /Applications/STM32CubeIDE.app/Contents/Eclipse/plugins/com.st.stm32cube.ide.mcu.externaltools.gnu-tools-for-stm32.10.3-2021.10.macos64_1.0.100.202210260954/tools/bin/../lib/gcc/arm-none-eabi/10.3.1/../../../../arm-none-eabi/lib/thumb/v7e-m+fp/hard/libc_nano.a
LOAD /Applications/STM32CubeIDE.app/Contents/Eclipse/plugins/com.st.stm32cube.ide.mcu.externaltools.gnu-tools-for-stm32.10.3-2021.10.macos64_1.0.100.202210260954/tools/bin/../lib/gcc/arm-none-eabi/10.3.1/../../../../arm-none-eabi/lib/thumb/v7e-m+fp/hard/libnosys.a
END GROUP
LOAD /Applications/STM32CubeIDE.app/Contents/Eclipse/plugins/com.st.stm32cube.ide.mcu.externaltools.gnu-tools-for-stm32.10.3-2021.10.macos64_1.0.100.202210260954/tools/bin/../lib/gcc/arm-none-eabi/10.3.1/thumb/v7e-m+fp/hard/crtend.o
LOAD /Applications/STM32CubeIDE.app/Contents/Eclipse/plugins/com.st.stm32cube.ide.mcu.externaltools.gnu-tools-for-stm32.10.3-2021.10.macos64_1.0.100.202210260954/tools/bin/../lib/gcc/arm-none-eabi/10.3.1/thumb/v7e-m+fp/hard/crtn.o
                0x0000000020020000                _estack = (ORIGIN (RAM) + LENGTH (RAM))
                0x0000000000000200                _Min_Heap_Size = 0x200
                0x0000000000000400                _Min_Stack_Size = 0x400

.isr_vector     0x0000000008000000      0x188
                0x0000000008000000                . = ALIGN (0x4)
 *(.isr_vector)
 .isr_vector    0x0000000008000000      0x188 ./Core/Startup/startup_stm32f407vgtx.o
                0x0000000008000000                g_pfnVectors
                0x0000000008000188                . = ALIGN (0x4)

.text           0x0000000008000190     0xc6f4
                0x0000000008000190                . = ALIGN (0x4)
 *(.text)
 .text          0x0000000008000190       0x40 /Applications/STM32CubeIDE.app/Contents/Eclipse/plugins/com.st.stm32cube.ide.mcu.externaltools.gnu-tools-for-stm32.10.3-2021.10.macos64_1.0.100.202210260954/tools/bin/../lib/gcc/arm-none-eabi/10.3.1/thumb/v7e-m+fp/hard/crtbegin.o
 .text          0x00000000080001d0       0x10 /Applications/STM32CubeIDE.app/Contents/Eclipse/plugins/com.st.stm32cube.ide.mcu.externaltools.gnu-tools-for-stm32.10.3-2021.10.macos64_1.0.100.202210260954/tools/bin/../lib/gcc/arm-none-eabi/10.3.1/../../../../arm-none-eabi/lib/thumb/v7e-m+fp/hard/libc_nano.a(lib_a-strlen.o)
                0x00000000080001d0                strlen
 .text          0x00000000080001e0       0xa0 /Applications/STM32CubeIDE.app/Contents/Eclipse/plugins/com.st.stm32cube.ide.mcu.externaltools.gnu-tools-for-stm32.10.3-2021.10.macos64_1.0.100.202210260954/tools/bin/../lib/gcc/arm-none-eabi/10.3.1/../../../../arm-none-eabi/lib/thumb/v7e-m+fp/hard/libc_nano.a(lib_a-memchr.o)
                0x00000000080001e0                memchr
 .text          0x0000000008000280       0x30 /Applications/STM32CubeIDE.app/Contents/Eclipse/plugins/com.st.stm32cube.ide.mcu.externaltools.gnu-tools-for-stm32.10.3-2021.10.macos64_1.0.100.202210260954/tools/bin/../lib/gcc/arm-none-eabi/10.3.1/thumb/v7e-m+fp/hard/libgcc.a(_aeabi_uldivmod.o)
                0x0000000008000280                __aeabi_uldivmod
 .text          0x00000000080002b0      0x2d0 /Applications/STM32CubeIDE.app/Contents/Eclipse/plugins/com.st.stm32cube.ide.mcu.externaltools.gnu-tools-for-stm32.10.3-2021.10.macos64_1.0.100.202210260954/tools/bin/../lib/gcc/arm-none-eabi/10.3.1/thumb/v7e-m+fp/hard/libgcc.a(_udivmoddi4.o)
                0x00000000080002b0                __udivmoddi4
 .text          0x0000000008000580        0x4 /Applications/STM32CubeIDE.app/Contents/Eclipse/plugins/com.st.stm32cube.ide.mcu.externaltools.gnu-tools-for-stm32.10.3-2021.10.macos64_1.0.100.202210260954/tools/bin/../lib/gcc/arm-none-eabi/10.3.1/thumb/v7e-m+fp/hard/libgcc.a(_dvmd_tls.o)
                0x0000000008000580                __aeabi_ldiv0
                0x0000000008000580                __aeabi_idiv0
 *(.text*)
 .text.FreeRTOS_CLIRegisterCommand
                0x0000000008000584       0x88 ./Core/Src/FreeRTOS_CLI.o
                0x0000000008000584                FreeRTOS_CLIRegisterCommand
 .text.FreeRTOS_CLIProcessCommand
                0x000000000800060c      0x10c ./Core/Src/FreeRTOS_CLI.o
                0x000000000800060c                FreeRTOS_CLIProcessCommand
 .text.prvHelpCommand
                0x0000000008000718       0x5c ./Core/Src/FreeRTOS_CLI.o
 .text.prvGetNumberOfParameters
                0x0000000008000774       0x66 ./Core/Src/FreeRTOS_CLI.o
 *fill*         0x00000000080007da        0x2 
 .text.vCommandConsoleTask
                0x00000000080007dc       0xf4 ./Core/Src/cli.o
                0x00000000080007dc                vCommandConsoleTask
 .text.prvTaskStatsCommand
                0x00000000080008d0       0x1c ./Core/Src/cli.o
 .text.prvHarmonicsStatsCommand
                0x00000000080008ec       0x4c ./Core/Src/cli.o
 .text.main     0x0000000008000938       0x38 ./Core/Src/main.o
                0x0000000008000938                main
 .text.SystemClock_Config
                0x0000000008000970       0xd4 ./Core/Src/main.o
                0x0000000008000970                SystemClock_Config
 .text.MX_GPIO_Init
                0x0000000008000a44       0x50 ./Core/Src/main.o
 .text.HAL_TIM_PeriodElapsedCallback
                0x0000000008000a94       0x24 ./Core/Src/main.o
                0x0000000008000a94                HAL_TIM_PeriodElapsedCallback
 .text.Error_Handler
                0x0000000008000ab8        0xa ./Core/Src/main.o
                0x0000000008000ab8                Error_Handler
 *fill*         0x0000000008000ac2        0x2 
 .text.HAL_MspInit
                0x0000000008000ac4       0x58 ./Core/Src/stm32f4xx_hal_msp.o
                0x0000000008000ac4                HAL_MspInit
 .text.HAL_InitTick
                0x0000000008000b1c       0xe8 ./Core/Src/stm32f4xx_hal_timebase_tim.o
                0x0000000008000b1c                HAL_InitTick
 .text.NMI_Handler
                0x0000000008000c04        0x6 ./Core/Src/stm32f4xx_it.o
                0x0000000008000c04                NMI_Handler
 .text.HardFault_Handler
                0x0000000008000c0a        0x6 ./Core/Src/stm32f4xx_it.o
                0x0000000008000c0a                HardFault_Handler
 .text.MemManage_Handler
                0x0000000008000c10        0x6 ./Core/Src/stm32f4xx_it.o
                0x0000000008000c10                MemManage_Handler
 .text.BusFault_Handler
                0x0000000008000c16        0x6 ./Core/Src/stm32f4xx_it.o
                0x0000000008000c16                BusFault_Handler
 .text.UsageFault_Handler
                0x0000000008000c1c        0x6 ./Core/Src/stm32f4xx_it.o
                0x0000000008000c1c                UsageFault_Handler
 .text.DebugMon_Handler
                0x0000000008000c22        0xe ./Core/Src/stm32f4xx_it.o
                0x0000000008000c22                DebugMon_Handler
 .text.TIM1_UP_TIM10_IRQHandler
                0x0000000008000c30       0x14 ./Core/Src/stm32f4xx_it.o
                0x0000000008000c30                TIM1_UP_TIM10_IRQHandler
 .text.OTG_FS_IRQHandler
                0x0000000008000c44       0x14 ./Core/Src/stm32f4xx_it.o
                0x0000000008000c44                OTG_FS_IRQHandler
 .text._sbrk    0x0000000008000c58       0x6c ./Core/Src/sysmem.o
                0x0000000008000c58                _sbrk
 .text.SystemInit
                0x0000000008000cc4       0x24 ./Core/Src/system_stm32f4xx.o
                0x0000000008000cc4                SystemInit
 .text.Reset_Handler
                0x0000000008000ce8       0x50 ./Core/Startup/startup_stm32f407vgtx.o
                0x0000000008000ce8                Reset_Handler
 .text.Default_Handler
                0x0000000008000d38        0x2 ./Core/Startup/startup_stm32f407vgtx.o
                0x0000000008000d38                DMA1_Stream3_IRQHandler
                0x0000000008000d38                HASH_RNG_IRQHandler
                0x0000000008000d38                EXTI2_IRQHandler
                0x0000000008000d38                TIM8_CC_IRQHandler
                0x0000000008000d38                TIM1_CC_IRQHandler
                0x0000000008000d38                DMA2_Stream5_IRQHandler
                0x0000000008000d38                DMA1_Stream5_IRQHandler
                0x0000000008000d38                PVD_IRQHandler
                0x0000000008000d38                SDIO_IRQHandler
                0x0000000008000d38                TAMP_STAMP_IRQHandler
                0x0000000008000d38                CAN2_RX1_IRQHandler
                0x0000000008000d38                EXTI3_IRQHandler
                0x0000000008000d38                TIM8_TRG_COM_TIM14_IRQHandler
                0x0000000008000d38                TIM8_UP_TIM13_IRQHandler
                0x0000000008000d38                I2C3_ER_IRQHandler
                0x0000000008000d38                EXTI0_IRQHandler
                0x0000000008000d38                I2C2_EV_IRQHandler
                0x0000000008000d38                DMA1_Stream2_IRQHandler
                0x0000000008000d38                CAN1_RX0_IRQHandler
                0x0000000008000d38                FPU_IRQHandler
                0x0000000008000d38                OTG_HS_WKUP_IRQHandler
                0x0000000008000d38                CAN2_SCE_IRQHandler
                0x0000000008000d38                DMA2_Stream2_IRQHandler
                0x0000000008000d38                SPI1_IRQHandler
                0x0000000008000d38                TIM6_DAC_IRQHandler
                0x0000000008000d38                TIM1_BRK_TIM9_IRQHandler
                0x0000000008000d38                DCMI_IRQHandler
                0x0000000008000d38                CAN2_RX0_IRQHandler
                0x0000000008000d38                DMA2_Stream3_IRQHandler
                0x0000000008000d38                USART6_IRQHandler
                0x0000000008000d38                USART3_IRQHandler
                0x0000000008000d38                CAN1_RX1_IRQHandler
                0x0000000008000d38                UART5_IRQHandler
                0x0000000008000d38                DMA2_Stream0_IRQHandler
                0x0000000008000d38                TIM4_IRQHandler
                0x0000000008000d38                I2C1_EV_IRQHandler
                0x0000000008000d38                DMA1_Stream6_IRQHandler
                0x0000000008000d38                DMA1_Stream1_IRQHandler
                0x0000000008000d38                UART4_IRQHandler
                0x0000000008000d38                TIM3_IRQHandler
                0x0000000008000d38                RCC_IRQHandler
                0x0000000008000d38                TIM8_BRK_TIM12_IRQHandler
                0x0000000008000d38                Default_Handler
                0x0000000008000d38                EXTI15_10_IRQHandler
                0x0000000008000d38                ADC_IRQHandler
                0x0000000008000d38                DMA1_Stream7_IRQHandler
                0x0000000008000d38                TIM7_IRQHandler
                0x0000000008000d38                CAN2_TX_IRQHandler
                0x0000000008000d38                TIM5_IRQHandler
                0x0000000008000d38                DMA2_Stream7_IRQHandler
                0x0000000008000d38                I2C3_EV_IRQHandler
                0x0000000008000d38                EXTI9_5_IRQHandler
                0x0000000008000d38                RTC_WKUP_IRQHandler
                0x0000000008000d38                ETH_WKUP_IRQHandler
                0x0000000008000d38                SPI2_IRQHandler
                0x0000000008000d38                OTG_HS_EP1_IN_IRQHandler
                0x0000000008000d38                DMA1_Stream0_IRQHandler
                0x0000000008000d38                CAN1_TX_IRQHandler
                0x0000000008000d38                EXTI4_IRQHandler
                0x0000000008000d38                FSMC_IRQHandler
                0x0000000008000d38                ETH_IRQHandler
                0x0000000008000d38                OTG_HS_EP1_OUT_IRQHandler
                0x0000000008000d38                WWDG_IRQHandler
                0x0000000008000d38                TIM2_IRQHandler
                0x0000000008000d38                OTG_FS_WKUP_IRQHandler
                0x0000000008000d38                TIM1_TRG_COM_TIM11_IRQHandler
                0x0000000008000d38                OTG_HS_IRQHandler
                0x0000000008000d38                EXTI1_IRQHandler
                0x0000000008000d38                USART2_IRQHandler
                0x0000000008000d38                I2C2_ER_IRQHandler
                0x0000000008000d38                DMA2_Stream1_IRQHandler
                0x0000000008000d38                CAN1_SCE_IRQHandler
                0x0000000008000d38                FLASH_IRQHandler
                0x0000000008000d38                DMA2_Stream4_IRQHandler
                0x0000000008000d38                USART1_IRQHandler
                0x0000000008000d38                SPI3_IRQHandler
                0x0000000008000d38                DMA1_Stream4_IRQHandler
                0x0000000008000d38                I2C1_ER_IRQHandler
                0x0000000008000d38                DMA2_Stream6_IRQHandler
                0x0000000008000d38                RTC_Alarm_IRQHandler
 *fill*         0x0000000008000d3a        0x2 
 .text.HAL_Init
                0x0000000008000d3c       0x44 ./Drivers/STM32F4xx_HAL_Driver/Src/stm32f4xx_hal.o
                0x0000000008000d3c                HAL_Init
 .text.HAL_IncTick
                0x0000000008000d80       0x28 ./Drivers/STM32F4xx_HAL_Driver/Src/stm32f4xx_hal.o
                0x0000000008000d80                HAL_IncTick
 .text.HAL_GetTick
                0x0000000008000da8       0x18 ./Drivers/STM32F4xx_HAL_Driver/Src/stm32f4xx_hal.o
                0x0000000008000da8                HAL_GetTick
 .text.HAL_Delay
                0x0000000008000dc0       0x48 ./Drivers/STM32F4xx_HAL_Driver/Src/stm32f4xx_hal.o
                0x0000000008000dc0                HAL_Delay
 .text.__NVIC_SetPriorityGrouping
                0x0000000008000e08       0x48 ./Drivers/STM32F4xx_HAL_Driver/Src/stm32f4xx_hal_cortex.o
 .text.__NVIC_GetPriorityGrouping
                0x0000000008000e50       0x1c ./Drivers/STM32F4xx_HAL_Driver/Src/stm32f4xx_hal_cortex.o
 .text.__NVIC_EnableIRQ
                0x0000000008000e6c       0x3c ./Drivers/STM32F4xx_HAL_Driver/Src/stm32f4xx_hal_cortex.o
 .text.__NVIC_SetPriority
                0x0000000008000ea8       0x54 ./Drivers/STM32F4xx_HAL_Driver/Src/stm32f4xx_hal_cortex.o
 .text.NVIC_EncodePriority
                0x0000000008000efc       0x66 ./Drivers/STM32F4xx_HAL_Driver/Src/stm32f4xx_hal_cortex.o
 .text.HAL_NVIC_SetPriorityGrouping
                0x0000000008000f62       0x16 ./Drivers/STM32F4xx_HAL_Driver/Src/stm32f4xx_hal_cortex.o
                0x0000000008000f62                HAL_NVIC_SetPriorityGrouping
 .text.HAL_NVIC_SetPriority
                0x0000000008000f78       0x38 ./Drivers/STM32F4xx_HAL_Driver/Src/stm32f4xx_hal_cortex.o
                0x0000000008000f78                HAL_NVIC_SetPriority
 .text.HAL_NVIC_EnableIRQ
                0x0000000008000fb0       0x1c ./Drivers/STM32F4xx_HAL_Driver/Src/stm32f4xx_hal_cortex.o
                0x0000000008000fb0                HAL_NVIC_EnableIRQ
 .text.HAL_GPIO_Init
                0x0000000008000fcc      0x338 ./Drivers/STM32F4xx_HAL_Driver/Src/stm32f4xx_hal_gpio.o
                0x0000000008000fcc                HAL_GPIO_Init
 .text.HAL_PCD_Init
                0x0000000008001304      0x23a ./Drivers/STM32F4xx_HAL_Driver/Src/stm32f4xx_hal_pcd.o
                0x0000000008001304                HAL_PCD_Init
 .text.HAL_PCD_Start
                0x000000000800153e       0x66 ./Drivers/STM32F4xx_HAL_Driver/Src/stm32f4xx_hal_pcd.o
                0x000000000800153e                HAL_PCD_Start
 .text.HAL_PCD_IRQHandler
                0x00000000080015a4      0x93e ./Drivers/STM32F4xx_HAL_Driver/Src/stm32f4xx_hal_pcd.o
                0x00000000080015a4                HAL_PCD_IRQHandler
 .text.HAL_PCD_SetAddress
                0x0000000008001ee2       0x4a ./Drivers/STM32F4xx_HAL_Driver/Src/stm32f4xx_hal_pcd.o
                0x0000000008001ee2                HAL_PCD_SetAddress
 .text.HAL_PCD_EP_Open
                0x0000000008001f2c       0xd0 ./Drivers/STM32F4xx_HAL_Driver/Src/stm32f4xx_hal_pcd.o
                0x0000000008001f2c                HAL_PCD_EP_Open
 .text.HAL_PCD_EP_Close
                0x0000000008001ffc       0x94 ./Drivers/STM32F4xx_HAL_Driver/Src/stm32f4xx_hal_pcd.o
                0x0000000008001ffc                HAL_PCD_EP_Close
 .text.HAL_PCD_EP_Receive
                0x0000000008002090       0x96 ./Drivers/STM32F4xx_HAL_Driver/Src/stm32f4xx_hal_pcd.o
                0x0000000008002090                HAL_PCD_EP_Receive
 .text.HAL_PCD_EP_GetRxCount
                0x0000000008002126       0x30 ./Drivers/STM32F4xx_HAL_Driver/Src/stm32f4xx_hal_pcd.o
                0x0000000008002126                HAL_PCD_EP_GetRxCount
 .text.HAL_PCD_EP_Transmit
                0x0000000008002156       0x94 ./Drivers/STM32F4xx_HAL_Driver/Src/stm32f4xx_hal_pcd.o
                0x0000000008002156                HAL_PCD_EP_Transmit
 .text.HAL_PCD_EP_SetStall
                0x00000000080021ea       0xc8 ./Drivers/STM32F4xx_HAL_Driver/Src/stm32f4xx_hal_pcd.o
                0x00000000080021ea                HAL_PCD_EP_SetStall
 .text.HAL_PCD_EP_ClrStall
                0x00000000080022b2       0xac ./Drivers/STM32F4xx_HAL_Driver/Src/stm32f4xx_hal_pcd.o
                0x00000000080022b2                HAL_PCD_EP_ClrStall
 .text.HAL_PCD_EP_Abort
                0x000000000800235e       0x62 ./Drivers/STM32F4xx_HAL_Driver/Src/stm32f4xx_hal_pcd.o
                0x000000000800235e                HAL_PCD_EP_Abort
 .text.PCD_WriteEmptyTxFifo
                0x00000000080023c0      0x11a ./Drivers/STM32F4xx_HAL_Driver/Src/stm32f4xx_hal_pcd.o
 *fill*         0x00000000080024da        0x2 
 .text.PCD_EP_OutXfrComplete_int
                0x00000000080024dc      0x1d0 ./Drivers/STM32F4xx_HAL_Driver/Src/stm32f4xx_hal_pcd.o
 .text.PCD_EP_OutSetupPacket_int
                0x00000000080026ac       0x8c ./Drivers/STM32F4xx_HAL_Driver/Src/stm32f4xx_hal_pcd.o
 .text.HAL_PCDEx_SetTxFiFo
                0x0000000008002738       0x8e ./Drivers/STM32F4xx_HAL_Driver/Src/stm32f4xx_hal_pcd_ex.o
                0x0000000008002738                HAL_PCDEx_SetTxFiFo
 .text.HAL_PCDEx_SetRxFiFo
                0x00000000080027c6       0x22 ./Drivers/STM32F4xx_HAL_Driver/Src/stm32f4xx_hal_pcd_ex.o
                0x00000000080027c6                HAL_PCDEx_SetRxFiFo
 .text.HAL_PCDEx_LPM_Callback
                0x00000000080027e8       0x18 ./Drivers/STM32F4xx_HAL_Driver/Src/stm32f4xx_hal_pcd_ex.o
                0x00000000080027e8                HAL_PCDEx_LPM_Callback
 .text.HAL_RCC_OscConfig
                0x0000000008002800      0x4f0 ./Drivers/STM32F4xx_HAL_Driver/Src/stm32f4xx_hal_rcc.o
                0x0000000008002800                HAL_RCC_OscConfig
 .text.HAL_RCC_ClockConfig
                0x0000000008002cf0      0x1cc ./Drivers/STM32F4xx_HAL_Driver/Src/stm32f4xx_hal_rcc.o
                0x0000000008002cf0                HAL_RCC_ClockConfig
 .text.HAL_RCC_GetSysClockFreq
                0x0000000008002ebc      0x20c ./Drivers/STM32F4xx_HAL_Driver/Src/stm32f4xx_hal_rcc.o
                0x0000000008002ebc                HAL_RCC_GetSysClockFreq
 .text.HAL_RCC_GetHCLKFreq
                0x00000000080030c8       0x18 ./Drivers/STM32F4xx_HAL_Driver/Src/stm32f4xx_hal_rcc.o
                0x00000000080030c8                HAL_RCC_GetHCLKFreq
 .text.HAL_RCC_GetPCLK2Freq
                0x00000000080030e0       0x28 ./Drivers/STM32F4xx_HAL_Driver/Src/stm32f4xx_hal_rcc.o
                0x00000000080030e0                HAL_RCC_GetPCLK2Freq
 .text.HAL_RCC_GetClockConfig
                0x0000000008003108       0x64 ./Drivers/STM32F4xx_HAL_Driver/Src/stm32f4xx_hal_rcc.o
                0x0000000008003108                HAL_RCC_GetClockConfig
 .text.HAL_TIM_Base_Init
                0x000000000800316c       0x9e ./Drivers/STM32F4xx_HAL_Driver/Src/stm32f4xx_hal_tim.o
                0x000000000800316c                HAL_TIM_Base_Init
 .text.HAL_TIM_Base_MspInit
                0x000000000800320a       0x14 ./Drivers/STM32F4xx_HAL_Driver/Src/stm32f4xx_hal_tim.o
                0x000000000800320a                HAL_TIM_Base_MspInit
 *fill*         0x000000000800321e        0x2 
 .text.HAL_TIM_Base_Start_IT
                0x0000000008003220       0xe0 ./Drivers/STM32F4xx_HAL_Driver/Src/stm32f4xx_hal_tim.o
                0x0000000008003220                HAL_TIM_Base_Start_IT
 .text.HAL_TIM_IRQHandler
                0x0000000008003300      0x210 ./Drivers/STM32F4xx_HAL_Driver/Src/stm32f4xx_hal_tim.o
                0x0000000008003300                HAL_TIM_IRQHandler
 .text.HAL_TIM_OC_DelayElapsedCallback
                0x0000000008003510       0x14 ./Drivers/STM32F4xx_HAL_Driver/Src/stm32f4xx_hal_tim.o
                0x0000000008003510                HAL_TIM_OC_DelayElapsedCallback
 .text.HAL_TIM_IC_CaptureCallback
                0x0000000008003524       0x14 ./Drivers/STM32F4xx_HAL_Driver/Src/stm32f4xx_hal_tim.o
                0x0000000008003524                HAL_TIM_IC_CaptureCallback
 .text.HAL_TIM_PWM_PulseFinishedCallback
                0x0000000008003538       0x14 ./Drivers/STM32F4xx_HAL_Driver/Src/stm32f4xx_hal_tim.o
                0x0000000008003538                HAL_TIM_PWM_PulseFinishedCallback
 .text.HAL_TIM_TriggerCallback
                0x000000000800354c       0x14 ./Drivers/STM32F4xx_HAL_Driver/Src/stm32f4xx_hal_tim.o
                0x000000000800354c                HAL_TIM_TriggerCallback
 .text.TIM_Base_SetConfig
                0x0000000008003560      0x140 ./Drivers/STM32F4xx_HAL_Driver/Src/stm32f4xx_hal_tim.o
                0x0000000008003560                TIM_Base_SetConfig
 .text.HAL_TIMEx_CommutCallback
                0x00000000080036a0       0x14 ./Drivers/STM32F4xx_HAL_Driver/Src/stm32f4xx_hal_tim_ex.o
                0x00000000080036a0                HAL_TIMEx_CommutCallback
 .text.HAL_TIMEx_BreakCallback
                0x00000000080036b4       0x14 ./Drivers/STM32F4xx_HAL_Driver/Src/stm32f4xx_hal_tim_ex.o
                0x00000000080036b4                HAL_TIMEx_BreakCallback
 .text.USB_CoreInit
                0x00000000080036c8       0xc2 ./Drivers/STM32F4xx_HAL_Driver/Src/stm32f4xx_ll_usb.o
                0x00000000080036c8                USB_CoreInit
 *fill*         0x000000000800378a        0x2 
 .text.USB_SetTurnaroundTime
                0x000000000800378c      0x144 ./Drivers/STM32F4xx_HAL_Driver/Src/stm32f4xx_ll_usb.o
                0x000000000800378c                USB_SetTurnaroundTime
 .text.USB_EnableGlobalInt
                0x00000000080038d0       0x22 ./Drivers/STM32F4xx_HAL_Driver/Src/stm32f4xx_ll_usb.o
                0x00000000080038d0                USB_EnableGlobalInt
 .text.USB_DisableGlobalInt
                0x00000000080038f2       0x22 ./Drivers/STM32F4xx_HAL_Driver/Src/stm32f4xx_ll_usb.o
                0x00000000080038f2                USB_DisableGlobalInt
 .text.USB_SetCurrentMode
                0x0000000008003914       0x98 ./Drivers/STM32F4xx_HAL_Driver/Src/stm32f4xx_ll_usb.o
                0x0000000008003914                USB_SetCurrentMode
 .text.USB_DevInit
                0x00000000080039ac      0x2c8 ./Drivers/STM32F4xx_HAL_Driver/Src/stm32f4xx_ll_usb.o
                0x00000000080039ac                USB_DevInit
 .text.USB_FlushTxFifo
                0x0000000008003c74       0x68 ./Drivers/STM32F4xx_HAL_Driver/Src/stm32f4xx_ll_usb.o
                0x0000000008003c74                USB_FlushTxFifo
 .text.USB_FlushRxFifo
                0x0000000008003cdc       0x60 ./Drivers/STM32F4xx_HAL_Driver/Src/stm32f4xx_ll_usb.o
                0x0000000008003cdc                USB_FlushRxFifo
 .text.USB_SetDevSpeed
                0x0000000008003d3c       0x32 ./Drivers/STM32F4xx_HAL_Driver/Src/stm32f4xx_ll_usb.o
                0x0000000008003d3c                USB_SetDevSpeed
 .text.USB_GetDevSpeed
                0x0000000008003d6e       0x4a ./Drivers/STM32F4xx_HAL_Driver/Src/stm32f4xx_ll_usb.o
                0x0000000008003d6e                USB_GetDevSpeed
 .text.USB_ActivateEndpoint
                0x0000000008003db8      0x10e ./Drivers/STM32F4xx_HAL_Driver/Src/stm32f4xx_ll_usb.o
                0x0000000008003db8                USB_ActivateEndpoint
 *fill*         0x0000000008003ec6        0x2 
 .text.USB_DeactivateEndpoint
                0x0000000008003ec8      0x1b8 ./Drivers/STM32F4xx_HAL_Driver/Src/stm32f4xx_ll_usb.o
                0x0000000008003ec8                USB_DeactivateEndpoint
 .text.USB_EPStartXfer
                0x0000000008004080      0x490 ./Drivers/STM32F4xx_HAL_Driver/Src/stm32f4xx_ll_usb.o
                0x0000000008004080                USB_EPStartXfer
 .text.USB_EP0StartXfer
                0x0000000008004510      0x2b0 ./Drivers/STM32F4xx_HAL_Driver/Src/stm32f4xx_ll_usb.o
                0x0000000008004510                USB_EP0StartXfer
 .text.USB_EPStopXfer
                0x00000000080047c0      0x154 ./Drivers/STM32F4xx_HAL_Driver/Src/stm32f4xx_ll_usb.o
                0x00000000080047c0                USB_EPStopXfer
 .text.USB_WritePacket
                0x0000000008004914       0x7c ./Drivers/STM32F4xx_HAL_Driver/Src/stm32f4xx_ll_usb.o
                0x0000000008004914                USB_WritePacket
 .text.USB_ReadPacket
                0x0000000008004990       0xb0 ./Drivers/STM32F4xx_HAL_Driver/Src/stm32f4xx_ll_usb.o
                0x0000000008004990                USB_ReadPacket
 .text.USB_EPSetStall
                0x0000000008004a40       0xdc ./Drivers/STM32F4xx_HAL_Driver/Src/stm32f4xx_ll_usb.o
                0x0000000008004a40                USB_EPSetStall
 .text.USB_EPClearStall
                0x0000000008004b1c       0xcc ./Drivers/STM32F4xx_HAL_Driver/Src/stm32f4xx_ll_usb.o
                0x0000000008004b1c                USB_EPClearStall
 .text.USB_SetDevAddress
                0x0000000008004be8       0x4c ./Drivers/STM32F4xx_HAL_Driver/Src/stm32f4xx_ll_usb.o
                0x0000000008004be8                USB_SetDevAddress
 .text.USB_DevConnect
                0x0000000008004c34       0x42 ./Drivers/STM32F4xx_HAL_Driver/Src/stm32f4xx_ll_usb.o
                0x0000000008004c34                USB_DevConnect
 .text.USB_DevDisconnect
                0x0000000008004c76       0x42 ./Drivers/STM32F4xx_HAL_Driver/Src/stm32f4xx_ll_usb.o
                0x0000000008004c76                USB_DevDisconnect
 .text.USB_ReadInterrupts
                0x0000000008004cb8       0x26 ./Drivers/STM32F4xx_HAL_Driver/Src/stm32f4xx_ll_usb.o
                0x0000000008004cb8                USB_ReadInterrupts
 .text.USB_ReadDevAllOutEpInterrupt
                0x0000000008004cde       0x34 ./Drivers/STM32F4xx_HAL_Driver/Src/stm32f4xx_ll_usb.o
                0x0000000008004cde                USB_ReadDevAllOutEpInterrupt
 .text.USB_ReadDevAllInEpInterrupt
                0x0000000008004d12       0x34 ./Drivers/STM32F4xx_HAL_Driver/Src/stm32f4xx_ll_usb.o
                0x0000000008004d12                USB_ReadDevAllInEpInterrupt
 .text.USB_ReadDevOutEPInterrupt
                0x0000000008004d46       0x3c ./Drivers/STM32F4xx_HAL_Driver/Src/stm32f4xx_ll_usb.o
                0x0000000008004d46                USB_ReadDevOutEPInterrupt
 .text.USB_ReadDevInEPInterrupt
                0x0000000008004d82       0x5c ./Drivers/STM32F4xx_HAL_Driver/Src/stm32f4xx_ll_usb.o
                0x0000000008004d82                USB_ReadDevInEPInterrupt
 .text.USB_GetMode
                0x0000000008004dde       0x1c ./Drivers/STM32F4xx_HAL_Driver/Src/stm32f4xx_ll_usb.o
                0x0000000008004dde                USB_GetMode
 .text.USB_ActivateSetup
                0x0000000008004dfa       0x46 ./Drivers/STM32F4xx_HAL_Driver/Src/stm32f4xx_ll_usb.o
                0x0000000008004dfa                USB_ActivateSetup
 .text.USB_EP0_OutStart
                0x0000000008004e40       0xbc ./Drivers/STM32F4xx_HAL_Driver/Src/stm32f4xx_ll_usb.o
                0x0000000008004e40                USB_EP0_OutStart
 .text.USB_CoreReset
                0x0000000008004efc       0x68 ./Drivers/STM32F4xx_HAL_Driver/Src/stm32f4xx_ll_usb.o
 .text.USBD_CDC_Init
                0x0000000008004f64      0x1f0 ./Middlewares/ST/STM32_USB_Device_Library/Class/CDC/Src/usbd_cdc.o
 .text.USBD_CDC_DeInit
                0x0000000008005154      0x104 ./Middlewares/ST/STM32_USB_Device_Library/Class/CDC/Src/usbd_cdc.o
 .text.USBD_CDC_Setup
                0x0000000008005258      0x1b8 ./Middlewares/ST/STM32_USB_Device_Library/Class/CDC/Src/usbd_cdc.o
 .text.USBD_CDC_DataIn
                0x0000000008005410       0xfe ./Middlewares/ST/STM32_USB_Device_Library/Class/CDC/Src/usbd_cdc.o
 .text.USBD_CDC_DataOut
                0x000000000800550e       0x70 ./Middlewares/ST/STM32_USB_Device_Library/Class/CDC/Src/usbd_cdc.o
 .text.USBD_CDC_EP0_RxReady
                0x000000000800557e       0x76 ./Middlewares/ST/STM32_USB_Device_Library/Class/CDC/Src/usbd_cdc.o
 .text.USBD_CDC_GetFSCfgDesc
                0x00000000080055f4       0x70 ./Middlewares/ST/STM32_USB_Device_Library/Class/CDC/Src/usbd_cdc.o
 .text.USBD_CDC_GetHSCfgDesc
                0x0000000008005664       0x70 ./Middlewares/ST/STM32_USB_Device_Library/Class/CDC/Src/usbd_cdc.o
 .text.USBD_CDC_GetOtherSpeedCfgDesc
                0x00000000080056d4       0x70 ./Middlewares/ST/STM32_USB_Device_Library/Class/CDC/Src/usbd_cdc.o
 .text.USBD_CDC_GetDeviceQualifierDescriptor
                0x0000000008005744       0x20 ./Middlewares/ST/STM32_USB_Device_Library/Class/CDC/Src/usbd_cdc.o
                0x0000000008005744                USBD_CDC_GetDeviceQualifierDescriptor
 .text.USBD_CDC_RegisterInterface
                0x0000000008005764       0x34 ./Middlewares/ST/STM32_USB_Device_Library/Class/CDC/Src/usbd_cdc.o
                0x0000000008005764                USBD_CDC_RegisterInterface
 .text.USBD_CDC_SetTxBuffer
                0x0000000008005798       0x44 ./Middlewares/ST/STM32_USB_Device_Library/Class/CDC/Src/usbd_cdc.o
                0x0000000008005798                USBD_CDC_SetTxBuffer
 .text.USBD_CDC_SetRxBuffer
                0x00000000080057dc       0x3a ./Middlewares/ST/STM32_USB_Device_Library/Class/CDC/Src/usbd_cdc.o
                0x00000000080057dc                USBD_CDC_SetRxBuffer
 *fill*         0x0000000008005816        0x2 
 .text.USBD_CDC_TransmitPacket
                0x0000000008005818       0x8c ./Middlewares/ST/STM32_USB_Device_Library/Class/CDC/Src/usbd_cdc.o
                0x0000000008005818                USBD_CDC_TransmitPacket
 .text.USBD_CDC_ReceivePacket
                0x00000000080058a4       0x6c ./Middlewares/ST/STM32_USB_Device_Library/Class/CDC/Src/usbd_cdc.o
                0x00000000080058a4                USBD_CDC_ReceivePacket
 .text.USBD_Init
                0x0000000008005910       0x60 ./Middlewares/ST/STM32_USB_Device_Library/Core/Src/usbd_core.o
                0x0000000008005910                USBD_Init
 .text.USBD_RegisterClass
                0x0000000008005970       0x6c ./Middlewares/ST/STM32_USB_Device_Library/Core/Src/usbd_core.o
                0x0000000008005970                USBD_RegisterClass
 .text.USBD_Start
                0x00000000080059dc       0x18 ./Middlewares/ST/STM32_USB_Device_Library/Core/Src/usbd_core.o
                0x00000000080059dc                USBD_Start
 .text.USBD_RunTestMode
                0x00000000080059f4       0x16 ./Middlewares/ST/STM32_USB_Device_Library/Core/Src/usbd_core.o
                0x00000000080059f4                USBD_RunTestMode
 .text.USBD_SetClassConfig
                0x0000000008005a0a       0x38 ./Middlewares/ST/STM32_USB_Device_Library/Core/Src/usbd_core.o
                0x0000000008005a0a                USBD_SetClassConfig
 .text.USBD_ClrClassConfig
                0x0000000008005a42       0x34 ./Middlewares/ST/STM32_USB_Device_Library/Core/Src/usbd_core.o
                0x0000000008005a42                USBD_ClrClassConfig
 .text.USBD_LL_SetupStage
                0x0000000008005a76       0xaa ./Middlewares/ST/STM32_USB_Device_Library/Core/Src/usbd_core.o
                0x0000000008005a76                USBD_LL_SetupStage
 .text.USBD_LL_DataOutStage
                0x0000000008005b20      0x166 ./Middlewares/ST/STM32_USB_Device_Library/Core/Src/usbd_core.o
                0x0000000008005b20                USBD_LL_DataOutStage
 .text.USBD_LL_DataInStage
                0x0000000008005c86      0x164 ./Middlewares/ST/STM32_USB_Device_Library/Core/Src/usbd_core.o
                0x0000000008005c86                USBD_LL_DataInStage
 .text.USBD_LL_Reset
                0x0000000008005dea       0xa4 ./Middlewares/ST/STM32_USB_Device_Library/Core/Src/usbd_core.o
                0x0000000008005dea                USBD_LL_Reset
 .text.USBD_LL_SetSpeed
                0x0000000008005e8e       0x20 ./Middlewares/ST/STM32_USB_Device_Library/Core/Src/usbd_core.o
                0x0000000008005e8e                USBD_LL_SetSpeed
 .text.USBD_LL_Suspend
                0x0000000008005eae       0x2c ./Middlewares/ST/STM32_USB_Device_Library/Core/Src/usbd_core.o
                0x0000000008005eae                USBD_LL_Suspend
 .text.USBD_LL_Resume
                0x0000000008005eda       0x30 ./Middlewares/ST/STM32_USB_Device_Library/Core/Src/usbd_core.o
                0x0000000008005eda                USBD_LL_Resume
 .text.USBD_LL_SOF
                0x0000000008005f0a       0x40 ./Middlewares/ST/STM32_USB_Device_Library/Core/Src/usbd_core.o
                0x0000000008005f0a                USBD_LL_SOF
 .text.USBD_LL_IsoINIncomplete
                0x0000000008005f4a       0x64 ./Middlewares/ST/STM32_USB_Device_Library/Core/Src/usbd_core.o
                0x0000000008005f4a                USBD_LL_IsoINIncomplete
 .text.USBD_LL_IsoOUTIncomplete
                0x0000000008005fae       0x64 ./Middlewares/ST/STM32_USB_Device_Library/Core/Src/usbd_core.o
                0x0000000008005fae                USBD_LL_IsoOUTIncomplete
 .text.USBD_LL_DevConnected
                0x0000000008006012       0x16 ./Middlewares/ST/STM32_USB_Device_Library/Core/Src/usbd_core.o
                0x0000000008006012                USBD_LL_DevConnected
 .text.USBD_LL_DevDisconnected
                0x0000000008006028       0x46 ./Middlewares/ST/STM32_USB_Device_Library/Core/Src/usbd_core.o
                0x0000000008006028                USBD_LL_DevDisconnected
 .text.USBD_CoreFindIF
                0x000000000800606e       0x1a ./Middlewares/ST/STM32_USB_Device_Library/Core/Src/usbd_core.o
                0x000000000800606e                USBD_CoreFindIF
 .text.USBD_CoreFindEP
                0x0000000008006088       0x1a ./Middlewares/ST/STM32_USB_Device_Library/Core/Src/usbd_core.o
                0x0000000008006088                USBD_CoreFindEP
 .text.USBD_GetEpDesc
                0x00000000080060a2       0x74 ./Middlewares/ST/STM32_USB_Device_Library/Core/Src/usbd_core.o
                0x00000000080060a2                USBD_GetEpDesc
 .text.USBD_GetNextDesc
                0x0000000008006116       0x3a ./Middlewares/ST/STM32_USB_Device_Library/Core/Src/usbd_core.o
                0x0000000008006116                USBD_GetNextDesc
 .text.SWAPBYTE
                0x0000000008006150       0x3c ./Middlewares/ST/STM32_USB_Device_Library/Core/Src/usbd_ctlreq.o
 .text.USBD_StdDevReq
                0x000000000800618c       0xe4 ./Middlewares/ST/STM32_USB_Device_Library/Core/Src/usbd_ctlreq.o
                0x000000000800618c                USBD_StdDevReq
 .text.USBD_StdItfReq
                0x0000000008006270       0xd8 ./Middlewares/ST/STM32_USB_Device_Library/Core/Src/usbd_ctlreq.o
                0x0000000008006270                USBD_StdItfReq
 .text.USBD_StdEPReq
                0x0000000008006348      0x33a ./Middlewares/ST/STM32_USB_Device_Library/Core/Src/usbd_ctlreq.o
                0x0000000008006348                USBD_StdEPReq
 *fill*         0x0000000008006682        0x2 
 .text.USBD_GetDescriptor
                0x0000000008006684      0x2d4 ./Middlewares/ST/STM32_USB_Device_Library/Core/Src/usbd_ctlreq.o
 .text.USBD_SetAddress
                0x0000000008006958       0x88 ./Middlewares/ST/STM32_USB_Device_Library/Core/Src/usbd_ctlreq.o
 .text.USBD_SetConfig
                0x00000000080069e0      0x154 ./Middlewares/ST/STM32_USB_Device_Library/Core/Src/usbd_ctlreq.o
 .text.USBD_GetConfig
                0x0000000008006b34       0x6c ./Middlewares/ST/STM32_USB_Device_Library/Core/Src/usbd_ctlreq.o
 .text.USBD_GetStatus
                0x0000000008006ba0       0x68 ./Middlewares/ST/STM32_USB_Device_Library/Core/Src/usbd_ctlreq.o
 .text.USBD_SetFeature
                0x0000000008006c08       0x52 ./Middlewares/ST/STM32_USB_Device_Library/Core/Src/usbd_ctlreq.o
 .text.USBD_ClrFeature
                0x0000000008006c5a       0x44 ./Middlewares/ST/STM32_USB_Device_Library/Core/Src/usbd_ctlreq.o
 .text.USBD_ParseSetupRequest
                0x0000000008006c9e       0x74 ./Middlewares/ST/STM32_USB_Device_Library/Core/Src/usbd_ctlreq.o
                0x0000000008006c9e                USBD_ParseSetupRequest
 .text.USBD_CtlError
                0x0000000008006d12       0x22 ./Middlewares/ST/STM32_USB_Device_Library/Core/Src/usbd_ctlreq.o
                0x0000000008006d12                USBD_CtlError
 .text.USBD_GetString
                0x0000000008006d34       0x8c ./Middlewares/ST/STM32_USB_Device_Library/Core/Src/usbd_ctlreq.o
                0x0000000008006d34                USBD_GetString
 .text.USBD_GetLen
                0x0000000008006dc0       0x34 ./Middlewares/ST/STM32_USB_Device_Library/Core/Src/usbd_ctlreq.o
 .text.USBD_CtlSendData
                0x0000000008006df4       0x36 ./Middlewares/ST/STM32_USB_Device_Library/Core/Src/usbd_ioreq.o
                0x0000000008006df4                USBD_CtlSendData
 .text.USBD_CtlContinueSendData
                0x0000000008006e2a       0x22 ./Middlewares/ST/STM32_USB_Device_Library/Core/Src/usbd_ioreq.o
                0x0000000008006e2a                USBD_CtlContinueSendData
 .text.USBD_CtlPrepareRx
                0x0000000008006e4c       0x3a ./Middlewares/ST/STM32_USB_Device_Library/Core/Src/usbd_ioreq.o
                0x0000000008006e4c                USBD_CtlPrepareRx
 .text.USBD_CtlContinueRx
                0x0000000008006e86       0x22 ./Middlewares/ST/STM32_USB_Device_Library/Core/Src/usbd_ioreq.o
                0x0000000008006e86                USBD_CtlContinueRx
 .text.USBD_CtlSendStatus
                0x0000000008006ea8       0x26 ./Middlewares/ST/STM32_USB_Device_Library/Core/Src/usbd_ioreq.o
                0x0000000008006ea8                USBD_CtlSendStatus
 .text.USBD_CtlReceiveStatus
                0x0000000008006ece       0x26 ./Middlewares/ST/STM32_USB_Device_Library/Core/Src/usbd_ioreq.o
                0x0000000008006ece                USBD_CtlReceiveStatus
 .text.__NVIC_SetPriority
                0x0000000008006ef4       0x54 ./Middlewares/Third_Party/FreeRTOS/Source/CMSIS_RTOS_V2/cmsis_os2.o
 .text.SysTick_Handler
                0x0000000008006f48       0x20 ./Middlewares/Third_Party/FreeRTOS/Source/CMSIS_RTOS_V2/cmsis_os2.o
                0x0000000008006f48                SysTick_Handler
 .text.SVC_Setup
                0x0000000008006f68       0x12 ./Middlewares/Third_Party/FreeRTOS/Source/CMSIS_RTOS_V2/cmsis_os2.o
 *fill*         0x0000000008006f7a        0x2 
 .text.osKernelInitialize
                0x0000000008006f7c       0x48 ./Middlewares/Third_Party/FreeRTOS/Source/CMSIS_RTOS_V2/cmsis_os2.o
                0x0000000008006f7c                osKernelInitialize
 .text.osKernelStart
                0x0000000008006fc4       0x4c ./Middlewares/Third_Party/FreeRTOS/Source/CMSIS_RTOS_V2/cmsis_os2.o
                0x0000000008006fc4                osKernelStart
 .text.osThreadNew
                0x0000000008007010      0x124 ./Middlewares/Third_Party/FreeRTOS/Source/CMSIS_RTOS_V2/cmsis_os2.o
                0x0000000008007010                osThreadNew
 .text.vApplicationGetIdleTaskMemory
                0x0000000008007134       0x34 ./Middlewares/Third_Party/FreeRTOS/Source/CMSIS_RTOS_V2/cmsis_os2.o
                0x0000000008007134                vApplicationGetIdleTaskMemory
 .text.vApplicationGetTimerTaskMemory
                0x0000000008007168       0x34 ./Middlewares/Third_Party/FreeRTOS/Source/CMSIS_RTOS_V2/cmsis_os2.o
                0x0000000008007168                vApplicationGetTimerTaskMemory
 .text.vListInitialise
                0x000000000800719c       0x40 ./Middlewares/Third_Party/FreeRTOS/Source/list.o
                0x000000000800719c                vListInitialise
 .text.vListInitialiseItem
                0x00000000080071dc       0x1a ./Middlewares/Third_Party/FreeRTOS/Source/list.o
                0x00000000080071dc                vListInitialiseItem
 .text.vListInsertEnd
                0x00000000080071f6       0x48 ./Middlewares/Third_Party/FreeRTOS/Source/list.o
                0x00000000080071f6                vListInsertEnd
 .text.vListInsert
                0x000000000800723e       0x72 ./Middlewares/Third_Party/FreeRTOS/Source/list.o
                0x000000000800723e                vListInsert
 .text.uxListRemove
                0x00000000080072b0       0x54 ./Middlewares/Third_Party/FreeRTOS/Source/list.o
                0x00000000080072b0                uxListRemove
 .text.xQueueGenericReset
                0x0000000008007304       0xd0 ./Middlewares/Third_Party/FreeRTOS/Source/queue.o
                0x0000000008007304                xQueueGenericReset
 .text.xQueueGenericCreateStatic
                0x00000000080073d4       0xf0 ./Middlewares/Third_Party/FreeRTOS/Source/queue.o
                0x00000000080073d4                xQueueGenericCreateStatic
 .text.xQueueGenericCreate
                0x00000000080074c4       0x74 ./Middlewares/Third_Party/FreeRTOS/Source/queue.o
                0x00000000080074c4                xQueueGenericCreate
 .text.prvInitialiseNewQueue
                0x0000000008007538       0x46 ./Middlewares/Third_Party/FreeRTOS/Source/queue.o
 .text.prvInitialiseMutex
                0x000000000800757e       0x34 ./Middlewares/Third_Party/FreeRTOS/Source/queue.o
 .text.xQueueCreateMutex
                0x00000000080075b2       0x30 ./Middlewares/Third_Party/FreeRTOS/Source/queue.o
                0x00000000080075b2                xQueueCreateMutex
 *fill*         0x00000000080075e2        0x2 
 .text.xQueueGenericSend
                0x00000000080075e4      0x1fc ./Middlewares/Third_Party/FreeRTOS/Source/queue.o
                0x00000000080075e4                xQueueGenericSend
 .text.xQueueGenericSendFromISR
                0x00000000080077e0      0x136 ./Middlewares/Third_Party/FreeRTOS/Source/queue.o
                0x00000000080077e0                xQueueGenericSendFromISR
 .text.xQueueGiveFromISR
                0x0000000008007916      0x11a ./Middlewares/Third_Party/FreeRTOS/Source/queue.o
                0x0000000008007916                xQueueGiveFromISR
 .text.xQueueReceive
                0x0000000008007a30      0x1c0 ./Middlewares/Third_Party/FreeRTOS/Source/queue.o
                0x0000000008007a30                xQueueReceive
 .text.xQueueSemaphoreTake
                0x0000000008007bf0      0x218 ./Middlewares/Third_Party/FreeRTOS/Source/queue.o
                0x0000000008007bf0                xQueueSemaphoreTake
 .text.prvGetDisinheritPriorityAfterTimeout
                0x0000000008007e08       0x30 ./Middlewares/Third_Party/FreeRTOS/Source/queue.o
 .text.prvCopyDataToQueue
                0x0000000008007e38       0xd4 ./Middlewares/Third_Party/FreeRTOS/Source/queue.o
 .text.prvCopyDataFromQueue
                0x0000000008007f0c       0x4c ./Middlewares/Third_Party/FreeRTOS/Source/queue.o
 .text.prvUnlockQueue
                0x0000000008007f58       0xa4 ./Middlewares/Third_Party/FreeRTOS/Source/queue.o
 .text.prvIsQueueEmpty
                0x0000000008007ffc       0x2c ./Middlewares/Third_Party/FreeRTOS/Source/queue.o
 .text.prvIsQueueFull
                0x0000000008008028       0x30 ./Middlewares/Third_Party/FreeRTOS/Source/queue.o
 .text.vQueueAddToRegistry
                0x0000000008008058       0x54 ./Middlewares/Third_Party/FreeRTOS/Source/queue.o
                0x0000000008008058                vQueueAddToRegistry
 .text.vQueueWaitForMessageRestricted
                0x00000000080080ac       0x68 ./Middlewares/Third_Party/FreeRTOS/Source/queue.o
                0x00000000080080ac                vQueueWaitForMessageRestricted
 .text.xStreamBufferGenericCreate
                0x0000000008008114       0xb6 ./Middlewares/Third_Party/FreeRTOS/Source/stream_buffer.o
                0x0000000008008114                xStreamBufferGenericCreate
 .text.xStreamBufferSpacesAvailable
                0x00000000080081ca       0x66 ./Middlewares/Third_Party/FreeRTOS/Source/stream_buffer.o
                0x00000000080081ca                xStreamBufferSpacesAvailable
 .text.xStreamBufferSend
                0x0000000008008230      0x16a ./Middlewares/Third_Party/FreeRTOS/Source/stream_buffer.o
                0x0000000008008230                xStreamBufferSend
 .text.xStreamBufferSendFromISR
                0x000000000800839a       0xe2 ./Middlewares/Third_Party/FreeRTOS/Source/stream_buffer.o
                0x000000000800839a                xStreamBufferSendFromISR
 .text.prvWriteMessageToBuffer
                0x000000000800847c       0x7a ./Middlewares/Third_Party/FreeRTOS/Source/stream_buffer.o
 .text.xStreamBufferReceive
                0x00000000080084f6      0x12a ./Middlewares/Third_Party/FreeRTOS/Source/stream_buffer.o
                0x00000000080084f6                xStreamBufferReceive
 .text.prvReadMessageFromBuffer
                0x0000000008008620       0x64 ./Middlewares/Third_Party/FreeRTOS/Source/stream_buffer.o
 .text.prvWriteBytesToBuffer
                0x0000000008008684       0xe4 ./Middlewares/Third_Party/FreeRTOS/Source/stream_buffer.o
 .text.prvReadBytesFromBuffer
                0x0000000008008768       0xf4 ./Middlewares/Third_Party/FreeRTOS/Source/stream_buffer.o
 .text.prvBytesInBuffer
                0x000000000800885c       0x40 ./Middlewares/Third_Party/FreeRTOS/Source/stream_buffer.o
 .text.prvInitialiseNewStreamBuffer
                0x000000000800889c       0x66 ./Middlewares/Third_Party/FreeRTOS/Source/stream_buffer.o
 .text.xTaskCreateStatic
                0x0000000008008902       0xba ./Middlewares/Third_Party/FreeRTOS/Source/tasks.o
                0x0000000008008902                xTaskCreateStatic
 .text.xTaskCreate
                0x00000000080089bc       0x8a ./Middlewares/Third_Party/FreeRTOS/Source/tasks.o
                0x00000000080089bc                xTaskCreate
 *fill*         0x0000000008008a46        0x2 
 .text.prvInitialiseNewTask
                0x0000000008008a48      0x14c ./Middlewares/Third_Party/FreeRTOS/Source/tasks.o
 .text.prvAddNewTaskToReadyList
                0x0000000008008b94       0xe0 ./Middlewares/Third_Party/FreeRTOS/Source/tasks.o
 .text.eTaskGetState
                0x0000000008008c74       0xcc ./Middlewares/Third_Party/FreeRTOS/Source/tasks.o
                0x0000000008008c74                eTaskGetState
 .text.vTaskStartScheduler
                0x0000000008008d40       0xe0 ./Middlewares/Third_Party/FreeRTOS/Source/tasks.o
                0x0000000008008d40                vTaskStartScheduler
 .text.vTaskSuspendAll
                0x0000000008008e20       0x1c ./Middlewares/Third_Party/FreeRTOS/Source/tasks.o
                0x0000000008008e20                vTaskSuspendAll
 .text.xTaskResumeAll
                0x0000000008008e3c      0x13c ./Middlewares/Third_Party/FreeRTOS/Source/tasks.o
                0x0000000008008e3c                xTaskResumeAll
 .text.xTaskGetTickCount
                0x0000000008008f78       0x20 ./Middlewares/Third_Party/FreeRTOS/Source/tasks.o
                0x0000000008008f78                xTaskGetTickCount
 .text.uxTaskGetSystemState
                0x0000000008008f98      0x11c ./Middlewares/Third_Party/FreeRTOS/Source/tasks.o
                0x0000000008008f98                uxTaskGetSystemState
 .text.xTaskIncrementTick
                0x00000000080090b4      0x174 ./Middlewares/Third_Party/FreeRTOS/Source/tasks.o
                0x00000000080090b4                xTaskIncrementTick
 .text.vTaskSwitchContext
                0x0000000008009228       0xc8 ./Middlewares/Third_Party/FreeRTOS/Source/tasks.o
                0x0000000008009228                vTaskSwitchContext
 .text.vTaskPlaceOnEventList
                0x00000000080092f0       0x48 ./Middlewares/Third_Party/FreeRTOS/Source/tasks.o
                0x00000000080092f0                vTaskPlaceOnEventList
 .text.vTaskPlaceOnEventListRestricted
                0x0000000008009338       0x58 ./Middlewares/Third_Party/FreeRTOS/Source/tasks.o
                0x0000000008009338                vTaskPlaceOnEventListRestricted
 .text.xTaskRemoveFromEventList
                0x0000000008009390       0xc8 ./Middlewares/Third_Party/FreeRTOS/Source/tasks.o
                0x0000000008009390                xTaskRemoveFromEventList
 .text.vTaskSetTimeOutState
                0x0000000008009458       0x4c ./Middlewares/Third_Party/FreeRTOS/Source/tasks.o
                0x0000000008009458                vTaskSetTimeOutState
 .text.vTaskInternalSetTimeOutState
                0x00000000080094a4       0x2c ./Middlewares/Third_Party/FreeRTOS/Source/tasks.o
                0x00000000080094a4                vTaskInternalSetTimeOutState
 .text.xTaskCheckForTimeOut
                0x00000000080094d0       0xc4 ./Middlewares/Third_Party/FreeRTOS/Source/tasks.o
                0x00000000080094d0                xTaskCheckForTimeOut
 .text.vTaskMissedYield
                0x0000000008009594       0x18 ./Middlewares/Third_Party/FreeRTOS/Source/tasks.o
                0x0000000008009594                vTaskMissedYield
 .text.prvIdleTask
                0x00000000080095ac       0x30 ./Middlewares/Third_Party/FreeRTOS/Source/tasks.o
 .text.prvInitialiseTaskLists
                0x00000000080095dc       0x80 ./Middlewares/Third_Party/FreeRTOS/Source/tasks.o
 .text.prvCheckTasksWaitingTermination
                0x000000000800965c       0x5c ./Middlewares/Third_Party/FreeRTOS/Source/tasks.o
 .text.vTaskGetInfo
                0x00000000080096b8       0xcc ./Middlewares/Third_Party/FreeRTOS/Source/tasks.o
                0x00000000080096b8                vTaskGetInfo
 .text.prvListTasksWithinSingleList
                0x0000000008009784       0xa4 ./Middlewares/Third_Party/FreeRTOS/Source/tasks.o
 .text.prvTaskCheckFreeStackSpace
                0x0000000008009828       0x38 ./Middlewares/Third_Party/FreeRTOS/Source/tasks.o
 .text.prvDeleteTCB
                0x0000000008009860       0x68 ./Middlewares/Third_Party/FreeRTOS/Source/tasks.o
 .text.prvResetNextTaskUnblockTime
                0x00000000080098c8       0x40 ./Middlewares/Third_Party/FreeRTOS/Source/tasks.o
 .text.xTaskGetCurrentTaskHandle
                0x0000000008009908       0x20 ./Middlewares/Third_Party/FreeRTOS/Source/tasks.o
                0x0000000008009908                xTaskGetCurrentTaskHandle
 .text.xTaskGetSchedulerState
                0x0000000008009928       0x3c ./Middlewares/Third_Party/FreeRTOS/Source/tasks.o
                0x0000000008009928                xTaskGetSchedulerState
 .text.xTaskPriorityInherit
                0x0000000008009964       0xd0 ./Middlewares/Third_Party/FreeRTOS/Source/tasks.o
                0x0000000008009964                xTaskPriorityInherit
 .text.xTaskPriorityDisinherit
                0x0000000008009a34       0xdc ./Middlewares/Third_Party/FreeRTOS/Source/tasks.o
                0x0000000008009a34                xTaskPriorityDisinherit
 .text.vTaskPriorityDisinheritAfterTimeout
                0x0000000008009b10      0x104 ./Middlewares/Third_Party/FreeRTOS/Source/tasks.o
                0x0000000008009b10                vTaskPriorityDisinheritAfterTimeout
 .text.prvWriteNameToBuffer
                0x0000000008009c14       0x4a ./Middlewares/Third_Party/FreeRTOS/Source/tasks.o
 *fill*         0x0000000008009c5e        0x2 
 .text.vTaskList
                0x0000000008009c60      0x12c ./Middlewares/Third_Party/FreeRTOS/Source/tasks.o
                0x0000000008009c60                vTaskList
 .text.pvTaskIncrementMutexHeldCount
                0x0000000008009d8c       0x28 ./Middlewares/Third_Party/FreeRTOS/Source/tasks.o
                0x0000000008009d8c                pvTaskIncrementMutexHeldCount
 .text.xTaskNotifyWait
                0x0000000008009db4       0xc0 ./Middlewares/Third_Party/FreeRTOS/Source/tasks.o
                0x0000000008009db4                xTaskNotifyWait
 .text.xTaskGenericNotify
                0x0000000008009e74      0x17c ./Middlewares/Third_Party/FreeRTOS/Source/tasks.o
                0x0000000008009e74                xTaskGenericNotify
 .text.xTaskGenericNotifyFromISR
                0x0000000008009ff0      0x1c8 ./Middlewares/Third_Party/FreeRTOS/Source/tasks.o
                0x0000000008009ff0                xTaskGenericNotifyFromISR
 .text.xTaskNotifyStateClear
                0x000000000800a1b8       0x4c ./Middlewares/Third_Party/FreeRTOS/Source/tasks.o
                0x000000000800a1b8                xTaskNotifyStateClear
 .text.prvAddCurrentTaskToDelayedList
                0x000000000800a204       0xa8 ./Middlewares/Third_Party/FreeRTOS/Source/tasks.o
 .text.xTimerCreateTimerTask
                0x000000000800a2ac       0x90 ./Middlewares/Third_Party/FreeRTOS/Source/timers.o
                0x000000000800a2ac                xTimerCreateTimerTask
 .text.xTimerGenericCommand
                0x000000000800a33c       0x9c ./Middlewares/Third_Party/FreeRTOS/Source/timers.o
                0x000000000800a33c                xTimerGenericCommand
 .text.prvProcessExpiredTimer
                0x000000000800a3d8       0x98 ./Middlewares/Third_Party/FreeRTOS/Source/timers.o
 .text.prvTimerTask
                0x000000000800a470       0x24 ./Middlewares/Third_Party/FreeRTOS/Source/timers.o
 .text.prvProcessTimerOrBlockTask
                0x000000000800a494       0x9c ./Middlewares/Third_Party/FreeRTOS/Source/timers.o
 .text.prvGetNextExpireTime
                0x000000000800a530       0x48 ./Middlewares/Third_Party/FreeRTOS/Source/timers.o
 .text.prvSampleTimeNow
                0x000000000800a578       0x40 ./Middlewares/Third_Party/FreeRTOS/Source/timers.o
 .text.prvInsertTimerInActiveList
                0x000000000800a5b8       0x84 ./Middlewares/Third_Party/FreeRTOS/Source/timers.o
 .text.prvProcessReceivedCommands
                0x000000000800a63c      0x1c4 ./Middlewares/Third_Party/FreeRTOS/Source/timers.o
 .text.prvSwitchTimerLists
                0x000000000800a800       0xc8 ./Middlewares/Third_Party/FreeRTOS/Source/timers.o
 .text.prvCheckForValidListAndQueue
                0x000000000800a8c8       0x80 ./Middlewares/Third_Party/FreeRTOS/Source/timers.o
 .text.pxPortInitialiseStack
                0x000000000800a948       0x68 ./Middlewares/Third_Party/FreeRTOS/Source/portable/GCC/ARM_CM4F/port.o
                0x000000000800a948                pxPortInitialiseStack
 .text.prvTaskExitError
                0x000000000800a9b0       0x58 ./Middlewares/Third_Party/FreeRTOS/Source/portable/GCC/ARM_CM4F/port.o
 *fill*         0x000000000800aa08        0x8 
 .text.SVC_Handler
                0x000000000800aa10       0x28 ./Middlewares/Third_Party/FreeRTOS/Source/portable/GCC/ARM_CM4F/port.o
                0x000000000800aa10                SVC_Handler
 .text.prvPortStartFirstTask
                0x000000000800aa38       0x28 ./Middlewares/Third_Party/FreeRTOS/Source/portable/GCC/ARM_CM4F/port.o
 .text.xPortStartScheduler
                0x000000000800aa60      0x144 ./Middlewares/Third_Party/FreeRTOS/Source/portable/GCC/ARM_CM4F/port.o
                0x000000000800aa60                xPortStartScheduler
 .text.vPortEnterCritical
                0x000000000800aba4       0x60 ./Middlewares/Third_Party/FreeRTOS/Source/portable/GCC/ARM_CM4F/port.o
                0x000000000800aba4                vPortEnterCritical
 .text.vPortExitCritical
                0x000000000800ac04       0x54 ./Middlewares/Third_Party/FreeRTOS/Source/portable/GCC/ARM_CM4F/port.o
                0x000000000800ac04                vPortExitCritical
 *fill*         0x000000000800ac58        0x8 
 .text.PendSV_Handler
                0x000000000800ac60       0x68 ./Middlewares/Third_Party/FreeRTOS/Source/portable/GCC/ARM_CM4F/port.o
                0x000000000800ac60                PendSV_Handler
 .text.xPortSysTickHandler
                0x000000000800acc8       0x44 ./Middlewares/Third_Party/FreeRTOS/Source/portable/GCC/ARM_CM4F/port.o
                0x000000000800acc8                xPortSysTickHandler
 .text.vPortSetupTimerInterrupt
                0x000000000800ad0c       0x48 ./Middlewares/Third_Party/FreeRTOS/Source/portable/GCC/ARM_CM4F/port.o
                0x000000000800ad0c                vPortSetupTimerInterrupt
 .text.vPortEnableVFP
                0x000000000800ad54       0x14 ./Middlewares/Third_Party/FreeRTOS/Source/portable/GCC/ARM_CM4F/port.o
 .text.vPortValidateInterruptPriority
                0x000000000800ad68       0x80 ./Middlewares/Third_Party/FreeRTOS/Source/portable/GCC/ARM_CM4F/port.o
                0x000000000800ad68                vPortValidateInterruptPriority
 .text.pvPortMalloc
                0x000000000800ade8      0x198 ./Middlewares/Third_Party/FreeRTOS/Source/portable/MemMang/heap_4.o
                0x000000000800ade8                pvPortMalloc
 .text.vPortFree
                0x000000000800af80       0xc4 ./Middlewares/Third_Party/FreeRTOS/Source/portable/MemMang/heap_4.o
                0x000000000800af80                vPortFree
 .text.prvHeapInit
                0x000000000800b044       0xc4 ./Middlewares/Third_Party/FreeRTOS/Source/portable/MemMang/heap_4.o
 .text.prvInsertBlockIntoFreeList
                0x000000000800b108       0xb4 ./Middlewares/Third_Party/FreeRTOS/Source/portable/MemMang/heap_4.o
 .text.MX_USB_DEVICE_Init
                0x000000000800b1bc       0x60 ./USB_DEVICE/App/usb_device.o
                0x000000000800b1bc                MX_USB_DEVICE_Init
 .text.CDC_Init_FS
                0x000000000800b21c       0x28 ./USB_DEVICE/App/usbd_cdc_if.o
 .text.CDC_DeInit_FS
                0x000000000800b244       0x10 ./USB_DEVICE/App/usbd_cdc_if.o
 .text.CDC_Control_FS
                0x000000000800b254       0xbc ./USB_DEVICE/App/usbd_cdc_if.o
 .text.CDC_Receive_FS
                0x000000000800b310       0x5c ./USB_DEVICE/App/usbd_cdc_if.o
 .text.CDC_Transmit_FS
                0x000000000800b36c       0x90 ./USB_DEVICE/App/usbd_cdc_if.o
                0x000000000800b36c                CDC_Transmit_FS
 .text.CDC_TransmitCplt_FS
                0x000000000800b3fc       0x50 ./USB_DEVICE/App/usbd_cdc_if.o
 .text.init_usb_rtos_obj
                0x000000000800b44c       0x84 ./USB_DEVICE/App/usbd_cdc_if.o
                0x000000000800b44c                init_usb_rtos_obj
 .text.receive_usb_data
                0x000000000800b4d0       0x28 ./USB_DEVICE/App/usbd_cdc_if.o
                0x000000000800b4d0                receive_usb_data
 .text.queue_print_usb
                0x000000000800b4f8       0x50 ./USB_DEVICE/App/usbd_cdc_if.o
                0x000000000800b4f8                queue_print_usb
 .text.Print_Task
                0x000000000800b548       0x4c ./USB_DEVICE/App/usbd_cdc_if.o
                0x000000000800b548                Print_Task
 .text.USBD_FS_DeviceDescriptor
                0x000000000800b594       0x24 ./USB_DEVICE/App/usbd_desc.o
                0x000000000800b594                USBD_FS_DeviceDescriptor
 .text.USBD_FS_LangIDStrDescriptor
                0x000000000800b5b8       0x24 ./USB_DEVICE/App/usbd_desc.o
                0x000000000800b5b8                USBD_FS_LangIDStrDescriptor
 .text.USBD_FS_ProductStrDescriptor
                0x000000000800b5dc       0x3c ./USB_DEVICE/App/usbd_desc.o
                0x000000000800b5dc                USBD_FS_ProductStrDescriptor
 .text.USBD_FS_ManufacturerStrDescriptor
                0x000000000800b618       0x28 ./USB_DEVICE/App/usbd_desc.o
                0x000000000800b618                USBD_FS_ManufacturerStrDescriptor
 .text.USBD_FS_SerialStrDescriptor
                0x000000000800b640       0x24 ./USB_DEVICE/App/usbd_desc.o
                0x000000000800b640                USBD_FS_SerialStrDescriptor
 .text.USBD_FS_ConfigStrDescriptor
                0x000000000800b664       0x3c ./USB_DEVICE/App/usbd_desc.o
                0x000000000800b664                USBD_FS_ConfigStrDescriptor
 .text.USBD_FS_InterfaceStrDescriptor
                0x000000000800b6a0       0x3c ./USB_DEVICE/App/usbd_desc.o
                0x000000000800b6a0                USBD_FS_InterfaceStrDescriptor
 .text.Get_SerialNum
                0x000000000800b6dc       0x58 ./USB_DEVICE/App/usbd_desc.o
 .text.IntToUnicode
                0x000000000800b734       0x7e ./USB_DEVICE/App/usbd_desc.o
 *fill*         0x000000000800b7b2        0x2 
 .text.HAL_PCD_MspInit
                0x000000000800b7b4       0xc4 ./USB_DEVICE/Target/usbd_conf.o
                0x000000000800b7b4                HAL_PCD_MspInit
 .text.HAL_PCD_SetupStageCallback
                0x000000000800b878       0x24 ./USB_DEVICE/Target/usbd_conf.o
                0x000000000800b878                HAL_PCD_SetupStageCallback
 .text.HAL_PCD_DataOutStageCallback
                0x000000000800b89c       0x36 ./USB_DEVICE/Target/usbd_conf.o
                0x000000000800b89c                HAL_PCD_DataOutStageCallback
 .text.HAL_PCD_DataInStageCallback
                0x000000000800b8d2       0x34 ./USB_DEVICE/Target/usbd_conf.o
                0x000000000800b8d2                HAL_PCD_DataInStageCallback
 .text.HAL_PCD_SOFCallback
                0x000000000800b906       0x1c ./USB_DEVICE/Target/usbd_conf.o
                0x000000000800b906                HAL_PCD_SOFCallback
 .text.HAL_PCD_ResetCallback
                0x000000000800b922       0x50 ./USB_DEVICE/Target/usbd_conf.o
                0x000000000800b922                HAL_PCD_ResetCallback
 *fill*         0x000000000800b972        0x2 
 .text.HAL_PCD_SuspendCallback
                0x000000000800b974       0x4c ./USB_DEVICE/Target/usbd_conf.o
                0x000000000800b974                HAL_PCD_SuspendCallback
 .text.HAL_PCD_ResumeCallback
                0x000000000800b9c0       0x1c ./USB_DEVICE/Target/usbd_conf.o
                0x000000000800b9c0                HAL_PCD_ResumeCallback
 .text.HAL_PCD_ISOOUTIncompleteCallback
                0x000000000800b9dc       0x24 ./USB_DEVICE/Target/usbd_conf.o
                0x000000000800b9dc                HAL_PCD_ISOOUTIncompleteCallback
 .text.HAL_PCD_ISOINIncompleteCallback
                0x000000000800ba00       0x24 ./USB_DEVICE/Target/usbd_conf.o
                0x000000000800ba00                HAL_PCD_ISOINIncompleteCallback
 .text.HAL_PCD_ConnectCallback
                0x000000000800ba24       0x1c ./USB_DEVICE/Target/usbd_conf.o
                0x000000000800ba24                HAL_PCD_ConnectCallback
 .text.HAL_PCD_DisconnectCallback
                0x000000000800ba40       0x1c ./USB_DEVICE/Target/usbd_conf.o
                0x000000000800ba40                HAL_PCD_DisconnectCallback
 .text.USBD_LL_Init
                0x000000000800ba5c       0x98 ./USB_DEVICE/Target/usbd_conf.o
                0x000000000800ba5c                USBD_LL_Init
 .text.USBD_LL_Start
                0x000000000800baf4       0x36 ./USB_DEVICE/Target/usbd_conf.o
                0x000000000800baf4                USBD_LL_Start
 .text.USBD_LL_OpenEP
                0x000000000800bb2a       0x4c ./USB_DEVICE/Target/usbd_conf.o
                0x000000000800bb2a                USBD_LL_OpenEP
 .text.USBD_LL_CloseEP
                0x000000000800bb76       0x3e ./USB_DEVICE/Target/usbd_conf.o
                0x000000000800bb76                USBD_LL_CloseEP
 .text.USBD_LL_StallEP
                0x000000000800bbb4       0x3e ./USB_DEVICE/Target/usbd_conf.o
                0x000000000800bbb4                USBD_LL_StallEP
 .text.USBD_LL_ClearStallEP
                0x000000000800bbf2       0x3e ./USB_DEVICE/Target/usbd_conf.o
                0x000000000800bbf2                USBD_LL_ClearStallEP
 .text.USBD_LL_IsStallEP
                0x000000000800bc30       0x58 ./USB_DEVICE/Target/usbd_conf.o
                0x000000000800bc30                USBD_LL_IsStallEP
 .text.USBD_LL_SetUSBAddress
                0x000000000800bc88       0x3e ./USB_DEVICE/Target/usbd_conf.o
                0x000000000800bc88                USBD_LL_SetUSBAddress
 .text.USBD_LL_Transmit
                0x000000000800bcc6       0x42 ./USB_DEVICE/Target/usbd_conf.o
                0x000000000800bcc6                USBD_LL_Transmit
 .text.USBD_LL_PrepareReceive
                0x000000000800bd08       0x42 ./USB_DEVICE/Target/usbd_conf.o
                0x000000000800bd08                USBD_LL_PrepareReceive
 .text.USBD_LL_GetRxDataSize
                0x000000000800bd4a       0x26 ./USB_DEVICE/Target/usbd_conf.o
                0x000000000800bd4a                USBD_LL_GetRxDataSize
 .text.USBD_static_malloc
                0x000000000800bd70       0x1c ./USB_DEVICE/Target/usbd_conf.o
                0x000000000800bd70                USBD_static_malloc
 .text.USBD_static_free
                0x000000000800bd8c       0x14 ./USB_DEVICE/Target/usbd_conf.o
                0x000000000800bd8c                USBD_static_free
 .text.USBD_Get_USB_Status
                0x000000000800bda0       0x58 ./USB_DEVICE/Target/usbd_conf.o
                0x000000000800bda0                USBD_Get_USB_Status
 .text.__errno  0x000000000800bdf8        0xc /Applications/STM32CubeIDE.app/Contents/Eclipse/plugins/com.st.stm32cube.ide.mcu.externaltools.gnu-tools-for-stm32.10.3-2021.10.macos64_1.0.100.202210260954/tools/bin/../lib/gcc/arm-none-eabi/10.3.1/../../../../arm-none-eabi/lib/thumb/v7e-m+fp/hard/libc_nano.a(lib_a-errno.o)
                0x000000000800bdf8                __errno
 .text.__libc_init_array
                0x000000000800be04       0x48 /Applications/STM32CubeIDE.app/Contents/Eclipse/plugins/com.st.stm32cube.ide.mcu.externaltools.gnu-tools-for-stm32.10.3-2021.10.macos64_1.0.100.202210260954/tools/bin/../lib/gcc/arm-none-eabi/10.3.1/../../../../arm-none-eabi/lib/thumb/v7e-m+fp/hard/libc_nano.a(lib_a-init.o)
                0x000000000800be04                __libc_init_array
 .text.__retarget_lock_acquire_recursive
                0x000000000800be4c        0x2 /Applications/STM32CubeIDE.app/Contents/Eclipse/plugins/com.st.stm32cube.ide.mcu.externaltools.gnu-tools-for-stm32.10.3-2021.10.macos64_1.0.100.202210260954/tools/bin/../lib/gcc/arm-none-eabi/10.3.1/../../../../arm-none-eabi/lib/thumb/v7e-m+fp/hard/libc_nano.a(lib_a-lock.o)
                0x000000000800be4c                __retarget_lock_acquire_recursive
 .text.__retarget_lock_release_recursive
                0x000000000800be4e        0x2 /Applications/STM32CubeIDE.app/Contents/Eclipse/plugins/com.st.stm32cube.ide.mcu.externaltools.gnu-tools-for-stm32.10.3-2021.10.macos64_1.0.100.202210260954/tools/bin/../lib/gcc/arm-none-eabi/10.3.1/../../../../arm-none-eabi/lib/thumb/v7e-m+fp/hard/libc_nano.a(lib_a-lock.o)
                0x000000000800be4e                __retarget_lock_release_recursive
 .text.memcpy   0x000000000800be50       0x1c /Applications/STM32CubeIDE.app/Contents/Eclipse/plugins/com.st.stm32cube.ide.mcu.externaltools.gnu-tools-for-stm32.10.3-2021.10.macos64_1.0.100.202210260954/tools/bin/../lib/gcc/arm-none-eabi/10.3.1/../../../../arm-none-eabi/lib/thumb/v7e-m+fp/hard/libc_nano.a(lib_a-memcpy-stub.o)
                0x000000000800be50                memcpy
 .text.memset   0x000000000800be6c       0x10 /Applications/STM32CubeIDE.app/Contents/Eclipse/plugins/com.st.stm32cube.ide.mcu.externaltools.gnu-tools-for-stm32.10.3-2021.10.macos64_1.0.100.202210260954/tools/bin/../lib/gcc/arm-none-eabi/10.3.1/../../../../arm-none-eabi/lib/thumb/v7e-m+fp/hard/libc_nano.a(lib_a-memset.o)
                0x000000000800be6c                memset
 .text.sbrk_aligned
                0x000000000800be7c       0x40 /Applications/STM32CubeIDE.app/Contents/Eclipse/plugins/com.st.stm32cube.ide.mcu.externaltools.gnu-tools-for-stm32.10.3-2021.10.macos64_1.0.100.202210260954/tools/bin/../lib/gcc/arm-none-eabi/10.3.1/../../../../arm-none-eabi/lib/thumb/v7e-m+fp/hard/libc_nano.a(lib_a-nano-mallocr.o)
 .text._malloc_r
                0x000000000800bebc       0xe8 /Applications/STM32CubeIDE.app/Contents/Eclipse/plugins/com.st.stm32cube.ide.mcu.externaltools.gnu-tools-for-stm32.10.3-2021.10.macos64_1.0.100.202210260954/tools/bin/../lib/gcc/arm-none-eabi/10.3.1/../../../../arm-none-eabi/lib/thumb/v7e-m+fp/hard/libc_nano.a(lib_a-nano-mallocr.o)
                0x000000000800bebc                _malloc_r
 .text.cleanup_glue
                0x000000000800bfa4       0x1a /Applications/STM32CubeIDE.app/Contents/Eclipse/plugins/com.st.stm32cube.ide.mcu.externaltools.gnu-tools-for-stm32.10.3-2021.10.macos64_1.0.100.202210260954/tools/bin/../lib/gcc/arm-none-eabi/10.3.1/../../../../arm-none-eabi/lib/thumb/v7e-m+fp/hard/libc_nano.a(lib_a-reent.o)
                0x000000000800bfa4                cleanup_glue
 *fill*         0x000000000800bfbe        0x2 
 .text._reclaim_reent
                0x000000000800bfc0       0xb8 /Applications/STM32CubeIDE.app/Contents/Eclipse/plugins/com.st.stm32cube.ide.mcu.externaltools.gnu-tools-for-stm32.10.3-2021.10.macos64_1.0.100.202210260954/tools/bin/../lib/gcc/arm-none-eabi/10.3.1/../../../../arm-none-eabi/lib/thumb/v7e-m+fp/hard/libc_nano.a(lib_a-reent.o)
                0x000000000800bfc0                _reclaim_reent
 .text._sbrk_r  0x000000000800c078       0x20 /Applications/STM32CubeIDE.app/Contents/Eclipse/plugins/com.st.stm32cube.ide.mcu.externaltools.gnu-tools-for-stm32.10.3-2021.10.macos64_1.0.100.202210260954/tools/bin/../lib/gcc/arm-none-eabi/10.3.1/../../../../arm-none-eabi/lib/thumb/v7e-m+fp/hard/libc_nano.a(lib_a-sbrkr.o)
                0x000000000800c078                _sbrk_r
 .text.sprintf  0x000000000800c098       0x40 /Applications/STM32CubeIDE.app/Contents/Eclipse/plugins/com.st.stm32cube.ide.mcu.externaltools.gnu-tools-for-stm32.10.3-2021.10.macos64_1.0.100.202210260954/tools/bin/../lib/gcc/arm-none-eabi/10.3.1/../../../../arm-none-eabi/lib/thumb/v7e-m+fp/hard/libc_nano.a(lib_a-sprintf.o)
                0x000000000800c098                sprintf
                0x000000000800c098                siprintf
 .text.strcpy   0x000000000800c0d8       0x10 /Applications/STM32CubeIDE.app/Contents/Eclipse/plugins/com.st.stm32cube.ide.mcu.externaltools.gnu-tools-for-stm32.10.3-2021.10.macos64_1.0.100.202210260954/tools/bin/../lib/gcc/arm-none-eabi/10.3.1/../../../../arm-none-eabi/lib/thumb/v7e-m+fp/hard/libc_nano.a(lib_a-strcpy.o)
                0x000000000800c0d8                strcpy
 .text.strncmp  0x000000000800c0e8       0x28 /Applications/STM32CubeIDE.app/Contents/Eclipse/plugins/com.st.stm32cube.ide.mcu.externaltools.gnu-tools-for-stm32.10.3-2021.10.macos64_1.0.100.202210260954/tools/bin/../lib/gcc/arm-none-eabi/10.3.1/../../../../arm-none-eabi/lib/thumb/v7e-m+fp/hard/libc_nano.a(lib_a-strncmp.o)
                0x000000000800c0e8                strncmp
 .text.strncpy  0x000000000800c110       0x26 /Applications/STM32CubeIDE.app/Contents/Eclipse/plugins/com.st.stm32cube.ide.mcu.externaltools.gnu-tools-for-stm32.10.3-2021.10.macos64_1.0.100.202210260954/tools/bin/../lib/gcc/arm-none-eabi/10.3.1/../../../../arm-none-eabi/lib/thumb/v7e-m+fp/hard/libc_nano.a(lib_a-strncpy.o)
                0x000000000800c110                strncpy
 *fill*         0x000000000800c136        0x2 
 .text.__malloc_lock
                0x000000000800c138        0xc /Applications/STM32CubeIDE.app/Contents/Eclipse/plugins/com.st.stm32cube.ide.mcu.externaltools.gnu-tools-for-stm32.10.3-2021.10.macos64_1.0.100.202210260954/tools/bin/../lib/gcc/arm-none-eabi/10.3.1/../../../../arm-none-eabi/lib/thumb/v7e-m+fp/hard/libc_nano.a(lib_a-mlock.o)
                0x000000000800c138                __malloc_lock
 .text.__malloc_unlock
                0x000000000800c144        0xc /Applications/STM32CubeIDE.app/Contents/Eclipse/plugins/com.st.stm32cube.ide.mcu.externaltools.gnu-tools-for-stm32.10.3-2021.10.macos64_1.0.100.202210260954/tools/bin/../lib/gcc/arm-none-eabi/10.3.1/../../../../arm-none-eabi/lib/thumb/v7e-m+fp/hard/libc_nano.a(lib_a-mlock.o)
                0x000000000800c144                __malloc_unlock
 .text._free_r  0x000000000800c150       0x98 /Applications/STM32CubeIDE.app/Contents/Eclipse/plugins/com.st.stm32cube.ide.mcu.externaltools.gnu-tools-for-stm32.10.3-2021.10.macos64_1.0.100.202210260954/tools/bin/../lib/gcc/arm-none-eabi/10.3.1/../../../../arm-none-eabi/lib/thumb/v7e-m+fp/hard/libc_nano.a(lib_a-nano-freer.o)
                0x000000000800c150                _free_r
 .text.__ssputs_r
                0x000000000800c1e8       0xb6 /Applications/STM32CubeIDE.app/Contents/Eclipse/plugins/com.st.stm32cube.ide.mcu.externaltools.gnu-tools-for-stm32.10.3-2021.10.macos64_1.0.100.202210260954/tools/bin/../lib/gcc/arm-none-eabi/10.3.1/../../../../arm-none-eabi/lib/thumb/v7e-m+fp/hard/libc_nano.a(lib_a-nano-svfprintf.o)
                0x000000000800c1e8                __ssputs_r
 *fill*         0x000000000800c29e        0x2 
 .text._svfprintf_r
                0x000000000800c2a0      0x200 /Applications/STM32CubeIDE.app/Contents/Eclipse/plugins/com.st.stm32cube.ide.mcu.externaltools.gnu-tools-for-stm32.10.3-2021.10.macos64_1.0.100.202210260954/tools/bin/../lib/gcc/arm-none-eabi/10.3.1/../../../../arm-none-eabi/lib/thumb/v7e-m+fp/hard/libc_nano.a(lib_a-nano-svfprintf.o)
                0x000000000800c2a0                _svfprintf_r
                0x000000000800c2a0                _svfiprintf_r
 .text._printf_common
                0x000000000800c4a0       0xda /Applications/STM32CubeIDE.app/Contents/Eclipse/plugins/com.st.stm32cube.ide.mcu.externaltools.gnu-tools-for-stm32.10.3-2021.10.macos64_1.0.100.202210260954/tools/bin/../lib/gcc/arm-none-eabi/10.3.1/../../../../arm-none-eabi/lib/thumb/v7e-m+fp/hard/libc_nano.a(lib_a-nano-vfprintf_i.o)
                0x000000000800c4a0                _printf_common
 *fill*         0x000000000800c57a        0x2 
 .text._printf_i
                0x000000000800c57c      0x24c /Applications/STM32CubeIDE.app/Contents/Eclipse/plugins/com.st.stm32cube.ide.mcu.externaltools.gnu-tools-for-stm32.10.3-2021.10.macos64_1.0.100.202210260954/tools/bin/../lib/gcc/arm-none-eabi/10.3.1/../../../../arm-none-eabi/lib/thumb/v7e-m+fp/hard/libc_nano.a(lib_a-nano-vfprintf_i.o)
                0x000000000800c57c                _printf_i
 .text.memmove  0x000000000800c7c8       0x34 /Applications/STM32CubeIDE.app/Contents/Eclipse/plugins/com.st.stm32cube.ide.mcu.externaltools.gnu-tools-for-stm32.10.3-2021.10.macos64_1.0.100.202210260954/tools/bin/../lib/gcc/arm-none-eabi/10.3.1/../../../../arm-none-eabi/lib/thumb/v7e-m+fp/hard/libc_nano.a(lib_a-memmove.o)
                0x000000000800c7c8                memmove
 .text._realloc_r
                0x000000000800c7fc       0x5e /Applications/STM32CubeIDE.app/Contents/Eclipse/plugins/com.st.stm32cube.ide.mcu.externaltools.gnu-tools-for-stm32.10.3-2021.10.macos64_1.0.100.202210260954/tools/bin/../lib/gcc/arm-none-eabi/10.3.1/../../../../arm-none-eabi/lib/thumb/v7e-m+fp/hard/libc_nano.a(lib_a-nano-reallocr.o)
                0x000000000800c7fc                _realloc_r
 .text._malloc_usable_size_r
                0x000000000800c85a       0x10 /Applications/STM32CubeIDE.app/Contents/Eclipse/plugins/com.st.stm32cube.ide.mcu.externaltools.gnu-tools-for-stm32.10.3-2021.10.macos64_1.0.100.202210260954/tools/bin/../lib/gcc/arm-none-eabi/10.3.1/../../../../arm-none-eabi/lib/thumb/v7e-m+fp/hard/libc_nano.a(lib_a-nano-msizer.o)
                0x000000000800c85a                _malloc_usable_size_r
 *(.glue_7)
 .glue_7        0x000000000800c86a        0x0 linker stubs
 *(.glue_7t)
 .glue_7t       0x000000000800c86a        0x0 linker stubs
 *(.eh_frame)
 *fill*         0x000000000800c86a        0x2 
 .eh_frame      0x000000000800c86c        0x0 /Applications/STM32CubeIDE.app/Contents/Eclipse/plugins/com.st.stm32cube.ide.mcu.externaltools.gnu-tools-for-stm32.10.3-2021.10.macos64_1.0.100.202210260954/tools/bin/../lib/gcc/arm-none-eabi/10.3.1/thumb/v7e-m+fp/hard/crtbegin.o
 *(.init)
 .init          0x000000000800c86c        0x4 /Applications/STM32CubeIDE.app/Contents/Eclipse/plugins/com.st.stm32cube.ide.mcu.externaltools.gnu-tools-for-stm32.10.3-2021.10.macos64_1.0.100.202210260954/tools/bin/../lib/gcc/arm-none-eabi/10.3.1/thumb/v7e-m+fp/hard/crti.o
                0x000000000800c86c                _init
 .init          0x000000000800c870        0x8 /Applications/STM32CubeIDE.app/Contents/Eclipse/plugins/com.st.stm32cube.ide.mcu.externaltools.gnu-tools-for-stm32.10.3-2021.10.macos64_1.0.100.202210260954/tools/bin/../lib/gcc/arm-none-eabi/10.3.1/thumb/v7e-m+fp/hard/crtn.o
 *(.fini)
 .fini          0x000000000800c878        0x4 /Applications/STM32CubeIDE.app/Contents/Eclipse/plugins/com.st.stm32cube.ide.mcu.externaltools.gnu-tools-for-stm32.10.3-2021.10.macos64_1.0.100.202210260954/tools/bin/../lib/gcc/arm-none-eabi/10.3.1/thumb/v7e-m+fp/hard/crti.o
                0x000000000800c878                _fini
 .fini          0x000000000800c87c        0x8 /Applications/STM32CubeIDE.app/Contents/Eclipse/plugins/com.st.stm32cube.ide.mcu.externaltools.gnu-tools-for-stm32.10.3-2021.10.macos64_1.0.100.202210260954/tools/bin/../lib/gcc/arm-none-eabi/10.3.1/thumb/v7e-m+fp/hard/crtn.o
                0x000000000800c884                . = ALIGN (0x4)
                0x000000000800c884                _etext = .

.vfp11_veneer   0x000000000800c884        0x0
 .vfp11_veneer  0x000000000800c884        0x0 linker stubs

.v4_bx          0x000000000800c884        0x0
 .v4_bx         0x000000000800c884        0x0 linker stubs

.iplt           0x000000000800c884        0x0
 .iplt          0x000000000800c884        0x0 /Applications/STM32CubeIDE.app/Contents/Eclipse/plugins/com.st.stm32cube.ide.mcu.externaltools.gnu-tools-for-stm32.10.3-2021.10.macos64_1.0.100.202210260954/tools/bin/../lib/gcc/arm-none-eabi/10.3.1/thumb/v7e-m+fp/hard/crtbegin.o

.rodata         0x000000000800c884      0x380
                0x000000000800c884                . = ALIGN (0x4)
 *(.rodata)
 .rodata        0x000000000800c884       0xe0 ./Core/Src/FreeRTOS_CLI.o
 .rodata        0x000000000800c964      0x117 ./Core/Src/cli.o
 *fill*         0x000000000800ca7b        0x1 
 .rodata        0x000000000800ca7c        0xc ./Core/Src/main.o
 .rodata        0x000000000800ca88       0x17 ./Middlewares/Third_Party/FreeRTOS/Source/tasks.o
 *fill*         0x000000000800ca9f        0x1 
 .rodata        0x000000000800caa0        0xd ./Middlewares/Third_Party/FreeRTOS/Source/timers.o
 *fill*         0x000000000800caad        0x3 
 .rodata        0x000000000800cab0        0xb ./USB_DEVICE/App/usbd_cdc_if.o
 *fill*         0x000000000800cabb        0x1 
 .rodata        0x000000000800cabc       0x46 ./USB_DEVICE/App/usbd_desc.o
 *(.rodata*)
 *fill*         0x000000000800cb02        0x2 
 .rodata.xHelpCommand
                0x000000000800cb04       0x10 ./Core/Src/FreeRTOS_CLI.o
 .rodata.xTasksCommand
                0x000000000800cb14       0x10 ./Core/Src/cli.o
 .rodata.xHarmonicsCommand
                0x000000000800cb24       0x10 ./Core/Src/cli.o
 .rodata.defaultTask_attributes
                0x000000000800cb34       0x24 ./Core/Src/main.o
                0x000000000800cb34                defaultTask_attributes
 .rodata.AHBPrescTable
                0x000000000800cb58       0x10 ./Core/Src/system_stm32f4xx.o
                0x000000000800cb58                AHBPrescTable
 .rodata.APBPrescTable
                0x000000000800cb68        0x8 ./Core/Src/system_stm32f4xx.o
                0x000000000800cb68                APBPrescTable
 .rodata.__sf_fake_stderr
                0x000000000800cb70       0x20 /Applications/STM32CubeIDE.app/Contents/Eclipse/plugins/com.st.stm32cube.ide.mcu.externaltools.gnu-tools-for-stm32.10.3-2021.10.macos64_1.0.100.202210260954/tools/bin/../lib/gcc/arm-none-eabi/10.3.1/../../../../arm-none-eabi/lib/thumb/v7e-m+fp/hard/libc_nano.a(lib_a-findfp.o)
                0x000000000800cb70                __sf_fake_stderr
 .rodata.__sf_fake_stdin
                0x000000000800cb90       0x20 /Applications/STM32CubeIDE.app/Contents/Eclipse/plugins/com.st.stm32cube.ide.mcu.externaltools.gnu-tools-for-stm32.10.3-2021.10.macos64_1.0.100.202210260954/tools/bin/../lib/gcc/arm-none-eabi/10.3.1/../../../../arm-none-eabi/lib/thumb/v7e-m+fp/hard/libc_nano.a(lib_a-findfp.o)
                0x000000000800cb90                __sf_fake_stdin
 .rodata.__sf_fake_stdout
                0x000000000800cbb0       0x20 /Applications/STM32CubeIDE.app/Contents/Eclipse/plugins/com.st.stm32cube.ide.mcu.externaltools.gnu-tools-for-stm32.10.3-2021.10.macos64_1.0.100.202210260954/tools/bin/../lib/gcc/arm-none-eabi/10.3.1/../../../../arm-none-eabi/lib/thumb/v7e-m+fp/hard/libc_nano.a(lib_a-findfp.o)
                0x000000000800cbb0                __sf_fake_stdout
 .rodata._svfprintf_r.str1.1
                0x000000000800cbd0       0x11 /Applications/STM32CubeIDE.app/Contents/Eclipse/plugins/com.st.stm32cube.ide.mcu.externaltools.gnu-tools-for-stm32.10.3-2021.10.macos64_1.0.100.202210260954/tools/bin/../lib/gcc/arm-none-eabi/10.3.1/../../../../arm-none-eabi/lib/thumb/v7e-m+fp/hard/libc_nano.a(lib_a-nano-svfprintf.o)
 .rodata._printf_i.str1.1
                0x000000000800cbe1       0x22 /Applications/STM32CubeIDE.app/Contents/Eclipse/plugins/com.st.stm32cube.ide.mcu.externaltools.gnu-tools-for-stm32.10.3-2021.10.macos64_1.0.100.202210260954/tools/bin/../lib/gcc/arm-none-eabi/10.3.1/../../../../arm-none-eabi/lib/thumb/v7e-m+fp/hard/libc_nano.a(lib_a-nano-vfprintf_i.o)
                0x000000000800cc04                . = ALIGN (0x4)
 *fill*         0x000000000800cc03        0x1 

.ARM.extab      0x000000000800cc04        0x0
                0x000000000800cc04                . = ALIGN (0x4)
 *(.ARM.extab* .gnu.linkonce.armextab.*)
                0x000000000800cc04                . = ALIGN (0x4)

.ARM            0x000000000800cc04        0x8
                0x000000000800cc04                . = ALIGN (0x4)
                0x000000000800cc04                __exidx_start = .
 *(.ARM.exidx*)
 .ARM.exidx     0x000000000800cc04        0x8 /Applications/STM32CubeIDE.app/Contents/Eclipse/plugins/com.st.stm32cube.ide.mcu.externaltools.gnu-tools-for-stm32.10.3-2021.10.macos64_1.0.100.202210260954/tools/bin/../lib/gcc/arm-none-eabi/10.3.1/thumb/v7e-m+fp/hard/libgcc.a(_udivmoddi4.o)
                0x000000000800cc0c                __exidx_end = .
                0x000000000800cc0c                . = ALIGN (0x4)

.rel.dyn        0x000000000800cc0c        0x0
 .rel.iplt      0x000000000800cc0c        0x0 /Applications/STM32CubeIDE.app/Contents/Eclipse/plugins/com.st.stm32cube.ide.mcu.externaltools.gnu-tools-for-stm32.10.3-2021.10.macos64_1.0.100.202210260954/tools/bin/../lib/gcc/arm-none-eabi/10.3.1/thumb/v7e-m+fp/hard/crtbegin.o

.preinit_array  0x000000000800cc0c        0x0
                0x000000000800cc0c                . = ALIGN (0x4)
                0x000000000800cc0c                PROVIDE (__preinit_array_start = .)
 *(.preinit_array*)
                0x000000000800cc0c                PROVIDE (__preinit_array_end = .)
                0x000000000800cc0c                . = ALIGN (0x4)

.init_array     0x000000000800cc0c        0x4
                0x000000000800cc0c                . = ALIGN (0x4)
                0x000000000800cc0c                PROVIDE (__init_array_start = .)
 *(SORT_BY_NAME(.init_array.*))
 *(.init_array*)
 .init_array    0x000000000800cc0c        0x4 /Applications/STM32CubeIDE.app/Contents/Eclipse/plugins/com.st.stm32cube.ide.mcu.externaltools.gnu-tools-for-stm32.10.3-2021.10.macos64_1.0.100.202210260954/tools/bin/../lib/gcc/arm-none-eabi/10.3.1/thumb/v7e-m+fp/hard/crtbegin.o
                0x000000000800cc10                PROVIDE (__init_array_end = .)
                0x000000000800cc10                . = ALIGN (0x4)

.fini_array     0x000000000800cc10        0x4
                0x000000000800cc10                . = ALIGN (0x4)
                [!provide]                        PROVIDE (__fini_array_start = .)
 *(SORT_BY_NAME(.fini_array.*))
 *(.fini_array*)
 .fini_array    0x000000000800cc10        0x4 /Applications/STM32CubeIDE.app/Contents/Eclipse/plugins/com.st.stm32cube.ide.mcu.externaltools.gnu-tools-for-stm32.10.3-2021.10.macos64_1.0.100.202210260954/tools/bin/../lib/gcc/arm-none-eabi/10.3.1/thumb/v7e-m+fp/hard/crtbegin.o
                [!provide]                        PROVIDE (__fini_array_end = .)
                0x000000000800cc14                . = ALIGN (0x4)
                0x000000000800cc14                _sidata = LOADADDR (.data)

.data           0x0000000020000000      0x170 load address 0x000000000800cc14
                0x0000000020000000                . = ALIGN (0x4)
                0x0000000020000000                _sdata = .
 *(.data)
 *(.data*)
 .data.xRegisteredCommands
                0x0000000020000000        0x8 ./Core/Src/FreeRTOS_CLI.o
 .data.pxLastCommandInList.2
                0x0000000020000008        0x4 ./Core/Src/FreeRTOS_CLI.o
 .data.SystemCoreClock
                0x000000002000000c        0x4 ./Core/Src/system_stm32f4xx.o
                0x000000002000000c                SystemCoreClock
 .data.uwTickPrio
                0x0000000020000010        0x4 ./Drivers/STM32F4xx_HAL_Driver/Src/stm32f4xx_hal.o
                0x0000000020000010                uwTickPrio
 .data.uwTickFreq
                0x0000000020000014        0x1 ./Drivers/STM32F4xx_HAL_Driver/Src/stm32f4xx_hal.o
                0x0000000020000014                uwTickFreq
 *fill*         0x0000000020000015        0x3 
 .data.USBD_CDC_DeviceQualifierDesc
                0x0000000020000018        0xa ./Middlewares/ST/STM32_USB_Device_Library/Class/CDC/Src/usbd_cdc.o
 *fill*         0x0000000020000022        0x2 
 .data.USBD_CDC
                0x0000000020000024       0x38 ./Middlewares/ST/STM32_USB_Device_Library/Class/CDC/Src/usbd_cdc.o
                0x0000000020000024                USBD_CDC
 .data.USBD_CDC_CfgDesc
                0x000000002000005c       0x43 ./Middlewares/ST/STM32_USB_Device_Library/Class/CDC/Src/usbd_cdc.o
 .data.CDCInEpAdd
                0x000000002000009f        0x1 ./Middlewares/ST/STM32_USB_Device_Library/Class/CDC/Src/usbd_cdc.o
 .data.CDCOutEpAdd
                0x00000000200000a0        0x1 ./Middlewares/ST/STM32_USB_Device_Library/Class/CDC/Src/usbd_cdc.o
 .data.CDCCmdEpAdd
                0x00000000200000a1        0x1 ./Middlewares/ST/STM32_USB_Device_Library/Class/CDC/Src/usbd_cdc.o
 *fill*         0x00000000200000a2        0x2 
 .data.uxCriticalNesting
                0x00000000200000a4        0x4 ./Middlewares/Third_Party/FreeRTOS/Source/portable/GCC/ARM_CM4F/port.o
 .data.USBD_Interface_fops_FS
                0x00000000200000a8       0x14 ./USB_DEVICE/App/usbd_cdc_if.o
                0x00000000200000a8                USBD_Interface_fops_FS
 .data.FS_Desc  0x00000000200000bc       0x1c ./USB_DEVICE/App/usbd_desc.o
                0x00000000200000bc                FS_Desc
 .data.USBD_FS_DeviceDesc
                0x00000000200000d8       0x12 ./USB_DEVICE/App/usbd_desc.o
                0x00000000200000d8                USBD_FS_DeviceDesc
 *fill*         0x00000000200000ea        0x2 
 .data.USBD_LangIDDesc
                0x00000000200000ec        0x4 ./USB_DEVICE/App/usbd_desc.o
                0x00000000200000ec                USBD_LangIDDesc
 .data.USBD_StringSerial
                0x00000000200000f0       0x1a ./USB_DEVICE/App/usbd_desc.o
                0x00000000200000f0                USBD_StringSerial
 *fill*         0x000000002000010a        0x2 
 .data._impure_ptr
                0x000000002000010c        0x4 /Applications/STM32CubeIDE.app/Contents/Eclipse/plugins/com.st.stm32cube.ide.mcu.externaltools.gnu-tools-for-stm32.10.3-2021.10.macos64_1.0.100.202210260954/tools/bin/../lib/gcc/arm-none-eabi/10.3.1/../../../../arm-none-eabi/lib/thumb/v7e-m+fp/hard/libc_nano.a(lib_a-impure.o)
                0x000000002000010c                _impure_ptr
 .data.impure_data