../USB_DEVICE/App/usbd_cdc_if.c:162:15:CDC_Init_FS	8	static
../USB_DEVICE/App/usbd_cdc_if.c:176:15:CDC_DeInit_FS	4	static
../USB_DEVICE/App/usbd_cdc_if.c:190:15:CDC_Control_FS	16	static
../USB_DEVICE/App/usbd_cdc_if.c:271:15:CDC_Receive_FS	24	static,ignoring_inline_asm
../USB_DEVICE/App/usbd_cdc_if.c:296:9:CDC_Transmit_FS	24	static
../USB_DEVICE/App/usbd_cdc_if.c:327:15:CDC_TransmitCplt_FS	32	static,ignoring_inline_asm
../USB_DEVICE/App/usbd_cdc_if.c:343:6:init_usb_rtos_obj	8	static
../USB_DEVICE/App/usbd_cdc_if.c:353:10:is_usb_on	4	static
../USB_DEVICE/App/usbd_cdc_if.c:358:12:CDC_Receiveq_HS	16	static
../USB_DEVICE/App/usbd_cdc_if.c:380:8:receive_usb_data	24	static
../USB_DEVICE/App/usbd_cdc_if.c:384:6:queue_print_usb	24	static
../USB_DEVICE/App/usbd_cdc_if.c:391:6:queue_print	16	static
../USB_DEVICE/App/usbd_cdc_if.c:395:6:Print_Task	792	static
