../USB_DEVICE/App/usbd_cdc_if.c:161:15:CDC_Init_FS	8	static
../USB_DEVICE/App/usbd_cdc_if.c:175:15:CDC_DeInit_FS	4	static
../USB_DEVICE/App/usbd_cdc_if.c:189:15:CDC_Control_FS	16	static
../USB_DEVICE/App/usbd_cdc_if.c:270:15:CDC_Receive_FS	24	static,ignoring_inline_asm
../USB_DEVICE/App/usbd_cdc_if.c:295:9:CDC_Transmit_FS	24	static
../USB_DEVICE/App/usbd_cdc_if.c:326:15:CDC_TransmitCplt_FS	32	static,ignoring_inline_asm
../USB_DEVICE/App/usbd_cdc_if.c:342:6:init_usb_rtos_obj	16	static
../USB_DEVICE/App/usbd_cdc_if.c:354:10:is_usb_on	4	static
../USB_DEVICE/App/usbd_cdc_if.c:359:12:CDC_Receiveq_HS	16	static
../USB_DEVICE/App/usbd_cdc_if.c:381:8:receive_usb_data	24	static
../USB_DEVICE/App/usbd_cdc_if.c:385:6:queue_print_usb	24	static
../USB_DEVICE/App/usbd_cdc_if.c:396:6:Print_Task	792	static
